[0.600s] DEBUG:colcon:Command line arguments: ['/usr/bin/colcon', 'build']
[0.600s] DEBUG:colcon:Parsed command line arguments: Namespace(log_base=None, log_level=None, verb_name='build', build_base='build', install_base='install', merge_install=False, symlink_install=False, test_result_base=None, continue_on_error=False, executor='parallel', parallel_workers=2, event_handlers=None, ignore_user_meta=False, metas=['./colcon.meta'], base_paths=['.'], packages_ignore=None, packages_ignore_regex=None, paths=None, packages_up_to=None, packages_up_to_regex=None, packages_above=None, packages_above_and_dependencies=None, packages_above_depth=None, packages_select_by_dep=None, packages_skip_by_dep=None, packages_skip_up_to=None, packages_select_build_failed=False, packages_skip_build_finished=False, packages_select_test_failures=False, packages_skip_test_passed=False, packages_select=None, packages_skip=None, packages_select_regex=None, packages_skip_regex=None, packages_start=None, packages_end=None, allow_overriding=[], cmake_args=None, cmake_target=None, cmake_target_skip_unavailable=False, cmake_clean_cache=False, cmake_clean_first=False, cmake_force_configure=False, ament_cmake_args=None, catkin_cmake_args=None, catkin_skip_building_tests=False, mixin_files=None, mixin=None, verb_parser=<colcon_mixin.mixin.mixin_argument.MixinArgumentDecorator object at 0x785f4bd7b560>, verb_extension=<colcon_core.verb.build.BuildVerb object at 0x785f4bd7b140>, main=<bound method BuildVerb.main of <colcon_core.verb.build.BuildVerb object at 0x785f4bd7b140>>, mixin_verb=('build',))
[0.813s] Level 1:colcon.colcon_core.package_discovery:discover_packages(colcon_meta) check parameters
[0.813s] Level 1:colcon.colcon_core.package_discovery:discover_packages(recursive) check parameters
[0.813s] Level 1:colcon.colcon_core.package_discovery:discover_packages(ignore) check parameters
[0.813s] Level 1:colcon.colcon_core.package_discovery:discover_packages(path) check parameters
[0.813s] Level 1:colcon.colcon_core.package_discovery:discover_packages(colcon_meta) discover
[0.814s] Level 1:colcon.colcon_core.package_discovery:discover_packages(recursive) discover
[0.814s] INFO:colcon.colcon_core.package_discovery:Crawling recursively for packages in '/home/vboxuser/base_station_heartbeat'
[0.814s] Level 1:colcon.colcon_core.package_identification:_identify(.) by extensions ['ignore', 'ignore_ament_install']
[0.814s] Level 1:colcon.colcon_core.package_identification:_identify(.) by extension 'ignore'
[0.814s] Level 1:colcon.colcon_core.package_identification:_identify(.) by extension 'ignore_ament_install'
[0.814s] Level 1:colcon.colcon_core.package_identification:_identify(.) by extensions ['colcon_pkg']
[0.814s] Level 1:colcon.colcon_core.package_identification:_identify(.) by extension 'colcon_pkg'
[0.814s] Level 1:colcon.colcon_core.package_identification:_identify(.) by extensions ['colcon_meta']
[0.814s] Level 1:colcon.colcon_core.package_identification:_identify(.) by extension 'colcon_meta'
[0.814s] Level 1:colcon.colcon_core.package_identification:_identify(.) by extensions ['ros']
[0.814s] Level 1:colcon.colcon_core.package_identification:_identify(.) by extension 'ros'
[0.885s] Level 1:colcon.colcon_core.package_identification:_identify(.) by extensions ['cmake', 'python']
[0.885s] Level 1:colcon.colcon_core.package_identification:_identify(.) by extension 'cmake'
[0.885s] Level 1:colcon.colcon_core.package_identification:_identify(.) by extension 'python'
[0.885s] Level 1:colcon.colcon_core.package_identification:_identify(.) by extensions ['python_setup_py']
[0.885s] Level 1:colcon.colcon_core.package_identification:_identify(.) by extension 'python_setup_py'
[0.885s] Level 1:colcon.colcon_core.package_identification:_identify(build) by extensions ['ignore', 'ignore_ament_install']
[0.885s] Level 1:colcon.colcon_core.package_identification:_identify(build) by extension 'ignore'
[0.886s] Level 1:colcon.colcon_core.package_identification:_identify(build) ignored
[0.886s] Level 1:colcon.colcon_core.package_identification:_identify(install) by extensions ['ignore', 'ignore_ament_install']
[0.886s] Level 1:colcon.colcon_core.package_identification:_identify(install) by extension 'ignore'
[0.886s] Level 1:colcon.colcon_core.package_identification:_identify(install) ignored
[0.886s] Level 1:colcon.colcon_core.package_identification:_identify(log) by extensions ['ignore', 'ignore_ament_install']
[0.886s] Level 1:colcon.colcon_core.package_identification:_identify(log) by extension 'ignore'
[0.886s] Level 1:colcon.colcon_core.package_identification:_identify(log) ignored
[0.888s] Level 1:colcon.colcon_core.package_identification:_identify(src) by extensions ['ignore', 'ignore_ament_install']
[0.888s] Level 1:colcon.colcon_core.package_identification:_identify(src) by extension 'ignore'
[0.888s] Level 1:colcon.colcon_core.package_identification:_identify(src) by extension 'ignore_ament_install'
[0.888s] Level 1:colcon.colcon_core.package_identification:_identify(src) by extensions ['colcon_pkg']
[0.888s] Level 1:colcon.colcon_core.package_identification:_identify(src) by extension 'colcon_pkg'
[0.889s] Level 1:colcon.colcon_core.package_identification:_identify(src) by extensions ['colcon_meta']
[0.889s] Level 1:colcon.colcon_core.package_identification:_identify(src) by extension 'colcon_meta'
[0.889s] Level 1:colcon.colcon_core.package_identification:_identify(src) by extensions ['ros']
[0.889s] Level 1:colcon.colcon_core.package_identification:_identify(src) by extension 'ros'
[0.889s] Level 1:colcon.colcon_core.package_identification:_identify(src) by extensions ['cmake', 'python']
[0.889s] Level 1:colcon.colcon_core.package_identification:_identify(src) by extension 'cmake'
[0.889s] Level 1:colcon.colcon_core.package_identification:_identify(src) by extension 'python'
[0.889s] Level 1:colcon.colcon_core.package_identification:_identify(src) by extensions ['python_setup_py']
[0.889s] Level 1:colcon.colcon_core.package_identification:_identify(src) by extension 'python_setup_py'
[0.894s] Level 1:colcon.colcon_core.package_identification:_identify(src/build) by extensions ['ignore', 'ignore_ament_install']
[0.895s] Level 1:colcon.colcon_core.package_identification:_identify(src/build) by extension 'ignore'
[0.895s] Level 1:colcon.colcon_core.package_identification:_identify(src/build) ignored
[0.896s] Level 1:colcon.colcon_core.package_identification:_identify(src/heartbeat_publisher) by extensions ['ignore', 'ignore_ament_install']
[0.896s] Level 1:colcon.colcon_core.package_identification:_identify(src/heartbeat_publisher) by extension 'ignore'
[0.897s] Level 1:colcon.colcon_core.package_identification:_identify(src/heartbeat_publisher) by extension 'ignore_ament_install'
[0.897s] Level 1:colcon.colcon_core.package_identification:_identify(src/heartbeat_publisher) by extensions ['colcon_pkg']
[0.897s] Level 1:colcon.colcon_core.package_identification:_identify(src/heartbeat_publisher) by extension 'colcon_pkg'
[0.897s] Level 1:colcon.colcon_core.package_identification:_identify(src/heartbeat_publisher) by extensions ['colcon_meta']
[0.897s] Level 1:colcon.colcon_core.package_identification:_identify(src/heartbeat_publisher) by extension 'colcon_meta'
[0.897s] Level 1:colcon.colcon_core.package_identification:_identify(src/heartbeat_publisher) by extensions ['ros']
[0.897s] Level 1:colcon.colcon_core.package_identification:_identify(src/heartbeat_publisher) by extension 'ros'
[0.907s] DEBUG:colcon.colcon_core.package_identification:Package 'src/heartbeat_publisher' with type 'ros.ament_cmake' and name 'heartbeat_publisher'
[0.909s] Level 1:colcon.colcon_core.package_identification:_identify(src/heartbeat_subscriber) by extensions ['ignore', 'ignore_ament_install']
[0.909s] Level 1:colcon.colcon_core.package_identification:_identify(src/heartbeat_subscriber) by extension 'ignore'
[0.909s] Level 1:colcon.colcon_core.package_identification:_identify(src/heartbeat_subscriber) by extension 'ignore_ament_install'
[0.909s] Level 1:colcon.colcon_core.package_identification:_identify(src/heartbeat_subscriber) by extensions ['colcon_pkg']
[0.909s] Level 1:colcon.colcon_core.package_identification:_identify(src/heartbeat_subscriber) by extension 'colcon_pkg'
[0.909s] Level 1:colcon.colcon_core.package_identification:_identify(src/heartbeat_subscriber) by extensions ['colcon_meta']
[0.909s] Level 1:colcon.colcon_core.package_identification:_identify(src/heartbeat_subscriber) by extension 'colcon_meta'
[0.910s] Level 1:colcon.colcon_core.package_identification:_identify(src/heartbeat_subscriber) by extensions ['ros']
[0.910s] Level 1:colcon.colcon_core.package_identification:_identify(src/heartbeat_subscriber) by extension 'ros'
[0.913s] DEBUG:colcon.colcon_core.package_identification:Package 'src/heartbeat_subscriber' with type 'ros.ament_cmake' and name 'heartbeat_subscriber'
[0.915s] Level 1:colcon.colcon_core.package_identification:_identify(src/install) by extensions ['ignore', 'ignore_ament_install']
[0.916s] Level 1:colcon.colcon_core.package_identification:_identify(src/install) by extension 'ignore'
[0.916s] Level 1:colcon.colcon_core.package_identification:_identify(src/install) ignored
[0.918s] Level 1:colcon.colcon_core.package_identification:_identify(src/log) by extensions ['ignore', 'ignore_ament_install']
[0.918s] Level 1:colcon.colcon_core.package_identification:_identify(src/log) by extension 'ignore'
[0.918s] Level 1:colcon.colcon_core.package_identification:_identify(src/log) ignored
[0.918s] Level 1:colcon.colcon_core.package_discovery:discover_packages(recursive) using defaults
[0.918s] Level 1:colcon.colcon_core.package_discovery:discover_packages(ignore) discover
[0.918s] Level 1:colcon.colcon_core.package_discovery:discover_packages(ignore) using defaults
[0.918s] Level 1:colcon.colcon_core.package_discovery:discover_packages(path) discover
[0.918s] Level 1:colcon.colcon_core.package_discovery:discover_packages(path) using defaults
[0.989s] Level 1:colcon.colcon_core.package_discovery:discover_packages(prefix_path) check parameters
[0.989s] Level 1:colcon.colcon_core.package_discovery:discover_packages(prefix_path) discover
[1.004s] DEBUG:colcon.colcon_installed_package_information.package_discovery:Found 286 installed packages in /opt/ros/jazzy
[1.006s] Level 1:colcon.colcon_core.package_discovery:discover_packages(prefix_path) using defaults
[1.067s] Level 5:colcon.colcon_core.verb:set package 'heartbeat_publisher' build argument 'cmake_args' from command line to 'None'
[1.067s] Level 5:colcon.colcon_core.verb:set package 'heartbeat_publisher' build argument 'cmake_target' from command line to 'None'
[1.067s] Level 5:colcon.colcon_core.verb:set package 'heartbeat_publisher' build argument 'cmake_target_skip_unavailable' from command line to 'False'
[1.067s] Level 5:colcon.colcon_core.verb:set package 'heartbeat_publisher' build argument 'cmake_clean_cache' from command line to 'False'
[1.067s] Level 5:colcon.colcon_core.verb:set package 'heartbeat_publisher' build argument 'cmake_clean_first' from command line to 'False'
[1.067s] Level 5:colcon.colcon_core.verb:set package 'heartbeat_publisher' build argument 'cmake_force_configure' from command line to 'False'
[1.067s] Level 5:colcon.colcon_core.verb:set package 'heartbeat_publisher' build argument 'ament_cmake_args' from command line to 'None'
[1.067s] Level 5:colcon.colcon_core.verb:set package 'heartbeat_publisher' build argument 'catkin_cmake_args' from command line to 'None'
[1.067s] Level 5:colcon.colcon_core.verb:set package 'heartbeat_publisher' build argument 'catkin_skip_building_tests' from command line to 'False'
[1.067s] DEBUG:colcon.colcon_core.verb:Building package 'heartbeat_publisher' with the following arguments: {'ament_cmake_args': None, 'build_base': '/home/vboxuser/base_station_heartbeat/build/heartbeat_publisher', 'catkin_cmake_args': None, 'catkin_skip_building_tests': False, 'cmake_args': None, 'cmake_clean_cache': False, 'cmake_clean_first': False, 'cmake_force_configure': False, 'cmake_target': None, 'cmake_target_skip_unavailable': False, 'install_base': '/home/vboxuser/base_station_heartbeat/install/heartbeat_publisher', 'merge_install': False, 'path': '/home/vboxuser/base_station_heartbeat/src/heartbeat_publisher', 'symlink_install': False, 'test_result_base': None}
[1.068s] Level 5:colcon.colcon_core.verb:set package 'heartbeat_subscriber' build argument 'cmake_args' from command line to 'None'
[1.068s] Level 5:colcon.colcon_core.verb:set package 'heartbeat_subscriber' build argument 'cmake_target' from command line to 'None'
[1.068s] Level 5:colcon.colcon_core.verb:set package 'heartbeat_subscriber' build argument 'cmake_target_skip_unavailable' from command line to 'False'
[1.068s] Level 5:colcon.colcon_core.verb:set package 'heartbeat_subscriber' build argument 'cmake_clean_cache' from command line to 'False'
[1.068s] Level 5:colcon.colcon_core.verb:set package 'heartbeat_subscriber' build argument 'cmake_clean_first' from command line to 'False'
[1.068s] Level 5:colcon.colcon_core.verb:set package 'heartbeat_subscriber' build argument 'cmake_force_configure' from command line to 'False'
[1.068s] Level 5:colcon.colcon_core.verb:set package 'heartbeat_subscriber' build argument 'ament_cmake_args' from command line to 'None'
[1.068s] Level 5:colcon.colcon_core.verb:set package 'heartbeat_subscriber' build argument 'catkin_cmake_args' from command line to 'None'
[1.068s] Level 5:colcon.colcon_core.verb:set package 'heartbeat_subscriber' build argument 'catkin_skip_building_tests' from command line to 'False'
[1.068s] DEBUG:colcon.colcon_core.verb:Building package 'heartbeat_subscriber' with the following arguments: {'ament_cmake_args': None, 'build_base': '/home/vboxuser/base_station_heartbeat/build/heartbeat_subscriber', 'catkin_cmake_args': None, 'catkin_skip_building_tests': False, 'cmake_args': None, 'cmake_clean_cache': False, 'cmake_clean_first': False, 'cmake_force_configure': False, 'cmake_target': None, 'cmake_target_skip_unavailable': False, 'install_base': '/home/vboxuser/base_station_heartbeat/install/heartbeat_subscriber', 'merge_install': False, 'path': '/home/vboxuser/base_station_heartbeat/src/heartbeat_subscriber', 'symlink_install': False, 'test_result_base': None}
[1.068s] INFO:colcon.colcon_core.executor:Executing jobs using 'parallel' executor
[1.076s] DEBUG:colcon.colcon_parallel_executor.executor.parallel:run_until_complete
[1.077s] INFO:colcon.colcon_ros.task.ament_cmake.build:Building ROS package in '/home/vboxuser/base_station_heartbeat/src/heartbeat_publisher' with build type 'ament_cmake'
[1.077s] INFO:colcon.colcon_cmake.task.cmake.build:Building CMake package in '/home/vboxuser/base_station_heartbeat/src/heartbeat_publisher'
[1.126s] INFO:colcon.colcon_core.plugin_system:Skipping extension 'colcon_core.shell.bat': Not used on non-Windows systems
[1.127s] INFO:colcon.colcon_core.shell:Skip shell extension 'powershell' for command environment: Not usable outside of PowerShell
[1.127s] DEBUG:colcon.colcon_core.shell:Skip shell extension 'dsv' for command environment
[1.138s] INFO:colcon.colcon_ros.task.ament_cmake.build:Building ROS package in '/home/vboxuser/base_station_heartbeat/src/heartbeat_subscriber' with build type 'ament_cmake'
[1.138s] INFO:colcon.colcon_cmake.task.cmake.build:Building CMake package in '/home/vboxuser/base_station_heartbeat/src/heartbeat_subscriber'
[1.138s] INFO:colcon.colcon_core.shell:Skip shell extension 'powershell' for command environment: Not usable outside of PowerShell
[1.138s] DEBUG:colcon.colcon_core.shell:Skip shell extension 'dsv' for command environment
[1.170s] DEBUG:colcon.colcon_core.event_handler.log_command:Invoking command in '/home/vboxuser/base_station_heartbeat/build/heartbeat_publisher': CMAKE_PREFIX_PATH=${CMAKE_PREFIX_PATH}:/opt/ros/jazzy DEBUGINFOD_URLS=https://debuginfod.ubuntu.com /usr/bin/cmake /home/vboxuser/base_station_heartbeat/src/heartbeat_publisher -DCMAKE_INSTALL_PREFIX=/home/vboxuser/base_station_heartbeat/install/heartbeat_publisher
[1.204s] DEBUG:colcon.colcon_core.event_handler.log_command:Invoking command in '/home/vboxuser/base_station_heartbeat/build/heartbeat_subscriber': CMAKE_PREFIX_PATH=${CMAKE_PREFIX_PATH}:/opt/ros/jazzy DEBUGINFOD_URLS=https://debuginfod.ubuntu.com /usr/bin/cmake /home/vboxuser/base_station_heartbeat/src/heartbeat_subscriber -DCMAKE_INSTALL_PREFIX=/home/vboxuser/base_station_heartbeat/install/heartbeat_subscriber
[3.504s] DEBUG:colcon.colcon_core.event_handler.log_command:Invoked command in '/home/vboxuser/base_station_heartbeat/build/heartbeat_publisher' returned '0': CMAKE_PREFIX_PATH=${CMAKE_PREFIX_PATH}:/opt/ros/jazzy DEBUGINFOD_URLS=https://debuginfod.ubuntu.com /usr/bin/cmake /home/vboxuser/base_station_heartbeat/src/heartbeat_publisher -DCMAKE_INSTALL_PREFIX=/home/vboxuser/base_station_heartbeat/install/heartbeat_publisher
[3.505s] DEBUG:colcon.colcon_core.event_handler.log_command:Invoking command in '/home/vboxuser/base_station_heartbeat/build/heartbeat_publisher': CMAKE_PREFIX_PATH=${CMAKE_PREFIX_PATH}:/opt/ros/jazzy DEBUGINFOD_URLS=https://debuginfod.ubuntu.com /usr/bin/cmake --build /home/vboxuser/base_station_heartbeat/build/heartbeat_publisher -- -j2 -l2
[3.826s] DEBUG:colcon.colcon_core.event_handler.log_command:Invoked command in '/home/vboxuser/base_station_heartbeat/build/heartbeat_publisher' returned '0': CMAKE_PREFIX_PATH=${CMAKE_PREFIX_PATH}:/opt/ros/jazzy DEBUGINFOD_URLS=https://debuginfod.ubuntu.com /usr/bin/cmake --build /home/vboxuser/base_station_heartbeat/build/heartbeat_publisher -- -j2 -l2
[3.915s] DEBUG:colcon.colcon_core.event_handler.log_command:Invoking command in '/home/vboxuser/base_station_heartbeat/build/heartbeat_publisher': CMAKE_PREFIX_PATH=${CMAKE_PREFIX_PATH}:/opt/ros/jazzy DEBUGINFOD_URLS=https://debuginfod.ubuntu.com /usr/bin/cmake --install /home/vboxuser/base_station_heartbeat/build/heartbeat_publisher
[3.942s] Level 1:colcon.colcon_core.environment:create_environment_scripts_only(heartbeat_publisher)
[3.944s] DEBUG:colcon.colcon_core.event_handler.log_command:Invoked command in '/home/vboxuser/base_station_heartbeat/build/heartbeat_publisher' returned '0': CMAKE_PREFIX_PATH=${CMAKE_PREFIX_PATH}:/opt/ros/jazzy DEBUGINFOD_URLS=https://debuginfod.ubuntu.com /usr/bin/cmake --install /home/vboxuser/base_station_heartbeat/build/heartbeat_publisher
[3.971s] Level 1:colcon.colcon_core.environment:checking '/home/vboxuser/base_station_heartbeat/install/heartbeat_publisher' for CMake module files
[3.971s] Level 1:colcon.colcon_core.environment:checking '/home/vboxuser/base_station_heartbeat/install/heartbeat_publisher' for CMake config files
[3.973s] Level 1:colcon.colcon_core.shell:create_environment_hook('heartbeat_publisher', 'cmake_prefix_path')
[3.974s] INFO:colcon.colcon_core.shell:Creating environment hook '/home/vboxuser/base_station_heartbeat/install/heartbeat_publisher/share/heartbeat_publisher/hook/cmake_prefix_path.ps1'
[3.978s] INFO:colcon.colcon_core.shell:Creating environment descriptor '/home/vboxuser/base_station_heartbeat/install/heartbeat_publisher/share/heartbeat_publisher/hook/cmake_prefix_path.dsv'
[3.980s] INFO:colcon.colcon_core.shell:Creating environment hook '/home/vboxuser/base_station_heartbeat/install/heartbeat_publisher/share/heartbeat_publisher/hook/cmake_prefix_path.sh'
[3.982s] Level 1:colcon.colcon_core.environment:checking '/home/vboxuser/base_station_heartbeat/install/heartbeat_publisher/lib'
[3.982s] Level 1:colcon.colcon_core.environment:checking '/home/vboxuser/base_station_heartbeat/install/heartbeat_publisher/bin'
[3.983s] Level 1:colcon.colcon_core.environment:checking '/home/vboxuser/base_station_heartbeat/install/heartbeat_publisher/lib/pkgconfig/heartbeat_publisher.pc'
[3.983s] Level 1:colcon.colcon_core.environment:checking '/home/vboxuser/base_station_heartbeat/install/heartbeat_publisher/lib/python3.12/site-packages'
[3.983s] Level 1:colcon.colcon_core.environment:checking '/home/vboxuser/base_station_heartbeat/install/heartbeat_publisher/bin'
[3.984s] INFO:colcon.colcon_core.shell:Creating package script '/home/vboxuser/base_station_heartbeat/install/heartbeat_publisher/share/heartbeat_publisher/package.ps1'
[3.986s] INFO:colcon.colcon_core.shell:Creating package descriptor '/home/vboxuser/base_station_heartbeat/install/heartbeat_publisher/share/heartbeat_publisher/package.dsv'
[3.987s] INFO:colcon.colcon_core.shell:Creating package script '/home/vboxuser/base_station_heartbeat/install/heartbeat_publisher/share/heartbeat_publisher/package.sh'
[3.989s] INFO:colcon.colcon_core.shell:Creating package script '/home/vboxuser/base_station_heartbeat/install/heartbeat_publisher/share/heartbeat_publisher/package.bash'
[3.992s] INFO:colcon.colcon_core.shell:Creating package script '/home/vboxuser/base_station_heartbeat/install/heartbeat_publisher/share/heartbeat_publisher/package.zsh'
[3.994s] Level 1:colcon.colcon_core.environment:create_file_with_runtime_dependencies(/home/vboxuser/base_station_heartbeat/install/heartbeat_publisher/share/colcon-core/packages/heartbeat_publisher)
[3.997s] Level 1:colcon.colcon_core.environment:create_environment_scripts_only(heartbeat_publisher)
[3.997s] Level 1:colcon.colcon_core.environment:checking '/home/vboxuser/base_station_heartbeat/install/heartbeat_publisher' for CMake module files
[3.998s] Level 1:colcon.colcon_core.environment:checking '/home/vboxuser/base_station_heartbeat/install/heartbeat_publisher' for CMake config files
[3.998s] Level 1:colcon.colcon_core.shell:create_environment_hook('heartbeat_publisher', 'cmake_prefix_path')
[3.998s] INFO:colcon.colcon_core.shell:Creating environment hook '/home/vboxuser/base_station_heartbeat/install/heartbeat_publisher/share/heartbeat_publisher/hook/cmake_prefix_path.ps1'
[3.999s] INFO:colcon.colcon_core.shell:Creating environment descriptor '/home/vboxuser/base_station_heartbeat/install/heartbeat_publisher/share/heartbeat_publisher/hook/cmake_prefix_path.dsv'
[3.999s] INFO:colcon.colcon_core.shell:Creating environment hook '/home/vboxuser/base_station_heartbeat/install/heartbeat_publisher/share/heartbeat_publisher/hook/cmake_prefix_path.sh'
[4.001s] Level 1:colcon.colcon_core.environment:checking '/home/vboxuser/base_station_heartbeat/install/heartbeat_publisher/lib'
[4.001s] Level 1:colcon.colcon_core.environment:checking '/home/vboxuser/base_station_heartbeat/install/heartbeat_publisher/bin'
[4.001s] Level 1:colcon.colcon_core.environment:checking '/home/vboxuser/base_station_heartbeat/install/heartbeat_publisher/lib/pkgconfig/heartbeat_publisher.pc'
[4.002s] Level 1:colcon.colcon_core.environment:checking '/home/vboxuser/base_station_heartbeat/install/heartbeat_publisher/lib/python3.12/site-packages'
[4.002s] Level 1:colcon.colcon_core.environment:checking '/home/vboxuser/base_station_heartbeat/install/heartbeat_publisher/bin'
[4.003s] INFO:colcon.colcon_core.shell:Creating package script '/home/vboxuser/base_station_heartbeat/install/heartbeat_publisher/share/heartbeat_publisher/package.ps1'
[4.004s] INFO:colcon.colcon_core.shell:Creating package descriptor '/home/vboxuser/base_station_heartbeat/install/heartbeat_publisher/share/heartbeat_publisher/package.dsv'
[4.005s] INFO:colcon.colcon_core.shell:Creating package script '/home/vboxuser/base_station_heartbeat/install/heartbeat_publisher/share/heartbeat_publisher/package.sh'
[4.006s] INFO:colcon.colcon_core.shell:Creating package script '/home/vboxuser/base_station_heartbeat/install/heartbeat_publisher/share/heartbeat_publisher/package.bash'
[4.007s] INFO:colcon.colcon_core.shell:Creating package script '/home/vboxuser/base_station_heartbeat/install/heartbeat_publisher/share/heartbeat_publisher/package.zsh'
[4.008s] Level 1:colcon.colcon_core.environment:create_file_with_runtime_dependencies(/home/vboxuser/base_station_heartbeat/install/heartbeat_publisher/share/colcon-core/packages/heartbeat_publisher)
[4.015s] DEBUG:colcon.colcon_core.event_handler.log_command:Invoked command in '/home/vboxuser/base_station_heartbeat/build/heartbeat_subscriber' returned '0': CMAKE_PREFIX_PATH=${CMAKE_PREFIX_PATH}:/opt/ros/jazzy DEBUGINFOD_URLS=https://debuginfod.ubuntu.com /usr/bin/cmake /home/vboxuser/base_station_heartbeat/src/heartbeat_subscriber -DCMAKE_INSTALL_PREFIX=/home/vboxuser/base_station_heartbeat/install/heartbeat_subscriber
[4.016s] DEBUG:colcon.colcon_core.event_handler.log_command:Invoking command in '/home/vboxuser/base_station_heartbeat/build/heartbeat_subscriber': CMAKE_PREFIX_PATH=${CMAKE_PREFIX_PATH}:/opt/ros/jazzy DEBUGINFOD_URLS=https://debuginfod.ubuntu.com /usr/bin/cmake --build /home/vboxuser/base_station_heartbeat/build/heartbeat_subscriber -- -j2 -l2
[17.454s] DEBUG:colcon.colcon_core.event_handler.log_command:Invoked command in '/home/vboxuser/base_station_heartbeat/build/heartbeat_subscriber' returned '0': CMAKE_PREFIX_PATH=${CMAKE_PREFIX_PATH}:/opt/ros/jazzy DEBUGINFOD_URLS=https://debuginfod.ubuntu.com /usr/bin/cmake --build /home/vboxuser/base_station_heartbeat/build/heartbeat_subscriber -- -j2 -l2
[17.456s] DEBUG:colcon.colcon_core.event_handler.log_command:Invoking command in '/home/vboxuser/base_station_heartbeat/build/heartbeat_subscriber': CMAKE_PREFIX_PATH=${CMAKE_PREFIX_PATH}:/opt/ros/jazzy DEBUGINFOD_URLS=https://debuginfod.ubuntu.com /usr/bin/cmake --install /home/vboxuser/base_station_heartbeat/build/heartbeat_subscriber
[17.481s] Level 1:colcon.colcon_core.environment:create_environment_scripts_only(heartbeat_subscriber)
[17.482s] Level 1:colcon.colcon_core.environment:checking '/home/vboxuser/base_station_heartbeat/install/heartbeat_subscriber' for CMake module files
[17.483s] DEBUG:colcon.colcon_core.event_handler.log_command:Invoked command in '/home/vboxuser/base_station_heartbeat/build/heartbeat_subscriber' returned '0': CMAKE_PREFIX_PATH=${CMAKE_PREFIX_PATH}:/opt/ros/jazzy DEBUGINFOD_URLS=https://debuginfod.ubuntu.com /usr/bin/cmake --install /home/vboxuser/base_station_heartbeat/build/heartbeat_subscriber
[17.483s] Level 1:colcon.colcon_core.environment:checking '/home/vboxuser/base_station_heartbeat/install/heartbeat_subscriber' for CMake config files
[17.483s] Level 1:colcon.colcon_core.shell:create_environment_hook('heartbeat_subscriber', 'cmake_prefix_path')
[17.483s] INFO:colcon.colcon_core.shell:Creating environment hook '/home/vboxuser/base_station_heartbeat/install/heartbeat_subscriber/share/heartbeat_subscriber/hook/cmake_prefix_path.ps1'
[17.484s] INFO:colcon.colcon_core.shell:Creating environment descriptor '/home/vboxuser/base_station_heartbeat/install/heartbeat_subscriber/share/heartbeat_subscriber/hook/cmake_prefix_path.dsv'
[17.484s] INFO:colcon.colcon_core.shell:Creating environment hook '/home/vboxuser/base_station_heartbeat/install/heartbeat_subscriber/share/heartbeat_subscriber/hook/cmake_prefix_path.sh'
[17.484s] Level 1:colcon.colcon_core.environment:checking '/home/vboxuser/base_station_heartbeat/install/heartbeat_subscriber/lib'
[17.484s] Level 1:colcon.colcon_core.environment:checking '/home/vboxuser/base_station_heartbeat/install/heartbeat_subscriber/bin'
[17.485s] Level 1:colcon.colcon_core.environment:checking '/home/vboxuser/base_station_heartbeat/install/heartbeat_subscriber/lib/pkgconfig/heartbeat_subscriber.pc'
[17.485s] Level 1:colcon.colcon_core.environment:checking '/home/vboxuser/base_station_heartbeat/install/heartbeat_subscriber/lib/python3.12/site-packages'
[17.485s] Level 1:colcon.colcon_core.environment:checking '/home/vboxuser/base_station_heartbeat/install/heartbeat_subscriber/bin'
[17.485s] INFO:colcon.colcon_core.shell:Creating package script '/home/vboxuser/base_station_heartbeat/install/heartbeat_subscriber/share/heartbeat_subscriber/package.ps1'
[17.485s] INFO:colcon.colcon_core.shell:Creating package descriptor '/home/vboxuser/base_station_heartbeat/install/heartbeat_subscriber/share/heartbeat_subscriber/package.dsv'
[17.487s] INFO:colcon.colcon_core.shell:Creating package script '/home/vboxuser/base_station_heartbeat/install/heartbeat_subscriber/share/heartbeat_subscriber/package.sh'
[17.487s] INFO:colcon.colcon_core.shell:Creating package script '/home/vboxuser/base_station_heartbeat/install/heartbeat_subscriber/share/heartbeat_subscriber/package.bash'
[17.487s] INFO:colcon.colcon_core.shell:Creating package script '/home/vboxuser/base_station_heartbeat/install/heartbeat_subscriber/share/heartbeat_subscriber/package.zsh'
[17.488s] Level 1:colcon.colcon_core.environment:create_file_with_runtime_dependencies(/home/vboxuser/base_station_heartbeat/install/heartbeat_subscriber/share/colcon-core/packages/heartbeat_subscriber)
[17.488s] Level 1:colcon.colcon_core.environment:create_environment_scripts_only(heartbeat_subscriber)
[17.488s] Level 1:colcon.colcon_core.environment:checking '/home/vboxuser/base_station_heartbeat/install/heartbeat_subscriber' for CMake module files
[17.488s] Level 1:colcon.colcon_core.environment:checking '/home/vboxuser/base_station_heartbeat/install/heartbeat_subscriber' for CMake config files
[17.489s] Level 1:colcon.colcon_core.shell:create_environment_hook('heartbeat_subscriber', 'cmake_prefix_path')
[17.489s] INFO:colcon.colcon_core.shell:Creating environment hook '/home/vboxuser/base_station_heartbeat/install/heartbeat_subscriber/share/heartbeat_subscriber/hook/cmake_prefix_path.ps1'
[17.490s] INFO:colcon.colcon_core.shell:Creating environment descriptor '/home/vboxuser/base_station_heartbeat/install/heartbeat_subscriber/share/heartbeat_subscriber/hook/cmake_prefix_path.dsv'
[17.491s] INFO:colcon.colcon_core.shell:Creating environment hook '/home/vboxuser/base_station_heartbeat/install/heartbeat_subscriber/share/heartbeat_subscriber/hook/cmake_prefix_path.sh'
[17.492s] Level 1:colcon.colcon_core.environment:checking '/home/vboxuser/base_station_heartbeat/install/heartbeat_subscriber/lib'
[17.492s] Level 1:colcon.colcon_core.environment:checking '/home/vboxuser/base_station_heartbeat/install/heartbeat_subscriber/bin'
[17.492s] Level 1:colcon.colcon_core.environment:checking '/home/vboxuser/base_station_heartbeat/install/heartbeat_subscriber/lib/pkgconfig/heartbeat_subscriber.pc'
[17.492s] Level 1:colcon.colcon_core.environment:checking '/home/vboxuser/base_station_heartbeat/install/heartbeat_subscriber/lib/python3.12/site-packages'
[17.493s] Level 1:colcon.colcon_core.environment:checking '/home/vboxuser/base_station_heartbeat/install/heartbeat_subscriber/bin'
[17.493s] INFO:colcon.colcon_core.shell:Creating package script '/home/vboxuser/base_station_heartbeat/install/heartbeat_subscriber/share/heartbeat_subscriber/package.ps1'
[17.494s] INFO:colcon.colcon_core.shell:Creating package descriptor '/home/vboxuser/base_station_heartbeat/install/heartbeat_subscriber/share/heartbeat_subscriber/package.dsv'
[17.495s] INFO:colcon.colcon_core.shell:Creating package script '/home/vboxuser/base_station_heartbeat/install/heartbeat_subscriber/share/heartbeat_subscriber/package.sh'
[17.496s] INFO:colcon.colcon_core.shell:Creating package script '/home/vboxuser/base_station_heartbeat/install/heartbeat_subscriber/share/heartbeat_subscriber/package.bash'
[17.497s] INFO:colcon.colcon_core.shell:Creating package script '/home/vboxuser/base_station_heartbeat/install/heartbeat_subscriber/share/heartbeat_subscriber/package.zsh'
[17.498s] Level 1:colcon.colcon_core.environment:create_file_with_runtime_dependencies(/home/vboxuser/base_station_heartbeat/install/heartbeat_subscriber/share/colcon-core/packages/heartbeat_subscriber)
[17.499s] DEBUG:colcon.colcon_parallel_executor.executor.parallel:closing loop
[17.499s] DEBUG:colcon.colcon_parallel_executor.executor.parallel:loop closed
[17.500s] DEBUG:colcon.colcon_parallel_executor.executor.parallel:run_until_complete finished with '0'
[17.500s] DEBUG:colcon.colcon_core.event_reactor:joining thread
[17.535s] INFO:colcon.colcon_core.plugin_system:Skipping extension 'colcon_notification.desktop_notification.terminal_notifier': Not used on non-Darwin systems
[17.536s] INFO:colcon.colcon_core.plugin_system:Skipping extension 'colcon_notification.desktop_notification.win32': Not used on non-Windows systems
[17.536s] INFO:colcon.colcon_notification.desktop_notification:Sending desktop notification using 'notify2'
[17.588s] DEBUG:colcon.colcon_core.event_reactor:joined thread
[17.588s] INFO:colcon.colcon_core.shell:Creating prefix script '/home/vboxuser/base_station_heartbeat/install/local_setup.ps1'
[17.671s] INFO:colcon.colcon_core.shell:Creating prefix util module '/home/vboxuser/base_station_heartbeat/install/_local_setup_util_ps1.py'
[17.674s] INFO:colcon.colcon_core.shell:Creating prefix chain script '/home/vboxuser/base_station_heartbeat/install/setup.ps1'
[17.677s] INFO:colcon.colcon_core.shell:Creating prefix script '/home/vboxuser/base_station_heartbeat/install/local_setup.sh'
[17.679s] INFO:colcon.colcon_core.shell:Creating prefix util module '/home/vboxuser/base_station_heartbeat/install/_local_setup_util_sh.py'
[17.679s] INFO:colcon.colcon_core.shell:Creating prefix chain script '/home/vboxuser/base_station_heartbeat/install/setup.sh'
[17.682s] INFO:colcon.colcon_core.shell:Creating prefix script '/home/vboxuser/base_station_heartbeat/install/local_setup.bash'
[17.693s] INFO:colcon.colcon_core.shell:Creating prefix chain script '/home/vboxuser/base_station_heartbeat/install/setup.bash'
[17.696s] INFO:colcon.colcon_core.shell:Creating prefix script '/home/vboxuser/base_station_heartbeat/install/local_setup.zsh'
[17.697s] INFO:colcon.colcon_core.shell:Creating prefix chain script '/home/vboxuser/base_station_heartbeat/install/setup.zsh'
