[0.100s] DEBUG:colcon:Command line arguments: ['/usr/bin/colcon', 'build']
[0.100s] DEBUG:colcon:Parsed command line arguments: Namespace(log_base=None, log_level=None, verb_name='build', build_base='build', install_base='install', merge_install=False, symlink_install=False, test_result_base=None, continue_on_error=False, executor='parallel', parallel_workers=2, event_handlers=None, ignore_user_meta=False, metas=['./colcon.meta'], base_paths=['.'], packages_ignore=None, packages_ignore_regex=None, paths=None, packages_up_to=None, packages_up_to_regex=None, packages_above=None, packages_above_and_dependencies=None, packages_above_depth=None, packages_select_by_dep=None, packages_skip_by_dep=None, packages_skip_up_to=None, packages_select_build_failed=False, packages_skip_build_finished=False, packages_select_test_failures=False, packages_skip_test_passed=False, packages_select=None, packages_skip=None, packages_select_regex=None, packages_skip_regex=None, packages_start=None, packages_end=None, allow_overriding=[], cmake_args=None, cmake_target=None, cmake_target_skip_unavailable=False, cmake_clean_cache=False, cmake_clean_first=False, cmake_force_configure=False, ament_cmake_args=None, catkin_cmake_args=None, catkin_skip_building_tests=False, mixin_files=None, mixin=None, verb_parser=<colcon_mixin.mixin.mixin_argument.MixinArgumentDecorator object at 0x73c4b7a838f0>, verb_extension=<colcon_core.verb.build.BuildVerb object at 0x73c4b7a834d0>, main=<bound method BuildVerb.main of <colcon_core.verb.build.BuildVerb object at 0x73c4b7a834d0>>, mixin_verb=('build',))
[0.141s] Level 1:colcon.colcon_core.package_discovery:discover_packages(colcon_meta) check parameters
[0.141s] Level 1:colcon.colcon_core.package_discovery:discover_packages(recursive) check parameters
[0.142s] Level 1:colcon.colcon_core.package_discovery:discover_packages(ignore) check parameters
[0.142s] Level 1:colcon.colcon_core.package_discovery:discover_packages(path) check parameters
[0.142s] Level 1:colcon.colcon_core.package_discovery:discover_packages(colcon_meta) discover
[0.142s] Level 1:colcon.colcon_core.package_discovery:discover_packages(recursive) discover
[0.142s] INFO:colcon.colcon_core.package_discovery:Crawling recursively for packages in '/home/vboxuser/rover_heartbeat/src'
[0.142s] Level 1:colcon.colcon_core.package_identification:_identify(.) by extensions ['ignore', 'ignore_ament_install']
[0.142s] Level 1:colcon.colcon_core.package_identification:_identify(.) by extension 'ignore'
[0.142s] Level 1:colcon.colcon_core.package_identification:_identify(.) by extension 'ignore_ament_install'
[0.142s] Level 1:colcon.colcon_core.package_identification:_identify(.) by extensions ['colcon_pkg']
[0.142s] Level 1:colcon.colcon_core.package_identification:_identify(.) by extension 'colcon_pkg'
[0.142s] Level 1:colcon.colcon_core.package_identification:_identify(.) by extensions ['colcon_meta']
[0.142s] Level 1:colcon.colcon_core.package_identification:_identify(.) by extension 'colcon_meta'
[0.142s] Level 1:colcon.colcon_core.package_identification:_identify(.) by extensions ['ros']
[0.142s] Level 1:colcon.colcon_core.package_identification:_identify(.) by extension 'ros'
[0.166s] Level 1:colcon.colcon_core.package_identification:_identify(.) by extensions ['cmake', 'python']
[0.167s] Level 1:colcon.colcon_core.package_identification:_identify(.) by extension 'cmake'
[0.167s] Level 1:colcon.colcon_core.package_identification:_identify(.) by extension 'python'
[0.167s] Level 1:colcon.colcon_core.package_identification:_identify(.) by extensions ['python_setup_py']
[0.167s] Level 1:colcon.colcon_core.package_identification:_identify(.) by extension 'python_setup_py'
[0.167s] Level 1:colcon.colcon_core.package_identification:_identify(build) by extensions ['ignore', 'ignore_ament_install']
[0.167s] Level 1:colcon.colcon_core.package_identification:_identify(build) by extension 'ignore'
[0.167s] Level 1:colcon.colcon_core.package_identification:_identify(build) ignored
[0.167s] Level 1:colcon.colcon_core.package_identification:_identify(heartbeat_subscriber) by extensions ['ignore', 'ignore_ament_install']
[0.168s] Level 1:colcon.colcon_core.package_identification:_identify(heartbeat_subscriber) by extension 'ignore'
[0.168s] Level 1:colcon.colcon_core.package_identification:_identify(heartbeat_subscriber) by extension 'ignore_ament_install'
[0.168s] Level 1:colcon.colcon_core.package_identification:_identify(heartbeat_subscriber) by extensions ['colcon_pkg']
[0.168s] Level 1:colcon.colcon_core.package_identification:_identify(heartbeat_subscriber) by extension 'colcon_pkg'
[0.168s] Level 1:colcon.colcon_core.package_identification:_identify(heartbeat_subscriber) by extensions ['colcon_meta']
[0.168s] Level 1:colcon.colcon_core.package_identification:_identify(heartbeat_subscriber) by extension 'colcon_meta'
[0.168s] Level 1:colcon.colcon_core.package_identification:_identify(heartbeat_subscriber) by extensions ['ros']
[0.168s] Level 1:colcon.colcon_core.package_identification:_identify(heartbeat_subscriber) by extension 'ros'
[0.171s] DEBUG:colcon.colcon_core.package_identification:Package 'heartbeat_subscriber' with type 'ros.ament_cmake' and name 'heartbeat_subscriber'
[0.171s] Level 1:colcon.colcon_core.package_identification:_identify(install) by extensions ['ignore', 'ignore_ament_install']
[0.171s] Level 1:colcon.colcon_core.package_identification:_identify(install) by extension 'ignore'
[0.171s] Level 1:colcon.colcon_core.package_identification:_identify(install) ignored
[0.171s] Level 1:colcon.colcon_core.package_identification:_identify(log) by extensions ['ignore', 'ignore_ament_install']
[0.171s] Level 1:colcon.colcon_core.package_identification:_identify(log) by extension 'ignore'
[0.171s] Level 1:colcon.colcon_core.package_identification:_identify(log) ignored
[0.172s] Level 1:colcon.colcon_core.package_identification:_identify(rover_publisher) by extensions ['ignore', 'ignore_ament_install']
[0.172s] Level 1:colcon.colcon_core.package_identification:_identify(rover_publisher) by extension 'ignore'
[0.172s] Level 1:colcon.colcon_core.package_identification:_identify(rover_publisher) by extension 'ignore_ament_install'
[0.172s] Level 1:colcon.colcon_core.package_identification:_identify(rover_publisher) by extensions ['colcon_pkg']
[0.172s] Level 1:colcon.colcon_core.package_identification:_identify(rover_publisher) by extension 'colcon_pkg'
[0.172s] Level 1:colcon.colcon_core.package_identification:_identify(rover_publisher) by extensions ['colcon_meta']
[0.172s] Level 1:colcon.colcon_core.package_identification:_identify(rover_publisher) by extension 'colcon_meta'
[0.172s] Level 1:colcon.colcon_core.package_identification:_identify(rover_publisher) by extensions ['ros']
[0.172s] Level 1:colcon.colcon_core.package_identification:_identify(rover_publisher) by extension 'ros'
[0.172s] DEBUG:colcon.colcon_core.package_identification:Package 'rover_publisher' with type 'ros.ament_cmake' and name 'heartbeat_publisher'
[0.173s] Level 1:colcon.colcon_core.package_discovery:discover_packages(recursive) using defaults
[0.173s] Level 1:colcon.colcon_core.package_discovery:discover_packages(ignore) discover
[0.173s] Level 1:colcon.colcon_core.package_discovery:discover_packages(ignore) using defaults
[0.173s] Level 1:colcon.colcon_core.package_discovery:discover_packages(path) discover
[0.173s] Level 1:colcon.colcon_core.package_discovery:discover_packages(path) using defaults
[0.192s] Level 1:colcon.colcon_core.package_discovery:discover_packages(prefix_path) check parameters
[0.192s] Level 1:colcon.colcon_core.package_discovery:discover_packages(prefix_path) discover
[0.194s] DEBUG:colcon.colcon_installed_package_information.package_discovery:Found 3 installed packages in /home/vboxuser/rover_heartbeat/src/install
[0.196s] DEBUG:colcon.colcon_installed_package_information.package_discovery:Found 286 installed packages in /opt/ros/jazzy
[0.198s] Level 1:colcon.colcon_core.package_discovery:discover_packages(prefix_path) using defaults
[0.233s] Level 5:colcon.colcon_core.verb:set package 'heartbeat_publisher' build argument 'cmake_args' from command line to 'None'
[0.233s] Level 5:colcon.colcon_core.verb:set package 'heartbeat_publisher' build argument 'cmake_target' from command line to 'None'
[0.233s] Level 5:colcon.colcon_core.verb:set package 'heartbeat_publisher' build argument 'cmake_target_skip_unavailable' from command line to 'False'
[0.233s] Level 5:colcon.colcon_core.verb:set package 'heartbeat_publisher' build argument 'cmake_clean_cache' from command line to 'False'
[0.233s] Level 5:colcon.colcon_core.verb:set package 'heartbeat_publisher' build argument 'cmake_clean_first' from command line to 'False'
[0.233s] Level 5:colcon.colcon_core.verb:set package 'heartbeat_publisher' build argument 'cmake_force_configure' from command line to 'False'
[0.233s] Level 5:colcon.colcon_core.verb:set package 'heartbeat_publisher' build argument 'ament_cmake_args' from command line to 'None'
[0.233s] Level 5:colcon.colcon_core.verb:set package 'heartbeat_publisher' build argument 'catkin_cmake_args' from command line to 'None'
[0.233s] Level 5:colcon.colcon_core.verb:set package 'heartbeat_publisher' build argument 'catkin_skip_building_tests' from command line to 'False'
[0.233s] DEBUG:colcon.colcon_core.verb:Building package 'heartbeat_publisher' with the following arguments: {'ament_cmake_args': None, 'build_base': '/home/vboxuser/rover_heartbeat/src/build/heartbeat_publisher', 'catkin_cmake_args': None, 'catkin_skip_building_tests': False, 'cmake_args': None, 'cmake_clean_cache': False, 'cmake_clean_first': False, 'cmake_force_configure': False, 'cmake_target': None, 'cmake_target_skip_unavailable': False, 'install_base': '/home/vboxuser/rover_heartbeat/src/install/heartbeat_publisher', 'merge_install': False, 'path': '/home/vboxuser/rover_heartbeat/src/rover_publisher', 'symlink_install': False, 'test_result_base': None}
[0.234s] Level 5:colcon.colcon_core.verb:set package 'heartbeat_subscriber' build argument 'cmake_args' from command line to 'None'
[0.234s] Level 5:colcon.colcon_core.verb:set package 'heartbeat_subscriber' build argument 'cmake_target' from command line to 'None'
[0.234s] Level 5:colcon.colcon_core.verb:set package 'heartbeat_subscriber' build argument 'cmake_target_skip_unavailable' from command line to 'False'
[0.234s] Level 5:colcon.colcon_core.verb:set package 'heartbeat_subscriber' build argument 'cmake_clean_cache' from command line to 'False'
[0.234s] Level 5:colcon.colcon_core.verb:set package 'heartbeat_subscriber' build argument 'cmake_clean_first' from command line to 'False'
[0.234s] Level 5:colcon.colcon_core.verb:set package 'heartbeat_subscriber' build argument 'cmake_force_configure' from command line to 'False'
[0.234s] Level 5:colcon.colcon_core.verb:set package 'heartbeat_subscriber' build argument 'ament_cmake_args' from command line to 'None'
[0.234s] Level 5:colcon.colcon_core.verb:set package 'heartbeat_subscriber' build argument 'catkin_cmake_args' from command line to 'None'
[0.234s] Level 5:colcon.colcon_core.verb:set package 'heartbeat_subscriber' build argument 'catkin_skip_building_tests' from command line to 'False'
[0.234s] DEBUG:colcon.colcon_core.verb:Building package 'heartbeat_subscriber' with the following arguments: {'ament_cmake_args': None, 'build_base': '/home/vboxuser/rover_heartbeat/src/build/heartbeat_subscriber', 'catkin_cmake_args': None, 'catkin_skip_building_tests': False, 'cmake_args': None, 'cmake_clean_cache': False, 'cmake_clean_first': False, 'cmake_force_configure': False, 'cmake_target': None, 'cmake_target_skip_unavailable': False, 'install_base': '/home/vboxuser/rover_heartbeat/src/install/heartbeat_subscriber', 'merge_install': False, 'path': '/home/vboxuser/rover_heartbeat/src/heartbeat_subscriber', 'symlink_install': False, 'test_result_base': None}
[0.234s] INFO:colcon.colcon_core.executor:Executing jobs using 'parallel' executor
[0.235s] DEBUG:colcon.colcon_parallel_executor.executor.parallel:run_until_complete
[0.236s] INFO:colcon.colcon_ros.task.ament_cmake.build:Building ROS package in '/home/vboxuser/rover_heartbeat/src/rover_publisher' with build type 'ament_cmake'
[0.236s] INFO:colcon.colcon_cmake.task.cmake.build:Building CMake package in '/home/vboxuser/rover_heartbeat/src/rover_publisher'
[0.242s] INFO:colcon.colcon_core.plugin_system:Skipping extension 'colcon_core.shell.bat': Not used on non-Windows systems
[0.242s] INFO:colcon.colcon_core.shell:Skip shell extension 'powershell' for command environment: Not usable outside of PowerShell
[0.242s] DEBUG:colcon.colcon_core.shell:Skip shell extension 'dsv' for command environment
[0.250s] INFO:colcon.colcon_ros.task.ament_cmake.build:Building ROS package in '/home/vboxuser/rover_heartbeat/src/heartbeat_subscriber' with build type 'ament_cmake'
[0.250s] INFO:colcon.colcon_cmake.task.cmake.build:Building CMake package in '/home/vboxuser/rover_heartbeat/src/heartbeat_subscriber'
[0.250s] INFO:colcon.colcon_core.shell:Skip shell extension 'powershell' for command environment: Not usable outside of PowerShell
[0.250s] DEBUG:colcon.colcon_core.shell:Skip shell extension 'dsv' for command environment
[0.270s] DEBUG:colcon.colcon_core.event_handler.log_command:Invoking command in '/home/vboxuser/rover_heartbeat/src/build/heartbeat_publisher': CMAKE_PREFIX_PATH=${CMAKE_PREFIX_PATH}:/opt/ros/jazzy DEBUGINFOD_URLS=https://debuginfod.ubuntu.com /usr/bin/cmake --build /home/vboxuser/rover_heartbeat/src/build/heartbeat_publisher -- -j2 -l2
[0.304s] DEBUG:colcon.colcon_core.event_handler.log_command:Invoking command in '/home/vboxuser/rover_heartbeat/src/build/heartbeat_subscriber': CMAKE_PREFIX_PATH=${CMAKE_PREFIX_PATH}:/opt/ros/jazzy DEBUGINFOD_URLS=https://debuginfod.ubuntu.com /usr/bin/cmake --build /home/vboxuser/rover_heartbeat/src/build/heartbeat_subscriber -- -j2 -l2
[0.444s] DEBUG:colcon.colcon_core.event_handler.log_command:Invoked command in '/home/vboxuser/rover_heartbeat/src/build/heartbeat_publisher' returned '0': CMAKE_PREFIX_PATH=${CMAKE_PREFIX_PATH}:/opt/ros/jazzy DEBUGINFOD_URLS=https://debuginfod.ubuntu.com /usr/bin/cmake --build /home/vboxuser/rover_heartbeat/src/build/heartbeat_publisher -- -j2 -l2
[0.479s] DEBUG:colcon.colcon_core.event_handler.log_command:Invoking command in '/home/vboxuser/rover_heartbeat/src/build/heartbeat_publisher': CMAKE_PREFIX_PATH=${CMAKE_PREFIX_PATH}:/opt/ros/jazzy DEBUGINFOD_URLS=https://debuginfod.ubuntu.com /usr/bin/cmake --install /home/vboxuser/rover_heartbeat/src/build/heartbeat_publisher
[0.503s] Level 1:colcon.colcon_core.environment:create_environment_scripts_only(heartbeat_publisher)
[0.503s] DEBUG:colcon.colcon_core.event_handler.log_command:Invoked command in '/home/vboxuser/rover_heartbeat/src/build/heartbeat_publisher' returned '0': CMAKE_PREFIX_PATH=${CMAKE_PREFIX_PATH}:/opt/ros/jazzy DEBUGINFOD_URLS=https://debuginfod.ubuntu.com /usr/bin/cmake --install /home/vboxuser/rover_heartbeat/src/build/heartbeat_publisher
[0.505s] Level 1:colcon.colcon_core.environment:checking '/home/vboxuser/rover_heartbeat/src/install/heartbeat_publisher' for CMake module files
[0.506s] Level 1:colcon.colcon_core.environment:checking '/home/vboxuser/rover_heartbeat/src/install/heartbeat_publisher' for CMake config files
[0.506s] Level 1:colcon.colcon_core.shell:create_environment_hook('heartbeat_publisher', 'cmake_prefix_path')
[0.506s] INFO:colcon.colcon_core.shell:Creating environment hook '/home/vboxuser/rover_heartbeat/src/install/heartbeat_publisher/share/heartbeat_publisher/hook/cmake_prefix_path.ps1'
[0.508s] INFO:colcon.colcon_core.shell:Creating environment descriptor '/home/vboxuser/rover_heartbeat/src/install/heartbeat_publisher/share/heartbeat_publisher/hook/cmake_prefix_path.dsv'
[0.508s] INFO:colcon.colcon_core.shell:Creating environment hook '/home/vboxuser/rover_heartbeat/src/install/heartbeat_publisher/share/heartbeat_publisher/hook/cmake_prefix_path.sh'
[0.510s] Level 1:colcon.colcon_core.environment:checking '/home/vboxuser/rover_heartbeat/src/install/heartbeat_publisher/lib'
[0.510s] Level 1:colcon.colcon_core.environment:checking '/home/vboxuser/rover_heartbeat/src/install/heartbeat_publisher/bin'
[0.510s] Level 1:colcon.colcon_core.environment:checking '/home/vboxuser/rover_heartbeat/src/install/heartbeat_publisher/lib/pkgconfig/heartbeat_publisher.pc'
[0.511s] Level 1:colcon.colcon_core.environment:checking '/home/vboxuser/rover_heartbeat/src/install/heartbeat_publisher/lib/python3.12/site-packages'
[0.511s] Level 1:colcon.colcon_core.environment:checking '/home/vboxuser/rover_heartbeat/src/install/heartbeat_publisher/bin'
[0.512s] INFO:colcon.colcon_core.shell:Creating package script '/home/vboxuser/rover_heartbeat/src/install/heartbeat_publisher/share/heartbeat_publisher/package.ps1'
[0.513s] INFO:colcon.colcon_core.shell:Creating package descriptor '/home/vboxuser/rover_heartbeat/src/install/heartbeat_publisher/share/heartbeat_publisher/package.dsv'
[0.513s] INFO:colcon.colcon_core.shell:Creating package script '/home/vboxuser/rover_heartbeat/src/install/heartbeat_publisher/share/heartbeat_publisher/package.sh'
[0.514s] INFO:colcon.colcon_core.shell:Creating package script '/home/vboxuser/rover_heartbeat/src/install/heartbeat_publisher/share/heartbeat_publisher/package.bash'
[0.515s] INFO:colcon.colcon_core.shell:Creating package script '/home/vboxuser/rover_heartbeat/src/install/heartbeat_publisher/share/heartbeat_publisher/package.zsh'
[0.516s] Level 1:colcon.colcon_core.environment:create_file_with_runtime_dependencies(/home/vboxuser/rover_heartbeat/src/install/heartbeat_publisher/share/colcon-core/packages/heartbeat_publisher)
[0.517s] Level 1:colcon.colcon_core.environment:create_environment_scripts_only(heartbeat_publisher)
[0.517s] Level 1:colcon.colcon_core.environment:checking '/home/vboxuser/rover_heartbeat/src/install/heartbeat_publisher' for CMake module files
[0.518s] Level 1:colcon.colcon_core.environment:checking '/home/vboxuser/rover_heartbeat/src/install/heartbeat_publisher' for CMake config files
[0.518s] Level 1:colcon.colcon_core.shell:create_environment_hook('heartbeat_publisher', 'cmake_prefix_path')
[0.519s] INFO:colcon.colcon_core.shell:Creating environment hook '/home/vboxuser/rover_heartbeat/src/install/heartbeat_publisher/share/heartbeat_publisher/hook/cmake_prefix_path.ps1'
[0.519s] INFO:colcon.colcon_core.shell:Creating environment descriptor '/home/vboxuser/rover_heartbeat/src/install/heartbeat_publisher/share/heartbeat_publisher/hook/cmake_prefix_path.dsv'
[0.520s] INFO:colcon.colcon_core.shell:Creating environment hook '/home/vboxuser/rover_heartbeat/src/install/heartbeat_publisher/share/heartbeat_publisher/hook/cmake_prefix_path.sh'
[0.521s] Level 1:colcon.colcon_core.environment:checking '/home/vboxuser/rover_heartbeat/src/install/heartbeat_publisher/lib'
[0.521s] Level 1:colcon.colcon_core.environment:checking '/home/vboxuser/rover_heartbeat/src/install/heartbeat_publisher/bin'
[0.521s] Level 1:colcon.colcon_core.environment:checking '/home/vboxuser/rover_heartbeat/src/install/heartbeat_publisher/lib/pkgconfig/heartbeat_publisher.pc'
[0.522s] Level 1:colcon.colcon_core.environment:checking '/home/vboxuser/rover_heartbeat/src/install/heartbeat_publisher/lib/python3.12/site-packages'
[0.522s] Level 1:colcon.colcon_core.environment:checking '/home/vboxuser/rover_heartbeat/src/install/heartbeat_publisher/bin'
[0.522s] INFO:colcon.colcon_core.shell:Creating package script '/home/vboxuser/rover_heartbeat/src/install/heartbeat_publisher/share/heartbeat_publisher/package.ps1'
[0.523s] INFO:colcon.colcon_core.shell:Creating package descriptor '/home/vboxuser/rover_heartbeat/src/install/heartbeat_publisher/share/heartbeat_publisher/package.dsv'
[0.524s] INFO:colcon.colcon_core.shell:Creating package script '/home/vboxuser/rover_heartbeat/src/install/heartbeat_publisher/share/heartbeat_publisher/package.sh'
[0.524s] INFO:colcon.colcon_core.shell:Creating package script '/home/vboxuser/rover_heartbeat/src/install/heartbeat_publisher/share/heartbeat_publisher/package.bash'
[0.525s] INFO:colcon.colcon_core.shell:Creating package script '/home/vboxuser/rover_heartbeat/src/install/heartbeat_publisher/share/heartbeat_publisher/package.zsh'
[0.526s] Level 1:colcon.colcon_core.environment:create_file_with_runtime_dependencies(/home/vboxuser/rover_heartbeat/src/install/heartbeat_publisher/share/colcon-core/packages/heartbeat_publisher)
[12.462s] DEBUG:colcon.colcon_core.event_handler.log_command:Invoked command in '/home/vboxuser/rover_heartbeat/src/build/heartbeat_subscriber' returned '0': CMAKE_PREFIX_PATH=${CMAKE_PREFIX_PATH}:/opt/ros/jazzy DEBUGINFOD_URLS=https://debuginfod.ubuntu.com /usr/bin/cmake --build /home/vboxuser/rover_heartbeat/src/build/heartbeat_subscriber -- -j2 -l2
[12.466s] DEBUG:colcon.colcon_core.event_handler.log_command:Invoking command in '/home/vboxuser/rover_heartbeat/src/build/heartbeat_subscriber': CMAKE_PREFIX_PATH=${CMAKE_PREFIX_PATH}:/opt/ros/jazzy DEBUGINFOD_URLS=https://debuginfod.ubuntu.com /usr/bin/cmake --install /home/vboxuser/rover_heartbeat/src/build/heartbeat_subscriber
[12.490s] Level 1:colcon.colcon_core.environment:create_environment_scripts_only(heartbeat_subscriber)
[12.491s] Level 1:colcon.colcon_core.environment:checking '/home/vboxuser/rover_heartbeat/src/install/heartbeat_subscriber' for CMake module files
[12.492s] Level 1:colcon.colcon_core.environment:checking '/home/vboxuser/rover_heartbeat/src/install/heartbeat_subscriber' for CMake config files
[12.492s] Level 1:colcon.colcon_core.shell:create_environment_hook('heartbeat_subscriber', 'cmake_prefix_path')
[12.492s] INFO:colcon.colcon_core.shell:Creating environment hook '/home/vboxuser/rover_heartbeat/src/install/heartbeat_subscriber/share/heartbeat_subscriber/hook/cmake_prefix_path.ps1'
[12.494s] INFO:colcon.colcon_core.shell:Creating environment descriptor '/home/vboxuser/rover_heartbeat/src/install/heartbeat_subscriber/share/heartbeat_subscriber/hook/cmake_prefix_path.dsv'
[12.494s] INFO:colcon.colcon_core.shell:Creating environment hook '/home/vboxuser/rover_heartbeat/src/install/heartbeat_subscriber/share/heartbeat_subscriber/hook/cmake_prefix_path.sh'
[12.496s] DEBUG:colcon.colcon_core.event_handler.log_command:Invoked command in '/home/vboxuser/rover_heartbeat/src/build/heartbeat_subscriber' returned '0': CMAKE_PREFIX_PATH=${CMAKE_PREFIX_PATH}:/opt/ros/jazzy DEBUGINFOD_URLS=https://debuginfod.ubuntu.com /usr/bin/cmake --install /home/vboxuser/rover_heartbeat/src/build/heartbeat_subscriber
[12.496s] Level 1:colcon.colcon_core.environment:checking '/home/vboxuser/rover_heartbeat/src/install/heartbeat_subscriber/lib'
[12.496s] Level 1:colcon.colcon_core.environment:checking '/home/vboxuser/rover_heartbeat/src/install/heartbeat_subscriber/bin'
[12.496s] Level 1:colcon.colcon_core.environment:checking '/home/vboxuser/rover_heartbeat/src/install/heartbeat_subscriber/lib/pkgconfig/heartbeat_subscriber.pc'
[12.497s] Level 1:colcon.colcon_core.environment:checking '/home/vboxuser/rover_heartbeat/src/install/heartbeat_subscriber/lib/python3.12/site-packages'
[12.497s] Level 1:colcon.colcon_core.environment:checking '/home/vboxuser/rover_heartbeat/src/install/heartbeat_subscriber/bin'
[12.497s] INFO:colcon.colcon_core.shell:Creating package script '/home/vboxuser/rover_heartbeat/src/install/heartbeat_subscriber/share/heartbeat_subscriber/package.ps1'
[12.498s] INFO:colcon.colcon_core.shell:Creating package descriptor '/home/vboxuser/rover_heartbeat/src/install/heartbeat_subscriber/share/heartbeat_subscriber/package.dsv'
[12.499s] INFO:colcon.colcon_core.shell:Creating package script '/home/vboxuser/rover_heartbeat/src/install/heartbeat_subscriber/share/heartbeat_subscriber/package.sh'
[12.500s] INFO:colcon.colcon_core.shell:Creating package script '/home/vboxuser/rover_heartbeat/src/install/heartbeat_subscriber/share/heartbeat_subscriber/package.bash'
[12.501s] INFO:colcon.colcon_core.shell:Creating package script '/home/vboxuser/rover_heartbeat/src/install/heartbeat_subscriber/share/heartbeat_subscriber/package.zsh'
[12.502s] Level 1:colcon.colcon_core.environment:create_file_with_runtime_dependencies(/home/vboxuser/rover_heartbeat/src/install/heartbeat_subscriber/share/colcon-core/packages/heartbeat_subscriber)
[12.503s] Level 1:colcon.colcon_core.environment:create_environment_scripts_only(heartbeat_subscriber)
[12.503s] Level 1:colcon.colcon_core.environment:checking '/home/vboxuser/rover_heartbeat/src/install/heartbeat_subscriber' for CMake module files
[12.504s] Level 1:colcon.colcon_core.environment:checking '/home/vboxuser/rover_heartbeat/src/install/heartbeat_subscriber' for CMake config files
[12.505s] Level 1:colcon.colcon_core.shell:create_environment_hook('heartbeat_subscriber', 'cmake_prefix_path')
[12.505s] INFO:colcon.colcon_core.shell:Creating environment hook '/home/vboxuser/rover_heartbeat/src/install/heartbeat_subscriber/share/heartbeat_subscriber/hook/cmake_prefix_path.ps1'
[12.506s] INFO:colcon.colcon_core.shell:Creating environment descriptor '/home/vboxuser/rover_heartbeat/src/install/heartbeat_subscriber/share/heartbeat_subscriber/hook/cmake_prefix_path.dsv'
[12.507s] INFO:colcon.colcon_core.shell:Creating environment hook '/home/vboxuser/rover_heartbeat/src/install/heartbeat_subscriber/share/heartbeat_subscriber/hook/cmake_prefix_path.sh'
[12.509s] Level 1:colcon.colcon_core.environment:checking '/home/vboxuser/rover_heartbeat/src/install/heartbeat_subscriber/lib'
[12.509s] Level 1:colcon.colcon_core.environment:checking '/home/vboxuser/rover_heartbeat/src/install/heartbeat_subscriber/bin'
[12.509s] Level 1:colcon.colcon_core.environment:checking '/home/vboxuser/rover_heartbeat/src/install/heartbeat_subscriber/lib/pkgconfig/heartbeat_subscriber.pc'
[12.509s] Level 1:colcon.colcon_core.environment:checking '/home/vboxuser/rover_heartbeat/src/install/heartbeat_subscriber/lib/python3.12/site-packages'
[12.509s] Level 1:colcon.colcon_core.environment:checking '/home/vboxuser/rover_heartbeat/src/install/heartbeat_subscriber/bin'
[12.510s] INFO:colcon.colcon_core.shell:Creating package script '/home/vboxuser/rover_heartbeat/src/install/heartbeat_subscriber/share/heartbeat_subscriber/package.ps1'
[12.511s] INFO:colcon.colcon_core.shell:Creating package descriptor '/home/vboxuser/rover_heartbeat/src/install/heartbeat_subscriber/share/heartbeat_subscriber/package.dsv'
[12.512s] INFO:colcon.colcon_core.shell:Creating package script '/home/vboxuser/rover_heartbeat/src/install/heartbeat_subscriber/share/heartbeat_subscriber/package.sh'
[12.513s] INFO:colcon.colcon_core.shell:Creating package script '/home/vboxuser/rover_heartbeat/src/install/heartbeat_subscriber/share/heartbeat_subscriber/package.bash'
[12.514s] INFO:colcon.colcon_core.shell:Creating package script '/home/vboxuser/rover_heartbeat/src/install/heartbeat_subscriber/share/heartbeat_subscriber/package.zsh'
[12.515s] Level 1:colcon.colcon_core.environment:create_file_with_runtime_dependencies(/home/vboxuser/rover_heartbeat/src/install/heartbeat_subscriber/share/colcon-core/packages/heartbeat_subscriber)
[12.516s] DEBUG:colcon.colcon_parallel_executor.executor.parallel:closing loop
[12.517s] DEBUG:colcon.colcon_parallel_executor.executor.parallel:loop closed
[12.518s] DEBUG:colcon.colcon_parallel_executor.executor.parallel:run_until_complete finished with '0'
[12.518s] DEBUG:colcon.colcon_core.event_reactor:joining thread
[12.527s] INFO:colcon.colcon_core.plugin_system:Skipping extension 'colcon_notification.desktop_notification.terminal_notifier': Not used on non-Darwin systems
[12.527s] INFO:colcon.colcon_core.plugin_system:Skipping extension 'colcon_notification.desktop_notification.win32': Not used on non-Windows systems
[12.527s] INFO:colcon.colcon_notification.desktop_notification:Sending desktop notification using 'notify2'
[12.556s] DEBUG:colcon.colcon_core.event_reactor:joined thread
[12.557s] INFO:colcon.colcon_core.shell:Creating prefix script '/home/vboxuser/rover_heartbeat/src/install/local_setup.ps1'
[12.558s] INFO:colcon.colcon_core.shell:Creating prefix util module '/home/vboxuser/rover_heartbeat/src/install/_local_setup_util_ps1.py'
[12.559s] INFO:colcon.colcon_core.shell:Creating prefix chain script '/home/vboxuser/rover_heartbeat/src/install/setup.ps1'
[12.561s] INFO:colcon.colcon_core.shell:Creating prefix script '/home/vboxuser/rover_heartbeat/src/install/local_setup.sh'
[12.562s] INFO:colcon.colcon_core.shell:Creating prefix util module '/home/vboxuser/rover_heartbeat/src/install/_local_setup_util_sh.py'
[12.563s] INFO:colcon.colcon_core.shell:Creating prefix chain script '/home/vboxuser/rover_heartbeat/src/install/setup.sh'
[12.565s] INFO:colcon.colcon_core.shell:Creating prefix script '/home/vboxuser/rover_heartbeat/src/install/local_setup.bash'
[12.565s] INFO:colcon.colcon_core.shell:Creating prefix chain script '/home/vboxuser/rover_heartbeat/src/install/setup.bash'
[12.566s] INFO:colcon.colcon_core.shell:Creating prefix script '/home/vboxuser/rover_heartbeat/src/install/local_setup.zsh'
[12.567s] INFO:colcon.colcon_core.shell:Creating prefix chain script '/home/vboxuser/rover_heartbeat/src/install/setup.zsh'
