[0.029s] Invoking command in '/home/vboxuser/rover_heartbeat/src/build/heartbeat_publisher': CMAKE_PREFIX_PATH=${CMAKE_PREFIX_PATH}:/opt/ros/jazzy DEBUGINFOD_URLS=https://debuginfod.ubuntu.com /usr/bin/cmake --build /home/vboxuser/rover_heartbeat/src/build/heartbeat_publisher -- -j2 -l2
[0.177s] [100%] Built target heartbeat_publisher
[0.204s] Invoked command in '/home/vboxuser/rover_heartbeat/src/build/heartbeat_publisher' returned '0': CMAKE_PREFIX_PATH=${CMAKE_PREFIX_PATH}:/opt/ros/jazzy DEBUGINFOD_URLS=https://debuginfod.ubuntu.com /usr/bin/cmake --build /home/vboxuser/rover_heartbeat/src/build/heartbeat_publisher -- -j2 -l2
[0.239s] Invoking command in '/home/vboxuser/rover_heartbeat/src/build/heartbeat_publisher': CMAKE_PREFIX_PATH=${CMAKE_PREFIX_PATH}:/opt/ros/jazzy DEBUGINFOD_URLS=https://debuginfod.ubuntu.com /usr/bin/cmake --install /home/vboxuser/rover_heartbeat/src/build/heartbeat_publisher
[0.252s] -- Install configuration: ""
[0.253s] -- Up-to-date: /home/vboxuser/rover_heartbeat/src/install/heartbeat_publisher/lib/heartbeat_publisher/heartbeat_publisher
[0.254s] -- Up-to-date: /home/vboxuser/rover_heartbeat/src/install/heartbeat_publisher/share/ament_index/resource_index/package_run_dependencies/heartbeat_publisher
[0.254s] -- Up-to-date: /home/vboxuser/rover_heartbeat/src/install/heartbeat_publisher/share/ament_index/resource_index/parent_prefix_path/heartbeat_publisher
[0.255s] -- Up-to-date: /home/vboxuser/rover_heartbeat/src/install/heartbeat_publisher/share/heartbeat_publisher/environment/ament_prefix_path.sh
[0.258s] -- Up-to-date: /home/vboxuser/rover_heartbeat/src/install/heartbeat_publisher/share/heartbeat_publisher/environment/ament_prefix_path.dsv
[0.258s] -- Up-to-date: /home/vboxuser/rover_heartbeat/src/install/heartbeat_publisher/share/heartbeat_publisher/environment/path.sh
[0.258s] -- Up-to-date: /home/vboxuser/rover_heartbeat/src/install/heartbeat_publisher/share/heartbeat_publisher/environment/path.dsv
[0.259s] -- Up-to-date: /home/vboxuser/rover_heartbeat/src/install/heartbeat_publisher/share/heartbeat_publisher/local_setup.bash
[0.259s] -- Up-to-date: /home/vboxuser/rover_heartbeat/src/install/heartbeat_publisher/share/heartbeat_publisher/local_setup.sh
[0.259s] -- Up-to-date: /home/vboxuser/rover_heartbeat/src/install/heartbeat_publisher/share/heartbeat_publisher/local_setup.zsh
[0.259s] -- Up-to-date: /home/vboxuser/rover_heartbeat/src/install/heartbeat_publisher/share/heartbeat_publisher/local_setup.dsv
[0.260s] -- Installing: /home/vboxuser/rover_heartbeat/src/install/heartbeat_publisher/share/heartbeat_publisher/package.dsv
[0.260s] -- Up-to-date: /home/vboxuser/rover_heartbeat/src/install/heartbeat_publisher/share/ament_index/resource_index/packages/heartbeat_publisher
[0.260s] -- Up-to-date: /home/vboxuser/rover_heartbeat/src/install/heartbeat_publisher/share/heartbeat_publisher/cmake/heartbeat_publisherConfig.cmake
[0.260s] -- Up-to-date: /home/vboxuser/rover_heartbeat/src/install/heartbeat_publisher/share/heartbeat_publisher/cmake/heartbeat_publisherConfig-version.cmake
[0.260s] -- Up-to-date: /home/vboxuser/rover_heartbeat/src/install/heartbeat_publisher/share/heartbeat_publisher/package.xml
[0.263s] Invoked command in '/home/vboxuser/rover_heartbeat/src/build/heartbeat_publisher' returned '0': CMAKE_PREFIX_PATH=${CMAKE_PREFIX_PATH}:/opt/ros/jazzy DEBUGINFOD_URLS=https://debuginfod.ubuntu.com /usr/bin/cmake --install /home/vboxuser/rover_heartbeat/src/build/heartbeat_publisher
