[0.067s] Invoking command in '/home/vboxuser/base_station_heartbeat/src/build/heartbeat_subscriber': CMAKE_PREFIX_PATH=${CMAKE_PREFIX_PATH}:/opt/ros/jazzy DEBUGINFOD_URLS=https://debuginfod.ubuntu.com /usr/bin/cmake --build /home/vboxuser/base_station_heartbeat/src/build/heartbeat_subscriber -- -j2 -l2
[0.323s] [ 50%] [32mBuilding CXX object CMakeFiles/heartbeat_subscriber.dir/src/heartbeat_subscriber.cpp.o[0m
[20.990s] [100%] [32m[1mLinking CXX executable heartbeat_subscriber[0m
[21.758s] [100%] Built target heartbeat_subscriber
[21.802s] Invoked command in '/home/vboxuser/base_station_heartbeat/src/build/heartbeat_subscriber' returned '0': CMAKE_PREFIX_PATH=${CMAKE_PREFIX_PATH}:/opt/ros/jazzy DEBUGINFOD_URLS=https://debuginfod.ubuntu.com /usr/bin/cmake --build /home/vboxuser/base_station_heartbeat/src/build/heartbeat_subscriber -- -j2 -l2
[21.806s] Invoking command in '/home/vboxuser/base_station_heartbeat/src/build/heartbeat_subscriber': CMAKE_PREFIX_PATH=${CMAKE_PREFIX_PATH}:/opt/ros/jazzy DEBUGINFOD_URLS=https://debuginfod.ubuntu.com /usr/bin/cmake --install /home/vboxuser/base_station_heartbeat/src/build/heartbeat_subscriber
[21.837s] -- Install configuration: ""
[21.837s] -- Installing: /home/vboxuser/base_station_heartbeat/src/install/heartbeat_subscriber/lib/heartbeat_subscriber/heartbeat_subscriber
[21.860s] -- Set non-toolchain portion of runtime path of "/home/vboxuser/base_station_heartbeat/src/install/heartbeat_subscriber/lib/heartbeat_subscriber/heartbeat_subscriber" to ""
[21.860s] -- Up-to-date: /home/vboxuser/base_station_heartbeat/src/install/heartbeat_subscriber/share/ament_index/resource_index/package_run_dependencies/heartbeat_subscriber
[21.860s] -- Up-to-date: /home/vboxuser/base_station_heartbeat/src/install/heartbeat_subscriber/share/ament_index/resource_index/parent_prefix_path/heartbeat_subscriber
[21.861s] -- Up-to-date: /home/vboxuser/base_station_heartbeat/src/install/heartbeat_subscriber/share/heartbeat_subscriber/environment/ament_prefix_path.sh
[21.861s] -- Up-to-date: /home/vboxuser/base_station_heartbeat/src/install/heartbeat_subscriber/share/heartbeat_subscriber/environment/ament_prefix_path.dsv
[21.862s] -- Up-to-date: /home/vboxuser/base_station_heartbeat/src/install/heartbeat_subscriber/share/heartbeat_subscriber/environment/path.sh
[21.862s] -- Up-to-date: /home/vboxuser/base_station_heartbeat/src/install/heartbeat_subscriber/share/heartbeat_subscriber/environment/path.dsv
[21.862s] -- Up-to-date: /home/vboxuser/base_station_heartbeat/src/install/heartbeat_subscriber/share/heartbeat_subscriber/local_setup.bash
[21.862s] -- Up-to-date: /home/vboxuser/base_station_heartbeat/src/install/heartbeat_subscriber/share/heartbeat_subscriber/local_setup.sh
[21.862s] -- Up-to-date: /home/vboxuser/base_station_heartbeat/src/install/heartbeat_subscriber/share/heartbeat_subscriber/local_setup.zsh
[21.862s] -- Up-to-date: /home/vboxuser/base_station_heartbeat/src/install/heartbeat_subscriber/share/heartbeat_subscriber/local_setup.dsv
[21.862s] -- Installing: /home/vboxuser/base_station_heartbeat/src/install/heartbeat_subscriber/share/heartbeat_subscriber/package.dsv
[21.862s] -- Up-to-date: /home/vboxuser/base_station_heartbeat/src/install/heartbeat_subscriber/share/ament_index/resource_index/packages/heartbeat_subscriber
[21.862s] -- Up-to-date: /home/vboxuser/base_station_heartbeat/src/install/heartbeat_subscriber/share/heartbeat_subscriber/cmake/heartbeat_subscriberConfig.cmake
[21.862s] -- Up-to-date: /home/vboxuser/base_station_heartbeat/src/install/heartbeat_subscriber/share/heartbeat_subscriber/cmake/heartbeat_subscriberConfig-version.cmake
[21.862s] -- Up-to-date: /home/vboxuser/base_station_heartbeat/src/install/heartbeat_subscriber/share/heartbeat_subscriber/package.xml
[21.914s] Invoked command in '/home/vboxuser/base_station_heartbeat/src/build/heartbeat_subscriber' returned '0': CMAKE_PREFIX_PATH=${CMAKE_PREFIX_PATH}:/opt/ros/jazzy DEBUGINFOD_URLS=https://debuginfod.ubuntu.com /usr/bin/cmake --install /home/vboxuser/base_station_heartbeat/src/build/heartbeat_subscriber
