[0.185s] DEBUG:colcon:Command line arguments: ['/usr/bin/colcon', 'build']
[0.186s] DEBUG:colcon:Parsed command line arguments: Namespace(log_base=None, log_level=None, verb_name='build', build_base='build', install_base='install', merge_install=False, symlink_install=False, test_result_base=None, continue_on_error=False, executor='parallel', parallel_workers=2, event_handlers=None, ignore_user_meta=False, metas=['./colcon.meta'], base_paths=['.'], packages_ignore=None, packages_ignore_regex=None, paths=None, packages_up_to=None, packages_up_to_regex=None, packages_above=None, packages_above_and_dependencies=None, packages_above_depth=None, packages_select_by_dep=None, packages_skip_by_dep=None, packages_skip_up_to=None, packages_select_build_failed=False, packages_skip_build_finished=False, packages_select_test_failures=False, packages_skip_test_passed=False, packages_select=None, packages_skip=None, packages_select_regex=None, packages_skip_regex=None, packages_start=None, packages_end=None, allow_overriding=[], cmake_args=None, cmake_target=None, cmake_target_skip_unavailable=False, cmake_clean_cache=False, cmake_clean_first=False, cmake_force_configure=False, ament_cmake_args=None, catkin_cmake_args=None, catkin_skip_building_tests=False, mixin_files=None, mixin=None, verb_parser=<colcon_mixin.mixin.mixin_argument.MixinArgumentDecorator object at 0x72ce6ea6b8c0>, verb_extension=<colcon_core.verb.build.BuildVerb object at 0x72ce6ea6b530>, main=<bound method BuildVerb.main of <colcon_core.verb.build.BuildVerb object at 0x72ce6ea6b530>>, mixin_verb=('build',))
[0.242s] Level 1:colcon.colcon_core.package_discovery:discover_packages(colcon_meta) check parameters
[0.244s] Level 1:colcon.colcon_core.package_discovery:discover_packages(recursive) check parameters
[0.244s] Level 1:colcon.colcon_core.package_discovery:discover_packages(ignore) check parameters
[0.244s] Level 1:colcon.colcon_core.package_discovery:discover_packages(path) check parameters
[0.244s] Level 1:colcon.colcon_core.package_discovery:discover_packages(colcon_meta) discover
[0.244s] Level 1:colcon.colcon_core.package_discovery:discover_packages(recursive) discover
[0.244s] INFO:colcon.colcon_core.package_discovery:Crawling recursively for packages in '/home/vboxuser/base_station_heartbeat/src'
[0.244s] Level 1:colcon.colcon_core.package_identification:_identify(.) by extensions ['ignore', 'ignore_ament_install']
[0.245s] Level 1:colcon.colcon_core.package_identification:_identify(.) by extension 'ignore'
[0.245s] Level 1:colcon.colcon_core.package_identification:_identify(.) by extension 'ignore_ament_install'
[0.245s] Level 1:colcon.colcon_core.package_identification:_identify(.) by extensions ['colcon_pkg']
[0.245s] Level 1:colcon.colcon_core.package_identification:_identify(.) by extension 'colcon_pkg'
[0.245s] Level 1:colcon.colcon_core.package_identification:_identify(.) by extensions ['colcon_meta']
[0.245s] Level 1:colcon.colcon_core.package_identification:_identify(.) by extension 'colcon_meta'
[0.245s] Level 1:colcon.colcon_core.package_identification:_identify(.) by extensions ['ros']
[0.245s] Level 1:colcon.colcon_core.package_identification:_identify(.) by extension 'ros'
[0.280s] Level 1:colcon.colcon_core.package_identification:_identify(.) by extensions ['cmake', 'python']
[0.281s] Level 1:colcon.colcon_core.package_identification:_identify(.) by extension 'cmake'
[0.281s] Level 1:colcon.colcon_core.package_identification:_identify(.) by extension 'python'
[0.281s] Level 1:colcon.colcon_core.package_identification:_identify(.) by extensions ['python_setup_py']
[0.281s] Level 1:colcon.colcon_core.package_identification:_identify(.) by extension 'python_setup_py'
[0.281s] Level 1:colcon.colcon_core.package_identification:_identify(build) by extensions ['ignore', 'ignore_ament_install']
[0.281s] Level 1:colcon.colcon_core.package_identification:_identify(build) by extension 'ignore'
[0.282s] Level 1:colcon.colcon_core.package_identification:_identify(build) ignored
[0.283s] Level 1:colcon.colcon_core.package_identification:_identify(heartbeat_publisher) by extensions ['ignore', 'ignore_ament_install']
[0.284s] Level 1:colcon.colcon_core.package_identification:_identify(heartbeat_publisher) by extension 'ignore'
[0.284s] Level 1:colcon.colcon_core.package_identification:_identify(heartbeat_publisher) by extension 'ignore_ament_install'
[0.284s] Level 1:colcon.colcon_core.package_identification:_identify(heartbeat_publisher) by extensions ['colcon_pkg']
[0.284s] Level 1:colcon.colcon_core.package_identification:_identify(heartbeat_publisher) by extension 'colcon_pkg'
[0.284s] Level 1:colcon.colcon_core.package_identification:_identify(heartbeat_publisher) by extensions ['colcon_meta']
[0.284s] Level 1:colcon.colcon_core.package_identification:_identify(heartbeat_publisher) by extension 'colcon_meta'
[0.284s] Level 1:colcon.colcon_core.package_identification:_identify(heartbeat_publisher) by extensions ['ros']
[0.284s] Level 1:colcon.colcon_core.package_identification:_identify(heartbeat_publisher) by extension 'ros'
[0.289s] DEBUG:colcon.colcon_core.package_identification:Package 'heartbeat_publisher' with type 'ros.ament_cmake' and name 'heartbeat_publisher'
[0.290s] Level 1:colcon.colcon_core.package_identification:_identify(heartbeat_subscriber) by extensions ['ignore', 'ignore_ament_install']
[0.290s] Level 1:colcon.colcon_core.package_identification:_identify(heartbeat_subscriber) by extension 'ignore'
[0.290s] Level 1:colcon.colcon_core.package_identification:_identify(heartbeat_subscriber) by extension 'ignore_ament_install'
[0.290s] Level 1:colcon.colcon_core.package_identification:_identify(heartbeat_subscriber) by extensions ['colcon_pkg']
[0.290s] Level 1:colcon.colcon_core.package_identification:_identify(heartbeat_subscriber) by extension 'colcon_pkg'
[0.290s] Level 1:colcon.colcon_core.package_identification:_identify(heartbeat_subscriber) by extensions ['colcon_meta']
[0.290s] Level 1:colcon.colcon_core.package_identification:_identify(heartbeat_subscriber) by extension 'colcon_meta'
[0.290s] Level 1:colcon.colcon_core.package_identification:_identify(heartbeat_subscriber) by extensions ['ros']
[0.290s] Level 1:colcon.colcon_core.package_identification:_identify(heartbeat_subscriber) by extension 'ros'
[0.291s] DEBUG:colcon.colcon_core.package_identification:Package 'heartbeat_subscriber' with type 'ros.ament_cmake' and name 'heartbeat_subscriber'
[0.292s] Level 1:colcon.colcon_core.package_identification:_identify(install) by extensions ['ignore', 'ignore_ament_install']
[0.292s] Level 1:colcon.colcon_core.package_identification:_identify(install) by extension 'ignore'
[0.292s] Level 1:colcon.colcon_core.package_identification:_identify(install) ignored
[0.292s] Level 1:colcon.colcon_core.package_identification:_identify(log) by extensions ['ignore', 'ignore_ament_install']
[0.292s] Level 1:colcon.colcon_core.package_identification:_identify(log) by extension 'ignore'
[0.292s] Level 1:colcon.colcon_core.package_identification:_identify(log) ignored
[0.292s] Level 1:colcon.colcon_core.package_discovery:discover_packages(recursive) using defaults
[0.292s] Level 1:colcon.colcon_core.package_discovery:discover_packages(ignore) discover
[0.292s] Level 1:colcon.colcon_core.package_discovery:discover_packages(ignore) using defaults
[0.292s] Level 1:colcon.colcon_core.package_discovery:discover_packages(path) discover
[0.292s] Level 1:colcon.colcon_core.package_discovery:discover_packages(path) using defaults
[0.317s] Level 1:colcon.colcon_core.package_discovery:discover_packages(prefix_path) check parameters
[0.322s] Level 1:colcon.colcon_core.package_discovery:discover_packages(prefix_path) discover
[0.328s] DEBUG:colcon.colcon_installed_package_information.package_discovery:Found 286 installed packages in /opt/ros/jazzy
[0.332s] Level 1:colcon.colcon_core.package_discovery:discover_packages(prefix_path) using defaults
[0.426s] Level 5:colcon.colcon_core.verb:set package 'heartbeat_publisher' build argument 'cmake_args' from command line to 'None'
[0.428s] Level 5:colcon.colcon_core.verb:set package 'heartbeat_publisher' build argument 'cmake_target' from command line to 'None'
[0.428s] Level 5:colcon.colcon_core.verb:set package 'heartbeat_publisher' build argument 'cmake_target_skip_unavailable' from command line to 'False'
[0.429s] Level 5:colcon.colcon_core.verb:set package 'heartbeat_publisher' build argument 'cmake_clean_cache' from command line to 'False'
[0.429s] Level 5:colcon.colcon_core.verb:set package 'heartbeat_publisher' build argument 'cmake_clean_first' from command line to 'False'
[0.429s] Level 5:colcon.colcon_core.verb:set package 'heartbeat_publisher' build argument 'cmake_force_configure' from command line to 'False'
[0.429s] Level 5:colcon.colcon_core.verb:set package 'heartbeat_publisher' build argument 'ament_cmake_args' from command line to 'None'
[0.429s] Level 5:colcon.colcon_core.verb:set package 'heartbeat_publisher' build argument 'catkin_cmake_args' from command line to 'None'
[0.435s] Level 5:colcon.colcon_core.verb:set package 'heartbeat_publisher' build argument 'catkin_skip_building_tests' from command line to 'False'
[0.436s] DEBUG:colcon.colcon_core.verb:Building package 'heartbeat_publisher' with the following arguments: {'ament_cmake_args': None, 'build_base': '/home/vboxuser/base_station_heartbeat/src/build/heartbeat_publisher', 'catkin_cmake_args': None, 'catkin_skip_building_tests': False, 'cmake_args': None, 'cmake_clean_cache': False, 'cmake_clean_first': False, 'cmake_force_configure': False, 'cmake_target': None, 'cmake_target_skip_unavailable': False, 'install_base': '/home/vboxuser/base_station_heartbeat/src/install/heartbeat_publisher', 'merge_install': False, 'path': '/home/vboxuser/base_station_heartbeat/src/heartbeat_publisher', 'symlink_install': False, 'test_result_base': None}
[0.437s] Level 5:colcon.colcon_core.verb:set package 'heartbeat_subscriber' build argument 'cmake_args' from command line to 'None'
[0.437s] Level 5:colcon.colcon_core.verb:set package 'heartbeat_subscriber' build argument 'cmake_target' from command line to 'None'
[0.437s] Level 5:colcon.colcon_core.verb:set package 'heartbeat_subscriber' build argument 'cmake_target_skip_unavailable' from command line to 'False'
[0.437s] Level 5:colcon.colcon_core.verb:set package 'heartbeat_subscriber' build argument 'cmake_clean_cache' from command line to 'False'
[0.437s] Level 5:colcon.colcon_core.verb:set package 'heartbeat_subscriber' build argument 'cmake_clean_first' from command line to 'False'
[0.437s] Level 5:colcon.colcon_core.verb:set package 'heartbeat_subscriber' build argument 'cmake_force_configure' from command line to 'False'
[0.437s] Level 5:colcon.colcon_core.verb:set package 'heartbeat_subscriber' build argument 'ament_cmake_args' from command line to 'None'
[0.438s] Level 5:colcon.colcon_core.verb:set package 'heartbeat_subscriber' build argument 'catkin_cmake_args' from command line to 'None'
[0.438s] Level 5:colcon.colcon_core.verb:set package 'heartbeat_subscriber' build argument 'catkin_skip_building_tests' from command line to 'False'
[0.438s] DEBUG:colcon.colcon_core.verb:Building package 'heartbeat_subscriber' with the following arguments: {'ament_cmake_args': None, 'build_base': '/home/vboxuser/base_station_heartbeat/src/build/heartbeat_subscriber', 'catkin_cmake_args': None, 'catkin_skip_building_tests': False, 'cmake_args': None, 'cmake_clean_cache': False, 'cmake_clean_first': False, 'cmake_force_configure': False, 'cmake_target': None, 'cmake_target_skip_unavailable': False, 'install_base': '/home/vboxuser/base_station_heartbeat/src/install/heartbeat_subscriber', 'merge_install': False, 'path': '/home/vboxuser/base_station_heartbeat/src/heartbeat_subscriber', 'symlink_install': False, 'test_result_base': None}
[0.438s] INFO:colcon.colcon_core.executor:Executing jobs using 'parallel' executor
[0.439s] DEBUG:colcon.colcon_parallel_executor.executor.parallel:run_until_complete
[0.440s] INFO:colcon.colcon_ros.task.ament_cmake.build:Building ROS package in '/home/vboxuser/base_station_heartbeat/src/heartbeat_publisher' with build type 'ament_cmake'
[0.440s] INFO:colcon.colcon_cmake.task.cmake.build:Building CMake package in '/home/vboxuser/base_station_heartbeat/src/heartbeat_publisher'
[0.442s] INFO:colcon.colcon_core.plugin_system:Skipping extension 'colcon_core.shell.bat': Not used on non-Windows systems
[0.444s] INFO:colcon.colcon_core.shell:Skip shell extension 'powershell' for command environment: Not usable outside of PowerShell
[0.444s] DEBUG:colcon.colcon_core.shell:Skip shell extension 'dsv' for command environment
[0.452s] INFO:colcon.colcon_ros.task.ament_cmake.build:Building ROS package in '/home/vboxuser/base_station_heartbeat/src/heartbeat_subscriber' with build type 'ament_cmake'
[0.454s] INFO:colcon.colcon_cmake.task.cmake.build:Building CMake package in '/home/vboxuser/base_station_heartbeat/src/heartbeat_subscriber'
[0.454s] INFO:colcon.colcon_core.shell:Skip shell extension 'powershell' for command environment: Not usable outside of PowerShell
[0.455s] DEBUG:colcon.colcon_core.shell:Skip shell extension 'dsv' for command environment
[0.493s] DEBUG:colcon.colcon_core.event_handler.log_command:Invoking command in '/home/vboxuser/base_station_heartbeat/src/build/heartbeat_publisher': CMAKE_PREFIX_PATH=${CMAKE_PREFIX_PATH}:/opt/ros/jazzy DEBUGINFOD_URLS=https://debuginfod.ubuntu.com /usr/bin/cmake --build /home/vboxuser/base_station_heartbeat/src/build/heartbeat_publisher -- -j2 -l2
[0.524s] DEBUG:colcon.colcon_core.event_handler.log_command:Invoking command in '/home/vboxuser/base_station_heartbeat/src/build/heartbeat_subscriber': CMAKE_PREFIX_PATH=${CMAKE_PREFIX_PATH}:/opt/ros/jazzy DEBUGINFOD_URLS=https://debuginfod.ubuntu.com /usr/bin/cmake --build /home/vboxuser/base_station_heartbeat/src/build/heartbeat_subscriber -- -j2 -l2
[0.986s] DEBUG:colcon.colcon_core.event_handler.log_command:Invoked command in '/home/vboxuser/base_station_heartbeat/src/build/heartbeat_subscriber' returned '0': CMAKE_PREFIX_PATH=${CMAKE_PREFIX_PATH}:/opt/ros/jazzy DEBUGINFOD_URLS=https://debuginfod.ubuntu.com /usr/bin/cmake --build /home/vboxuser/base_station_heartbeat/src/build/heartbeat_subscriber -- -j2 -l2
[1.016s] DEBUG:colcon.colcon_core.event_handler.log_command:Invoking command in '/home/vboxuser/base_station_heartbeat/src/build/heartbeat_subscriber': CMAKE_PREFIX_PATH=${CMAKE_PREFIX_PATH}:/opt/ros/jazzy DEBUGINFOD_URLS=https://debuginfod.ubuntu.com /usr/bin/cmake --install /home/vboxuser/base_station_heartbeat/src/build/heartbeat_subscriber
[1.037s] DEBUG:colcon.colcon_core.event_handler.log_command:Invoked command in '/home/vboxuser/base_station_heartbeat/src/build/heartbeat_publisher' returned '0': CMAKE_PREFIX_PATH=${CMAKE_PREFIX_PATH}:/opt/ros/jazzy DEBUGINFOD_URLS=https://debuginfod.ubuntu.com /usr/bin/cmake --build /home/vboxuser/base_station_heartbeat/src/build/heartbeat_publisher -- -j2 -l2
[1.038s] DEBUG:colcon.colcon_core.event_handler.log_command:Invoking command in '/home/vboxuser/base_station_heartbeat/src/build/heartbeat_publisher': CMAKE_PREFIX_PATH=${CMAKE_PREFIX_PATH}:/opt/ros/jazzy DEBUGINFOD_URLS=https://debuginfod.ubuntu.com /usr/bin/cmake --install /home/vboxuser/base_station_heartbeat/src/build/heartbeat_publisher
[1.063s] Level 1:colcon.colcon_core.environment:create_environment_scripts_only(heartbeat_publisher)
[1.067s] Level 1:colcon.colcon_core.environment:checking '/home/vboxuser/base_station_heartbeat/src/install/heartbeat_publisher' for CMake module files
[1.068s] Level 1:colcon.colcon_core.environment:checking '/home/vboxuser/base_station_heartbeat/src/install/heartbeat_publisher' for CMake config files
[1.069s] Level 1:colcon.colcon_core.shell:create_environment_hook('heartbeat_publisher', 'cmake_prefix_path')
[1.064s] DEBUG:colcon.colcon_core.event_handler.log_command:Invoked command in '/home/vboxuser/base_station_heartbeat/src/build/heartbeat_publisher' returned '0': CMAKE_PREFIX_PATH=${CMAKE_PREFIX_PATH}:/opt/ros/jazzy DEBUGINFOD_URLS=https://debuginfod.ubuntu.com /usr/bin/cmake --install /home/vboxuser/base_station_heartbeat/src/build/heartbeat_publisher
[1.075s] INFO:colcon.colcon_core.shell:Creating environment hook '/home/vboxuser/base_station_heartbeat/src/install/heartbeat_publisher/share/heartbeat_publisher/hook/cmake_prefix_path.ps1'
[1.080s] INFO:colcon.colcon_core.shell:Creating environment descriptor '/home/vboxuser/base_station_heartbeat/src/install/heartbeat_publisher/share/heartbeat_publisher/hook/cmake_prefix_path.dsv'
[1.084s] INFO:colcon.colcon_core.shell:Creating environment hook '/home/vboxuser/base_station_heartbeat/src/install/heartbeat_publisher/share/heartbeat_publisher/hook/cmake_prefix_path.sh'
[1.089s] Level 1:colcon.colcon_core.environment:checking '/home/vboxuser/base_station_heartbeat/src/install/heartbeat_publisher/lib'
[1.092s] Level 1:colcon.colcon_core.environment:checking '/home/vboxuser/base_station_heartbeat/src/install/heartbeat_publisher/bin'
[1.095s] Level 1:colcon.colcon_core.environment:checking '/home/vboxuser/base_station_heartbeat/src/install/heartbeat_publisher/lib/pkgconfig/heartbeat_publisher.pc'
[1.095s] Level 1:colcon.colcon_core.environment:checking '/home/vboxuser/base_station_heartbeat/src/install/heartbeat_publisher/lib/python3.12/site-packages'
[1.096s] Level 1:colcon.colcon_core.environment:checking '/home/vboxuser/base_station_heartbeat/src/install/heartbeat_publisher/bin'
[1.096s] INFO:colcon.colcon_core.shell:Creating package script '/home/vboxuser/base_station_heartbeat/src/install/heartbeat_publisher/share/heartbeat_publisher/package.ps1'
[1.106s] INFO:colcon.colcon_core.shell:Creating package descriptor '/home/vboxuser/base_station_heartbeat/src/install/heartbeat_publisher/share/heartbeat_publisher/package.dsv'
[1.110s] INFO:colcon.colcon_core.shell:Creating package script '/home/vboxuser/base_station_heartbeat/src/install/heartbeat_publisher/share/heartbeat_publisher/package.sh'
[1.118s] INFO:colcon.colcon_core.shell:Creating package script '/home/vboxuser/base_station_heartbeat/src/install/heartbeat_publisher/share/heartbeat_publisher/package.bash'
[1.127s] INFO:colcon.colcon_core.shell:Creating package script '/home/vboxuser/base_station_heartbeat/src/install/heartbeat_publisher/share/heartbeat_publisher/package.zsh'
[1.133s] Level 1:colcon.colcon_core.environment:create_file_with_runtime_dependencies(/home/vboxuser/base_station_heartbeat/src/install/heartbeat_publisher/share/colcon-core/packages/heartbeat_publisher)
[1.146s] Level 1:colcon.colcon_core.environment:create_environment_scripts_only(heartbeat_publisher)
[1.146s] Level 1:colcon.colcon_core.environment:checking '/home/vboxuser/base_station_heartbeat/src/install/heartbeat_publisher' for CMake module files
[1.149s] Level 1:colcon.colcon_core.environment:checking '/home/vboxuser/base_station_heartbeat/src/install/heartbeat_publisher' for CMake config files
[1.150s] Level 1:colcon.colcon_core.shell:create_environment_hook('heartbeat_publisher', 'cmake_prefix_path')
[1.150s] INFO:colcon.colcon_core.shell:Creating environment hook '/home/vboxuser/base_station_heartbeat/src/install/heartbeat_publisher/share/heartbeat_publisher/hook/cmake_prefix_path.ps1'
[1.152s] INFO:colcon.colcon_core.shell:Creating environment descriptor '/home/vboxuser/base_station_heartbeat/src/install/heartbeat_publisher/share/heartbeat_publisher/hook/cmake_prefix_path.dsv'
[1.157s] INFO:colcon.colcon_core.shell:Creating environment hook '/home/vboxuser/base_station_heartbeat/src/install/heartbeat_publisher/share/heartbeat_publisher/hook/cmake_prefix_path.sh'
[1.160s] Level 1:colcon.colcon_core.environment:checking '/home/vboxuser/base_station_heartbeat/src/install/heartbeat_publisher/lib'
[1.161s] Level 1:colcon.colcon_core.environment:checking '/home/vboxuser/base_station_heartbeat/src/install/heartbeat_publisher/bin'
[1.161s] Level 1:colcon.colcon_core.environment:checking '/home/vboxuser/base_station_heartbeat/src/install/heartbeat_publisher/lib/pkgconfig/heartbeat_publisher.pc'
[1.166s] Level 1:colcon.colcon_core.environment:checking '/home/vboxuser/base_station_heartbeat/src/install/heartbeat_publisher/lib/python3.12/site-packages'
[1.166s] Level 1:colcon.colcon_core.environment:checking '/home/vboxuser/base_station_heartbeat/src/install/heartbeat_publisher/bin'
[1.166s] INFO:colcon.colcon_core.shell:Creating package script '/home/vboxuser/base_station_heartbeat/src/install/heartbeat_publisher/share/heartbeat_publisher/package.ps1'
[1.169s] INFO:colcon.colcon_core.shell:Creating package descriptor '/home/vboxuser/base_station_heartbeat/src/install/heartbeat_publisher/share/heartbeat_publisher/package.dsv'
[1.171s] INFO:colcon.colcon_core.shell:Creating package script '/home/vboxuser/base_station_heartbeat/src/install/heartbeat_publisher/share/heartbeat_publisher/package.sh'
[1.173s] INFO:colcon.colcon_core.shell:Creating package script '/home/vboxuser/base_station_heartbeat/src/install/heartbeat_publisher/share/heartbeat_publisher/package.bash'
[1.176s] INFO:colcon.colcon_core.shell:Creating package script '/home/vboxuser/base_station_heartbeat/src/install/heartbeat_publisher/share/heartbeat_publisher/package.zsh'
[1.177s] Level 1:colcon.colcon_core.environment:create_file_with_runtime_dependencies(/home/vboxuser/base_station_heartbeat/src/install/heartbeat_publisher/share/colcon-core/packages/heartbeat_publisher)
[1.192s] Level 1:colcon.colcon_core.environment:create_environment_scripts_only(heartbeat_subscriber)
[1.192s] Level 1:colcon.colcon_core.environment:checking '/home/vboxuser/base_station_heartbeat/src/install/heartbeat_subscriber' for CMake module files
[1.196s] DEBUG:colcon.colcon_core.event_handler.log_command:Invoked command in '/home/vboxuser/base_station_heartbeat/src/build/heartbeat_subscriber' returned '0': CMAKE_PREFIX_PATH=${CMAKE_PREFIX_PATH}:/opt/ros/jazzy DEBUGINFOD_URLS=https://debuginfod.ubuntu.com /usr/bin/cmake --install /home/vboxuser/base_station_heartbeat/src/build/heartbeat_subscriber
[1.201s] Level 1:colcon.colcon_core.environment:checking '/home/vboxuser/base_station_heartbeat/src/install/heartbeat_subscriber' for CMake config files
[1.202s] Level 1:colcon.colcon_core.shell:create_environment_hook('heartbeat_subscriber', 'cmake_prefix_path')
[1.202s] INFO:colcon.colcon_core.shell:Creating environment hook '/home/vboxuser/base_station_heartbeat/src/install/heartbeat_subscriber/share/heartbeat_subscriber/hook/cmake_prefix_path.ps1'
[1.214s] INFO:colcon.colcon_core.shell:Creating environment descriptor '/home/vboxuser/base_station_heartbeat/src/install/heartbeat_subscriber/share/heartbeat_subscriber/hook/cmake_prefix_path.dsv'
[1.217s] INFO:colcon.colcon_core.shell:Creating environment hook '/home/vboxuser/base_station_heartbeat/src/install/heartbeat_subscriber/share/heartbeat_subscriber/hook/cmake_prefix_path.sh'
[1.221s] Level 1:colcon.colcon_core.environment:checking '/home/vboxuser/base_station_heartbeat/src/install/heartbeat_subscriber/lib'
[1.222s] Level 1:colcon.colcon_core.environment:checking '/home/vboxuser/base_station_heartbeat/src/install/heartbeat_subscriber/bin'
[1.222s] Level 1:colcon.colcon_core.environment:checking '/home/vboxuser/base_station_heartbeat/src/install/heartbeat_subscriber/lib/pkgconfig/heartbeat_subscriber.pc'
[1.222s] Level 1:colcon.colcon_core.environment:checking '/home/vboxuser/base_station_heartbeat/src/install/heartbeat_subscriber/lib/python3.12/site-packages'
[1.224s] Level 1:colcon.colcon_core.environment:checking '/home/vboxuser/base_station_heartbeat/src/install/heartbeat_subscriber/bin'
[1.225s] INFO:colcon.colcon_core.shell:Creating package script '/home/vboxuser/base_station_heartbeat/src/install/heartbeat_subscriber/share/heartbeat_subscriber/package.ps1'
[1.229s] INFO:colcon.colcon_core.shell:Creating package descriptor '/home/vboxuser/base_station_heartbeat/src/install/heartbeat_subscriber/share/heartbeat_subscriber/package.dsv'
[1.231s] INFO:colcon.colcon_core.shell:Creating package script '/home/vboxuser/base_station_heartbeat/src/install/heartbeat_subscriber/share/heartbeat_subscriber/package.sh'
[1.244s] INFO:colcon.colcon_core.shell:Creating package script '/home/vboxuser/base_station_heartbeat/src/install/heartbeat_subscriber/share/heartbeat_subscriber/package.bash'
[1.247s] INFO:colcon.colcon_core.shell:Creating package script '/home/vboxuser/base_station_heartbeat/src/install/heartbeat_subscriber/share/heartbeat_subscriber/package.zsh'
[1.248s] Level 1:colcon.colcon_core.environment:create_file_with_runtime_dependencies(/home/vboxuser/base_station_heartbeat/src/install/heartbeat_subscriber/share/colcon-core/packages/heartbeat_subscriber)
[1.250s] Level 1:colcon.colcon_core.environment:create_environment_scripts_only(heartbeat_subscriber)
[1.251s] Level 1:colcon.colcon_core.environment:checking '/home/vboxuser/base_station_heartbeat/src/install/heartbeat_subscriber' for CMake module files
[1.252s] Level 1:colcon.colcon_core.environment:checking '/home/vboxuser/base_station_heartbeat/src/install/heartbeat_subscriber' for CMake config files
[1.253s] Level 1:colcon.colcon_core.shell:create_environment_hook('heartbeat_subscriber', 'cmake_prefix_path')
[1.253s] INFO:colcon.colcon_core.shell:Creating environment hook '/home/vboxuser/base_station_heartbeat/src/install/heartbeat_subscriber/share/heartbeat_subscriber/hook/cmake_prefix_path.ps1'
[1.255s] INFO:colcon.colcon_core.shell:Creating environment descriptor '/home/vboxuser/base_station_heartbeat/src/install/heartbeat_subscriber/share/heartbeat_subscriber/hook/cmake_prefix_path.dsv'
[1.257s] INFO:colcon.colcon_core.shell:Creating environment hook '/home/vboxuser/base_station_heartbeat/src/install/heartbeat_subscriber/share/heartbeat_subscriber/hook/cmake_prefix_path.sh'
[1.259s] Level 1:colcon.colcon_core.environment:checking '/home/vboxuser/base_station_heartbeat/src/install/heartbeat_subscriber/lib'
[1.260s] Level 1:colcon.colcon_core.environment:checking '/home/vboxuser/base_station_heartbeat/src/install/heartbeat_subscriber/bin'
[1.260s] Level 1:colcon.colcon_core.environment:checking '/home/vboxuser/base_station_heartbeat/src/install/heartbeat_subscriber/lib/pkgconfig/heartbeat_subscriber.pc'
[1.260s] Level 1:colcon.colcon_core.environment:checking '/home/vboxuser/base_station_heartbeat/src/install/heartbeat_subscriber/lib/python3.12/site-packages'
[1.261s] Level 1:colcon.colcon_core.environment:checking '/home/vboxuser/base_station_heartbeat/src/install/heartbeat_subscriber/bin'
[1.262s] INFO:colcon.colcon_core.shell:Creating package script '/home/vboxuser/base_station_heartbeat/src/install/heartbeat_subscriber/share/heartbeat_subscriber/package.ps1'
[1.264s] INFO:colcon.colcon_core.shell:Creating package descriptor '/home/vboxuser/base_station_heartbeat/src/install/heartbeat_subscriber/share/heartbeat_subscriber/package.dsv'
[1.265s] INFO:colcon.colcon_core.shell:Creating package script '/home/vboxuser/base_station_heartbeat/src/install/heartbeat_subscriber/share/heartbeat_subscriber/package.sh'
[1.267s] INFO:colcon.colcon_core.shell:Creating package script '/home/vboxuser/base_station_heartbeat/src/install/heartbeat_subscriber/share/heartbeat_subscriber/package.bash'
[1.269s] INFO:colcon.colcon_core.shell:Creating package script '/home/vboxuser/base_station_heartbeat/src/install/heartbeat_subscriber/share/heartbeat_subscriber/package.zsh'
[1.270s] Level 1:colcon.colcon_core.environment:create_file_with_runtime_dependencies(/home/vboxuser/base_station_heartbeat/src/install/heartbeat_subscriber/share/colcon-core/packages/heartbeat_subscriber)
[1.273s] DEBUG:colcon.colcon_parallel_executor.executor.parallel:closing loop
[1.273s] DEBUG:colcon.colcon_parallel_executor.executor.parallel:loop closed
[1.276s] DEBUG:colcon.colcon_parallel_executor.executor.parallel:run_until_complete finished with '0'
[1.276s] DEBUG:colcon.colcon_core.event_reactor:joining thread
[1.292s] INFO:colcon.colcon_core.plugin_system:Skipping extension 'colcon_notification.desktop_notification.terminal_notifier': Not used on non-Darwin systems
[1.292s] INFO:colcon.colcon_core.plugin_system:Skipping extension 'colcon_notification.desktop_notification.win32': Not used on non-Windows systems
[1.292s] INFO:colcon.colcon_notification.desktop_notification:Sending desktop notification using 'notify2'
[1.330s] DEBUG:colcon.colcon_core.event_reactor:joined thread
[1.331s] INFO:colcon.colcon_core.shell:Creating prefix script '/home/vboxuser/base_station_heartbeat/src/install/local_setup.ps1'
[1.332s] INFO:colcon.colcon_core.shell:Creating prefix util module '/home/vboxuser/base_station_heartbeat/src/install/_local_setup_util_ps1.py'
[1.336s] INFO:colcon.colcon_core.shell:Creating prefix chain script '/home/vboxuser/base_station_heartbeat/src/install/setup.ps1'
[1.339s] INFO:colcon.colcon_core.shell:Creating prefix script '/home/vboxuser/base_station_heartbeat/src/install/local_setup.sh'
[1.340s] INFO:colcon.colcon_core.shell:Creating prefix util module '/home/vboxuser/base_station_heartbeat/src/install/_local_setup_util_sh.py'
[1.342s] INFO:colcon.colcon_core.shell:Creating prefix chain script '/home/vboxuser/base_station_heartbeat/src/install/setup.sh'
[1.344s] INFO:colcon.colcon_core.shell:Creating prefix script '/home/vboxuser/base_station_heartbeat/src/install/local_setup.bash'
[1.346s] INFO:colcon.colcon_core.shell:Creating prefix chain script '/home/vboxuser/base_station_heartbeat/src/install/setup.bash'
[1.348s] INFO:colcon.colcon_core.shell:Creating prefix script '/home/vboxuser/base_station_heartbeat/src/install/local_setup.zsh'
[1.349s] INFO:colcon.colcon_core.shell:Creating prefix chain script '/home/vboxuser/base_station_heartbeat/src/install/setup.zsh'
