[0.224s] DEBUG:colcon:Command line arguments: ['/usr/bin/colcon', 'build', '--cmake-args', '-DCMAKE_EXPORT_COMPILE_COMMANDS=ON']
[0.226s] DEBUG:colcon:Parsed command line arguments: Namespace(log_base=None, log_level=None, verb_name='build', build_base='build', install_base='install', merge_install=False, symlink_install=False, test_result_base=None, continue_on_error=False, executor='parallel', parallel_workers=2, event_handlers=None, ignore_user_meta=False, metas=['./colcon.meta'], base_paths=['.'], packages_ignore=None, packages_ignore_regex=None, paths=None, packages_up_to=None, packages_up_to_regex=None, packages_above=None, packages_above_and_dependencies=None, packages_above_depth=None, packages_select_by_dep=None, packages_skip_by_dep=None, packages_skip_up_to=None, packages_select_build_failed=False, packages_skip_build_finished=False, packages_select_test_failures=False, packages_skip_test_passed=False, packages_select=None, packages_skip=None, packages_select_regex=None, packages_skip_regex=None, packages_start=None, packages_end=None, allow_overriding=[], cmake_args=['-DCMAKE_EXPORT_COMPILE_COMMANDS=ON'], cmake_target=None, cmake_target_skip_unavailable=False, cmake_clean_cache=False, cmake_clean_first=False, cmake_force_configure=False, ament_cmake_args=None, catkin_cmake_args=None, catkin_skip_building_tests=False, mixin_files=None, mixin=None, verb_parser=<colcon_mixin.mixin.mixin_argument.MixinArgumentDecorator object at 0x7af0b1487890>, verb_extension=<colcon_core.verb.build.BuildVerb object at 0x7af0b14864b0>, main=<bound method BuildVerb.main of <colcon_core.verb.build.BuildVerb object at 0x7af0b14864b0>>, mixin_verb=('build',))
[0.281s] Level 1:colcon.colcon_core.package_discovery:discover_packages(colcon_meta) check parameters
[0.287s] Level 1:colcon.colcon_core.package_discovery:discover_packages(recursive) check parameters
[0.287s] Level 1:colcon.colcon_core.package_discovery:discover_packages(ignore) check parameters
[0.287s] Level 1:colcon.colcon_core.package_discovery:discover_packages(path) check parameters
[0.291s] Level 1:colcon.colcon_core.package_discovery:discover_packages(colcon_meta) discover
[0.291s] Level 1:colcon.colcon_core.package_discovery:discover_packages(recursive) discover
[0.291s] INFO:colcon.colcon_core.package_discovery:Crawling recursively for packages in '/home/vboxuser/base_station_heartbeat/src'
[0.292s] Level 1:colcon.colcon_core.package_identification:_identify(.) by extensions ['ignore', 'ignore_ament_install']
[0.292s] Level 1:colcon.colcon_core.package_identification:_identify(.) by extension 'ignore'
[0.292s] Level 1:colcon.colcon_core.package_identification:_identify(.) by extension 'ignore_ament_install'
[0.293s] Level 1:colcon.colcon_core.package_identification:_identify(.) by extensions ['colcon_pkg']
[0.293s] Level 1:colcon.colcon_core.package_identification:_identify(.) by extension 'colcon_pkg'
[0.293s] Level 1:colcon.colcon_core.package_identification:_identify(.) by extensions ['colcon_meta']
[0.293s] Level 1:colcon.colcon_core.package_identification:_identify(.) by extension 'colcon_meta'
[0.293s] Level 1:colcon.colcon_core.package_identification:_identify(.) by extensions ['ros']
[0.293s] Level 1:colcon.colcon_core.package_identification:_identify(.) by extension 'ros'
[0.329s] Level 1:colcon.colcon_core.package_identification:_identify(.) by extensions ['cmake', 'python']
[0.330s] Level 1:colcon.colcon_core.package_identification:_identify(.) by extension 'cmake'
[0.330s] Level 1:colcon.colcon_core.package_identification:_identify(.) by extension 'python'
[0.330s] Level 1:colcon.colcon_core.package_identification:_identify(.) by extensions ['python_setup_py']
[0.330s] Level 1:colcon.colcon_core.package_identification:_identify(.) by extension 'python_setup_py'
[0.332s] Level 1:colcon.colcon_core.package_identification:_identify(build) by extensions ['ignore', 'ignore_ament_install']
[0.332s] Level 1:colcon.colcon_core.package_identification:_identify(build) by extension 'ignore'
[0.332s] Level 1:colcon.colcon_core.package_identification:_identify(build) ignored
[0.332s] Level 1:colcon.colcon_core.package_identification:_identify(heartbeat_publisher) by extensions ['ignore', 'ignore_ament_install']
[0.332s] Level 1:colcon.colcon_core.package_identification:_identify(heartbeat_publisher) by extension 'ignore'
[0.332s] Level 1:colcon.colcon_core.package_identification:_identify(heartbeat_publisher) by extension 'ignore_ament_install'
[0.332s] Level 1:colcon.colcon_core.package_identification:_identify(heartbeat_publisher) by extensions ['colcon_pkg']
[0.332s] Level 1:colcon.colcon_core.package_identification:_identify(heartbeat_publisher) by extension 'colcon_pkg'
[0.332s] Level 1:colcon.colcon_core.package_identification:_identify(heartbeat_publisher) by extensions ['colcon_meta']
[0.332s] Level 1:colcon.colcon_core.package_identification:_identify(heartbeat_publisher) by extension 'colcon_meta'
[0.332s] Level 1:colcon.colcon_core.package_identification:_identify(heartbeat_publisher) by extensions ['ros']
[0.332s] Level 1:colcon.colcon_core.package_identification:_identify(heartbeat_publisher) by extension 'ros'
[0.335s] DEBUG:colcon.colcon_core.package_identification:Package 'heartbeat_publisher' with type 'ros.ament_cmake' and name 'heartbeat_publisher'
[0.337s] Level 1:colcon.colcon_core.package_identification:_identify(heartbeat_subscriber) by extensions ['ignore', 'ignore_ament_install']
[0.337s] Level 1:colcon.colcon_core.package_identification:_identify(heartbeat_subscriber) by extension 'ignore'
[0.337s] Level 1:colcon.colcon_core.package_identification:_identify(heartbeat_subscriber) by extension 'ignore_ament_install'
[0.337s] Level 1:colcon.colcon_core.package_identification:_identify(heartbeat_subscriber) by extensions ['colcon_pkg']
[0.337s] Level 1:colcon.colcon_core.package_identification:_identify(heartbeat_subscriber) by extension 'colcon_pkg'
[0.337s] Level 1:colcon.colcon_core.package_identification:_identify(heartbeat_subscriber) by extensions ['colcon_meta']
[0.337s] Level 1:colcon.colcon_core.package_identification:_identify(heartbeat_subscriber) by extension 'colcon_meta'
[0.337s] Level 1:colcon.colcon_core.package_identification:_identify(heartbeat_subscriber) by extensions ['ros']
[0.337s] Level 1:colcon.colcon_core.package_identification:_identify(heartbeat_subscriber) by extension 'ros'
[0.338s] DEBUG:colcon.colcon_core.package_identification:Package 'heartbeat_subscriber' with type 'ros.ament_cmake' and name 'heartbeat_subscriber'
[0.339s] Level 1:colcon.colcon_core.package_identification:_identify(install) by extensions ['ignore', 'ignore_ament_install']
[0.339s] Level 1:colcon.colcon_core.package_identification:_identify(install) by extension 'ignore'
[0.339s] Level 1:colcon.colcon_core.package_identification:_identify(install) ignored
[0.339s] Level 1:colcon.colcon_core.package_identification:_identify(log) by extensions ['ignore', 'ignore_ament_install']
[0.339s] Level 1:colcon.colcon_core.package_identification:_identify(log) by extension 'ignore'
[0.339s] Level 1:colcon.colcon_core.package_identification:_identify(log) ignored
[0.339s] Level 1:colcon.colcon_core.package_discovery:discover_packages(recursive) using defaults
[0.339s] Level 1:colcon.colcon_core.package_discovery:discover_packages(ignore) discover
[0.339s] Level 1:colcon.colcon_core.package_discovery:discover_packages(ignore) using defaults
[0.339s] Level 1:colcon.colcon_core.package_discovery:discover_packages(path) discover
[0.339s] Level 1:colcon.colcon_core.package_discovery:discover_packages(path) using defaults
[0.366s] Level 1:colcon.colcon_core.package_discovery:discover_packages(prefix_path) check parameters
[0.367s] Level 1:colcon.colcon_core.package_discovery:discover_packages(prefix_path) discover
[0.377s] DEBUG:colcon.colcon_installed_package_information.package_discovery:Found 1 installed packages in /home/vboxuser/base_station_heartbeat/install
[0.381s] DEBUG:colcon.colcon_installed_package_information.package_discovery:Found 286 installed packages in /opt/ros/jazzy
[0.383s] Level 1:colcon.colcon_core.package_discovery:discover_packages(prefix_path) using defaults
[0.435s] Level 5:colcon.colcon_core.verb:set package 'heartbeat_publisher' build argument 'cmake_args' from command line to '['-DCMAKE_EXPORT_COMPILE_COMMANDS=ON']'
[0.436s] Level 5:colcon.colcon_core.verb:set package 'heartbeat_publisher' build argument 'cmake_target' from command line to 'None'
[0.436s] Level 5:colcon.colcon_core.verb:set package 'heartbeat_publisher' build argument 'cmake_target_skip_unavailable' from command line to 'False'
[0.436s] Level 5:colcon.colcon_core.verb:set package 'heartbeat_publisher' build argument 'cmake_clean_cache' from command line to 'False'
[0.436s] Level 5:colcon.colcon_core.verb:set package 'heartbeat_publisher' build argument 'cmake_clean_first' from command line to 'False'
[0.436s] Level 5:colcon.colcon_core.verb:set package 'heartbeat_publisher' build argument 'cmake_force_configure' from command line to 'False'
[0.436s] Level 5:colcon.colcon_core.verb:set package 'heartbeat_publisher' build argument 'ament_cmake_args' from command line to 'None'
[0.436s] Level 5:colcon.colcon_core.verb:set package 'heartbeat_publisher' build argument 'catkin_cmake_args' from command line to 'None'
[0.436s] Level 5:colcon.colcon_core.verb:set package 'heartbeat_publisher' build argument 'catkin_skip_building_tests' from command line to 'False'
[0.436s] DEBUG:colcon.colcon_core.verb:Building package 'heartbeat_publisher' with the following arguments: {'ament_cmake_args': None, 'build_base': '/home/vboxuser/base_station_heartbeat/src/build/heartbeat_publisher', 'catkin_cmake_args': None, 'catkin_skip_building_tests': False, 'cmake_args': ['-DCMAKE_EXPORT_COMPILE_COMMANDS=ON'], 'cmake_clean_cache': False, 'cmake_clean_first': False, 'cmake_force_configure': False, 'cmake_target': None, 'cmake_target_skip_unavailable': False, 'install_base': '/home/vboxuser/base_station_heartbeat/src/install/heartbeat_publisher', 'merge_install': False, 'path': '/home/vboxuser/base_station_heartbeat/src/heartbeat_publisher', 'symlink_install': False, 'test_result_base': None}
[0.438s] Level 5:colcon.colcon_core.verb:set package 'heartbeat_subscriber' build argument 'cmake_args' from command line to '['-DCMAKE_EXPORT_COMPILE_COMMANDS=ON']'
[0.438s] Level 5:colcon.colcon_core.verb:set package 'heartbeat_subscriber' build argument 'cmake_target' from command line to 'None'
[0.438s] Level 5:colcon.colcon_core.verb:set package 'heartbeat_subscriber' build argument 'cmake_target_skip_unavailable' from command line to 'False'
[0.441s] Level 5:colcon.colcon_core.verb:set package 'heartbeat_subscriber' build argument 'cmake_clean_cache' from command line to 'False'
[0.441s] Level 5:colcon.colcon_core.verb:set package 'heartbeat_subscriber' build argument 'cmake_clean_first' from command line to 'False'
[0.441s] Level 5:colcon.colcon_core.verb:set package 'heartbeat_subscriber' build argument 'cmake_force_configure' from command line to 'False'
[0.441s] Level 5:colcon.colcon_core.verb:set package 'heartbeat_subscriber' build argument 'ament_cmake_args' from command line to 'None'
[0.442s] Level 5:colcon.colcon_core.verb:set package 'heartbeat_subscriber' build argument 'catkin_cmake_args' from command line to 'None'
[0.443s] Level 5:colcon.colcon_core.verb:set package 'heartbeat_subscriber' build argument 'catkin_skip_building_tests' from command line to 'False'
[0.443s] DEBUG:colcon.colcon_core.verb:Building package 'heartbeat_subscriber' with the following arguments: {'ament_cmake_args': None, 'build_base': '/home/vboxuser/base_station_heartbeat/src/build/heartbeat_subscriber', 'catkin_cmake_args': None, 'catkin_skip_building_tests': False, 'cmake_args': ['-DCMAKE_EXPORT_COMPILE_COMMANDS=ON'], 'cmake_clean_cache': False, 'cmake_clean_first': False, 'cmake_force_configure': False, 'cmake_target': None, 'cmake_target_skip_unavailable': False, 'install_base': '/home/vboxuser/base_station_heartbeat/src/install/heartbeat_subscriber', 'merge_install': False, 'path': '/home/vboxuser/base_station_heartbeat/src/heartbeat_subscriber', 'symlink_install': False, 'test_result_base': None}
[0.444s] INFO:colcon.colcon_core.executor:Executing jobs using 'parallel' executor
[0.449s] DEBUG:colcon.colcon_parallel_executor.executor.parallel:run_until_complete
[0.451s] INFO:colcon.colcon_ros.task.ament_cmake.build:Building ROS package in '/home/vboxuser/base_station_heartbeat/src/heartbeat_publisher' with build type 'ament_cmake'
[0.452s] INFO:colcon.colcon_cmake.task.cmake.build:Building CMake package in '/home/vboxuser/base_station_heartbeat/src/heartbeat_publisher'
[0.456s] INFO:colcon.colcon_core.plugin_system:Skipping extension 'colcon_core.shell.bat': Not used on non-Windows systems
[0.457s] INFO:colcon.colcon_core.shell:Skip shell extension 'powershell' for command environment: Not usable outside of PowerShell
[0.457s] DEBUG:colcon.colcon_core.shell:Skip shell extension 'dsv' for command environment
[0.465s] INFO:colcon.colcon_ros.task.ament_cmake.build:Building ROS package in '/home/vboxuser/base_station_heartbeat/src/heartbeat_subscriber' with build type 'ament_cmake'
[0.465s] INFO:colcon.colcon_cmake.task.cmake.build:Building CMake package in '/home/vboxuser/base_station_heartbeat/src/heartbeat_subscriber'
[0.465s] INFO:colcon.colcon_core.shell:Skip shell extension 'powershell' for command environment: Not usable outside of PowerShell
[0.466s] DEBUG:colcon.colcon_core.shell:Skip shell extension 'dsv' for command environment
[0.489s] DEBUG:colcon.colcon_core.event_handler.log_command:Invoking command in '/home/vboxuser/base_station_heartbeat/src/build/heartbeat_subscriber': CMAKE_PREFIX_PATH=${CMAKE_PREFIX_PATH}:/opt/ros/jazzy DEBUGINFOD_URLS=https://debuginfod.ubuntu.com /usr/bin/cmake /home/vboxuser/base_station_heartbeat/src/heartbeat_subscriber -DCMAKE_EXPORT_COMPILE_COMMANDS=ON -DCMAKE_INSTALL_PREFIX=/home/vboxuser/base_station_heartbeat/src/install/heartbeat_subscriber
[0.505s] DEBUG:colcon.colcon_core.event_handler.log_command:Invoking command in '/home/vboxuser/base_station_heartbeat/src/build/heartbeat_publisher': CMAKE_PREFIX_PATH=${CMAKE_PREFIX_PATH}:/opt/ros/jazzy DEBUGINFOD_URLS=https://debuginfod.ubuntu.com /usr/bin/cmake --build /home/vboxuser/base_station_heartbeat/src/build/heartbeat_publisher -- -j2 -l2
[0.818s] DEBUG:colcon.colcon_core.event_handler.log_command:Invoked command in '/home/vboxuser/base_station_heartbeat/src/build/heartbeat_publisher' returned '0': CMAKE_PREFIX_PATH=${CMAKE_PREFIX_PATH}:/opt/ros/jazzy DEBUGINFOD_URLS=https://debuginfod.ubuntu.com /usr/bin/cmake --build /home/vboxuser/base_station_heartbeat/src/build/heartbeat_publisher -- -j2 -l2
[0.875s] DEBUG:colcon.colcon_core.event_handler.log_command:Invoking command in '/home/vboxuser/base_station_heartbeat/src/build/heartbeat_publisher': CMAKE_PREFIX_PATH=${CMAKE_PREFIX_PATH}:/opt/ros/jazzy DEBUGINFOD_URLS=https://debuginfod.ubuntu.com /usr/bin/cmake --install /home/vboxuser/base_station_heartbeat/src/build/heartbeat_publisher
[0.996s] Level 1:colcon.colcon_core.environment:create_environment_scripts_only(heartbeat_publisher)
[1.012s] DEBUG:colcon.colcon_core.event_handler.log_command:Invoked command in '/home/vboxuser/base_station_heartbeat/src/build/heartbeat_publisher' returned '0': CMAKE_PREFIX_PATH=${CMAKE_PREFIX_PATH}:/opt/ros/jazzy DEBUGINFOD_URLS=https://debuginfod.ubuntu.com /usr/bin/cmake --install /home/vboxuser/base_station_heartbeat/src/build/heartbeat_publisher
[1.014s] Level 1:colcon.colcon_core.environment:checking '/home/vboxuser/base_station_heartbeat/src/install/heartbeat_publisher' for CMake module files
[1.014s] Level 1:colcon.colcon_core.environment:checking '/home/vboxuser/base_station_heartbeat/src/install/heartbeat_publisher' for CMake config files
[1.015s] Level 1:colcon.colcon_core.shell:create_environment_hook('heartbeat_publisher', 'cmake_prefix_path')
[1.015s] INFO:colcon.colcon_core.shell:Creating environment hook '/home/vboxuser/base_station_heartbeat/src/install/heartbeat_publisher/share/heartbeat_publisher/hook/cmake_prefix_path.ps1'
[1.016s] INFO:colcon.colcon_core.shell:Creating environment descriptor '/home/vboxuser/base_station_heartbeat/src/install/heartbeat_publisher/share/heartbeat_publisher/hook/cmake_prefix_path.dsv'
[1.017s] INFO:colcon.colcon_core.shell:Creating environment hook '/home/vboxuser/base_station_heartbeat/src/install/heartbeat_publisher/share/heartbeat_publisher/hook/cmake_prefix_path.sh'
[1.018s] Level 1:colcon.colcon_core.environment:checking '/home/vboxuser/base_station_heartbeat/src/install/heartbeat_publisher/lib'
[1.018s] Level 1:colcon.colcon_core.environment:checking '/home/vboxuser/base_station_heartbeat/src/install/heartbeat_publisher/bin'
[1.018s] Level 1:colcon.colcon_core.environment:checking '/home/vboxuser/base_station_heartbeat/src/install/heartbeat_publisher/lib/pkgconfig/heartbeat_publisher.pc'
[1.019s] Level 1:colcon.colcon_core.environment:checking '/home/vboxuser/base_station_heartbeat/src/install/heartbeat_publisher/lib/python3.12/site-packages'
[1.019s] Level 1:colcon.colcon_core.environment:checking '/home/vboxuser/base_station_heartbeat/src/install/heartbeat_publisher/bin'
[1.020s] INFO:colcon.colcon_core.shell:Creating package script '/home/vboxuser/base_station_heartbeat/src/install/heartbeat_publisher/share/heartbeat_publisher/package.ps1'
[1.026s] INFO:colcon.colcon_core.shell:Creating package descriptor '/home/vboxuser/base_station_heartbeat/src/install/heartbeat_publisher/share/heartbeat_publisher/package.dsv'
[1.028s] INFO:colcon.colcon_core.shell:Creating package script '/home/vboxuser/base_station_heartbeat/src/install/heartbeat_publisher/share/heartbeat_publisher/package.sh'
[1.030s] INFO:colcon.colcon_core.shell:Creating package script '/home/vboxuser/base_station_heartbeat/src/install/heartbeat_publisher/share/heartbeat_publisher/package.bash'
[1.032s] INFO:colcon.colcon_core.shell:Creating package script '/home/vboxuser/base_station_heartbeat/src/install/heartbeat_publisher/share/heartbeat_publisher/package.zsh'
[1.032s] Level 1:colcon.colcon_core.environment:create_file_with_runtime_dependencies(/home/vboxuser/base_station_heartbeat/src/install/heartbeat_publisher/share/colcon-core/packages/heartbeat_publisher)
[1.034s] Level 1:colcon.colcon_core.environment:create_environment_scripts_only(heartbeat_publisher)
[1.034s] Level 1:colcon.colcon_core.environment:checking '/home/vboxuser/base_station_heartbeat/src/install/heartbeat_publisher' for CMake module files
[1.034s] Level 1:colcon.colcon_core.environment:checking '/home/vboxuser/base_station_heartbeat/src/install/heartbeat_publisher' for CMake config files
[1.035s] Level 1:colcon.colcon_core.shell:create_environment_hook('heartbeat_publisher', 'cmake_prefix_path')
[1.035s] INFO:colcon.colcon_core.shell:Creating environment hook '/home/vboxuser/base_station_heartbeat/src/install/heartbeat_publisher/share/heartbeat_publisher/hook/cmake_prefix_path.ps1'
[1.043s] INFO:colcon.colcon_core.shell:Creating environment descriptor '/home/vboxuser/base_station_heartbeat/src/install/heartbeat_publisher/share/heartbeat_publisher/hook/cmake_prefix_path.dsv'
[1.049s] INFO:colcon.colcon_core.shell:Creating environment hook '/home/vboxuser/base_station_heartbeat/src/install/heartbeat_publisher/share/heartbeat_publisher/hook/cmake_prefix_path.sh'
[1.053s] Level 1:colcon.colcon_core.environment:checking '/home/vboxuser/base_station_heartbeat/src/install/heartbeat_publisher/lib'
[1.053s] Level 1:colcon.colcon_core.environment:checking '/home/vboxuser/base_station_heartbeat/src/install/heartbeat_publisher/bin'
[1.053s] Level 1:colcon.colcon_core.environment:checking '/home/vboxuser/base_station_heartbeat/src/install/heartbeat_publisher/lib/pkgconfig/heartbeat_publisher.pc'
[1.054s] Level 1:colcon.colcon_core.environment:checking '/home/vboxuser/base_station_heartbeat/src/install/heartbeat_publisher/lib/python3.12/site-packages'
[1.059s] Level 1:colcon.colcon_core.environment:checking '/home/vboxuser/base_station_heartbeat/src/install/heartbeat_publisher/bin'
[1.065s] INFO:colcon.colcon_core.shell:Creating package script '/home/vboxuser/base_station_heartbeat/src/install/heartbeat_publisher/share/heartbeat_publisher/package.ps1'
[1.070s] INFO:colcon.colcon_core.shell:Creating package descriptor '/home/vboxuser/base_station_heartbeat/src/install/heartbeat_publisher/share/heartbeat_publisher/package.dsv'
[1.073s] INFO:colcon.colcon_core.shell:Creating package script '/home/vboxuser/base_station_heartbeat/src/install/heartbeat_publisher/share/heartbeat_publisher/package.sh'
[1.078s] INFO:colcon.colcon_core.shell:Creating package script '/home/vboxuser/base_station_heartbeat/src/install/heartbeat_publisher/share/heartbeat_publisher/package.bash'
[1.082s] INFO:colcon.colcon_core.shell:Creating package script '/home/vboxuser/base_station_heartbeat/src/install/heartbeat_publisher/share/heartbeat_publisher/package.zsh'
[1.088s] Level 1:colcon.colcon_core.environment:create_file_with_runtime_dependencies(/home/vboxuser/base_station_heartbeat/src/install/heartbeat_publisher/share/colcon-core/packages/heartbeat_publisher)
[2.449s] DEBUG:colcon.colcon_core.event_handler.log_command:Invoked command in '/home/vboxuser/base_station_heartbeat/src/build/heartbeat_subscriber' returned '0': CMAKE_PREFIX_PATH=${CMAKE_PREFIX_PATH}:/opt/ros/jazzy DEBUGINFOD_URLS=https://debuginfod.ubuntu.com /usr/bin/cmake /home/vboxuser/base_station_heartbeat/src/heartbeat_subscriber -DCMAKE_EXPORT_COMPILE_COMMANDS=ON -DCMAKE_INSTALL_PREFIX=/home/vboxuser/base_station_heartbeat/src/install/heartbeat_subscriber
[2.459s] DEBUG:colcon.colcon_core.event_handler.log_command:Invoking command in '/home/vboxuser/base_station_heartbeat/src/build/heartbeat_subscriber': CMAKE_PREFIX_PATH=${CMAKE_PREFIX_PATH}:/opt/ros/jazzy DEBUGINFOD_URLS=https://debuginfod.ubuntu.com /usr/bin/cmake --build /home/vboxuser/base_station_heartbeat/src/build/heartbeat_subscriber -- -j2 -l2
[22.534s] DEBUG:colcon.colcon_core.event_handler.log_command:Invoked command in '/home/vboxuser/base_station_heartbeat/src/build/heartbeat_subscriber' returned '0': CMAKE_PREFIX_PATH=${CMAKE_PREFIX_PATH}:/opt/ros/jazzy DEBUGINFOD_URLS=https://debuginfod.ubuntu.com /usr/bin/cmake --build /home/vboxuser/base_station_heartbeat/src/build/heartbeat_subscriber -- -j2 -l2
[22.535s] DEBUG:colcon.colcon_core.event_handler.log_command:Invoking command in '/home/vboxuser/base_station_heartbeat/src/build/heartbeat_subscriber': CMAKE_PREFIX_PATH=${CMAKE_PREFIX_PATH}:/opt/ros/jazzy DEBUGINFOD_URLS=https://debuginfod.ubuntu.com /usr/bin/cmake --install /home/vboxuser/base_station_heartbeat/src/build/heartbeat_subscriber
[22.591s] Level 1:colcon.colcon_core.environment:create_environment_scripts_only(heartbeat_subscriber)
[22.592s] DEBUG:colcon.colcon_core.event_handler.log_command:Invoked command in '/home/vboxuser/base_station_heartbeat/src/build/heartbeat_subscriber' returned '0': CMAKE_PREFIX_PATH=${CMAKE_PREFIX_PATH}:/opt/ros/jazzy DEBUGINFOD_URLS=https://debuginfod.ubuntu.com /usr/bin/cmake --install /home/vboxuser/base_station_heartbeat/src/build/heartbeat_subscriber
[22.592s] Level 1:colcon.colcon_core.environment:checking '/home/vboxuser/base_station_heartbeat/src/install/heartbeat_subscriber' for CMake module files
[22.596s] Level 1:colcon.colcon_core.environment:checking '/home/vboxuser/base_station_heartbeat/src/install/heartbeat_subscriber' for CMake config files
[22.596s] Level 1:colcon.colcon_core.shell:create_environment_hook('heartbeat_subscriber', 'cmake_prefix_path')
[22.596s] INFO:colcon.colcon_core.shell:Creating environment hook '/home/vboxuser/base_station_heartbeat/src/install/heartbeat_subscriber/share/heartbeat_subscriber/hook/cmake_prefix_path.ps1'
[22.597s] INFO:colcon.colcon_core.shell:Creating environment descriptor '/home/vboxuser/base_station_heartbeat/src/install/heartbeat_subscriber/share/heartbeat_subscriber/hook/cmake_prefix_path.dsv'
[22.597s] INFO:colcon.colcon_core.shell:Creating environment hook '/home/vboxuser/base_station_heartbeat/src/install/heartbeat_subscriber/share/heartbeat_subscriber/hook/cmake_prefix_path.sh'
[22.598s] Level 1:colcon.colcon_core.environment:checking '/home/vboxuser/base_station_heartbeat/src/install/heartbeat_subscriber/lib'
[22.598s] Level 1:colcon.colcon_core.environment:checking '/home/vboxuser/base_station_heartbeat/src/install/heartbeat_subscriber/bin'
[22.598s] Level 1:colcon.colcon_core.environment:checking '/home/vboxuser/base_station_heartbeat/src/install/heartbeat_subscriber/lib/pkgconfig/heartbeat_subscriber.pc'
[22.598s] Level 1:colcon.colcon_core.environment:checking '/home/vboxuser/base_station_heartbeat/src/install/heartbeat_subscriber/lib/python3.12/site-packages'
[22.599s] Level 1:colcon.colcon_core.environment:checking '/home/vboxuser/base_station_heartbeat/src/install/heartbeat_subscriber/bin'
[22.599s] INFO:colcon.colcon_core.shell:Creating package script '/home/vboxuser/base_station_heartbeat/src/install/heartbeat_subscriber/share/heartbeat_subscriber/package.ps1'
[22.601s] INFO:colcon.colcon_core.shell:Creating package descriptor '/home/vboxuser/base_station_heartbeat/src/install/heartbeat_subscriber/share/heartbeat_subscriber/package.dsv'
[22.603s] INFO:colcon.colcon_core.shell:Creating package script '/home/vboxuser/base_station_heartbeat/src/install/heartbeat_subscriber/share/heartbeat_subscriber/package.sh'
[22.615s] INFO:colcon.colcon_core.shell:Creating package script '/home/vboxuser/base_station_heartbeat/src/install/heartbeat_subscriber/share/heartbeat_subscriber/package.bash'
[22.620s] INFO:colcon.colcon_core.shell:Creating package script '/home/vboxuser/base_station_heartbeat/src/install/heartbeat_subscriber/share/heartbeat_subscriber/package.zsh'
[22.623s] Level 1:colcon.colcon_core.environment:create_file_with_runtime_dependencies(/home/vboxuser/base_station_heartbeat/src/install/heartbeat_subscriber/share/colcon-core/packages/heartbeat_subscriber)
[22.625s] Level 1:colcon.colcon_core.environment:create_environment_scripts_only(heartbeat_subscriber)
[22.626s] Level 1:colcon.colcon_core.environment:checking '/home/vboxuser/base_station_heartbeat/src/install/heartbeat_subscriber' for CMake module files
[22.627s] Level 1:colcon.colcon_core.environment:checking '/home/vboxuser/base_station_heartbeat/src/install/heartbeat_subscriber' for CMake config files
[22.627s] Level 1:colcon.colcon_core.shell:create_environment_hook('heartbeat_subscriber', 'cmake_prefix_path')
[22.627s] INFO:colcon.colcon_core.shell:Creating environment hook '/home/vboxuser/base_station_heartbeat/src/install/heartbeat_subscriber/share/heartbeat_subscriber/hook/cmake_prefix_path.ps1'
[22.628s] INFO:colcon.colcon_core.shell:Creating environment descriptor '/home/vboxuser/base_station_heartbeat/src/install/heartbeat_subscriber/share/heartbeat_subscriber/hook/cmake_prefix_path.dsv'
[22.632s] INFO:colcon.colcon_core.shell:Creating environment hook '/home/vboxuser/base_station_heartbeat/src/install/heartbeat_subscriber/share/heartbeat_subscriber/hook/cmake_prefix_path.sh'
[22.635s] Level 1:colcon.colcon_core.environment:checking '/home/vboxuser/base_station_heartbeat/src/install/heartbeat_subscriber/lib'
[22.635s] Level 1:colcon.colcon_core.environment:checking '/home/vboxuser/base_station_heartbeat/src/install/heartbeat_subscriber/bin'
[22.635s] Level 1:colcon.colcon_core.environment:checking '/home/vboxuser/base_station_heartbeat/src/install/heartbeat_subscriber/lib/pkgconfig/heartbeat_subscriber.pc'
[22.636s] Level 1:colcon.colcon_core.environment:checking '/home/vboxuser/base_station_heartbeat/src/install/heartbeat_subscriber/lib/python3.12/site-packages'
[22.637s] Level 1:colcon.colcon_core.environment:checking '/home/vboxuser/base_station_heartbeat/src/install/heartbeat_subscriber/bin'
[22.638s] INFO:colcon.colcon_core.shell:Creating package script '/home/vboxuser/base_station_heartbeat/src/install/heartbeat_subscriber/share/heartbeat_subscriber/package.ps1'
[22.640s] INFO:colcon.colcon_core.shell:Creating package descriptor '/home/vboxuser/base_station_heartbeat/src/install/heartbeat_subscriber/share/heartbeat_subscriber/package.dsv'
[22.642s] INFO:colcon.colcon_core.shell:Creating package script '/home/vboxuser/base_station_heartbeat/src/install/heartbeat_subscriber/share/heartbeat_subscriber/package.sh'
[22.644s] INFO:colcon.colcon_core.shell:Creating package script '/home/vboxuser/base_station_heartbeat/src/install/heartbeat_subscriber/share/heartbeat_subscriber/package.bash'
[22.646s] INFO:colcon.colcon_core.shell:Creating package script '/home/vboxuser/base_station_heartbeat/src/install/heartbeat_subscriber/share/heartbeat_subscriber/package.zsh'
[22.648s] Level 1:colcon.colcon_core.environment:create_file_with_runtime_dependencies(/home/vboxuser/base_station_heartbeat/src/install/heartbeat_subscriber/share/colcon-core/packages/heartbeat_subscriber)
[22.651s] DEBUG:colcon.colcon_parallel_executor.executor.parallel:closing loop
[22.653s] DEBUG:colcon.colcon_parallel_executor.executor.parallel:loop closed
[22.653s] DEBUG:colcon.colcon_parallel_executor.executor.parallel:run_until_complete finished with '0'
[22.653s] DEBUG:colcon.colcon_core.event_reactor:joining thread
[22.665s] INFO:colcon.colcon_core.plugin_system:Skipping extension 'colcon_notification.desktop_notification.terminal_notifier': Not used on non-Darwin systems
[22.666s] INFO:colcon.colcon_core.plugin_system:Skipping extension 'colcon_notification.desktop_notification.win32': Not used on non-Windows systems
[22.667s] INFO:colcon.colcon_notification.desktop_notification:Sending desktop notification using 'notify2'
[22.708s] DEBUG:colcon.colcon_core.event_reactor:joined thread
[22.709s] INFO:colcon.colcon_core.shell:Creating prefix script '/home/vboxuser/base_station_heartbeat/src/install/local_setup.ps1'
[22.711s] INFO:colcon.colcon_core.shell:Creating prefix util module '/home/vboxuser/base_station_heartbeat/src/install/_local_setup_util_ps1.py'
[22.714s] INFO:colcon.colcon_core.shell:Creating prefix chain script '/home/vboxuser/base_station_heartbeat/src/install/setup.ps1'
[22.717s] INFO:colcon.colcon_core.shell:Creating prefix script '/home/vboxuser/base_station_heartbeat/src/install/local_setup.sh'
[22.720s] INFO:colcon.colcon_core.shell:Creating prefix util module '/home/vboxuser/base_station_heartbeat/src/install/_local_setup_util_sh.py'
[22.722s] INFO:colcon.colcon_core.shell:Creating prefix chain script '/home/vboxuser/base_station_heartbeat/src/install/setup.sh'
[22.725s] INFO:colcon.colcon_core.shell:Creating prefix script '/home/vboxuser/base_station_heartbeat/src/install/local_setup.bash'
[22.727s] INFO:colcon.colcon_core.shell:Creating prefix chain script '/home/vboxuser/base_station_heartbeat/src/install/setup.bash'
[22.729s] INFO:colcon.colcon_core.shell:Creating prefix script '/home/vboxuser/base_station_heartbeat/src/install/local_setup.zsh'
[22.731s] INFO:colcon.colcon_core.shell:Creating prefix chain script '/home/vboxuser/base_station_heartbeat/src/install/setup.zsh'
