[ 50%] [32mBuilding CXX object CMakeFiles/heartbeat_publisher.dir/src/heartbeat_publisher.cpp.o[0m
[100%] [32m[1mLinking CXX executable heartbeat_publisher[0m
[100%] Built target heartbeat_publisher
-- Install configuration: ""
-- Installing: /home/vboxuser/base_station_heartbeat/install/heartbeat_publisher/lib/$(PROJECT_NAME)/heartbeat_publisher
-- Set non-toolchain portion of runtime path of "/home/vboxuser/base_station_heartbeat/install/heartbeat_publisher/lib/$(PROJECT_NAME)/heartbeat_publisher" to ""
-- Up-to-date: /home/vboxuser/base_station_heartbeat/install/heartbeat_publisher/share/ament_index/resource_index/package_run_dependencies/heartbeat_publisher
-- Up-to-date: /home/vboxuser/base_station_heartbeat/install/heartbeat_publisher/share/ament_index/resource_index/parent_prefix_path/heartbeat_publisher
-- Up-to-date: /home/vboxuser/base_station_heartbeat/install/heartbeat_publisher/share/heartbeat_publisher/environment/ament_prefix_path.sh
-- Up-to-date: /home/vboxuser/base_station_heartbeat/install/heartbeat_publisher/share/heartbeat_publisher/environment/ament_prefix_path.dsv
-- Up-to-date: /home/vboxuser/base_station_heartbeat/install/heartbeat_publisher/share/heartbeat_publisher/environment/path.sh
-- Up-to-date: /home/vboxuser/base_station_heartbeat/install/heartbeat_publisher/share/heartbeat_publisher/environment/path.dsv
-- Up-to-date: /home/vboxuser/base_station_heartbeat/install/heartbeat_publisher/share/heartbeat_publisher/local_setup.bash
-- Up-to-date: /home/vboxuser/base_station_heartbeat/install/heartbeat_publisher/share/heartbeat_publisher/local_setup.sh
-- Up-to-date: /home/vboxuser/base_station_heartbeat/install/heartbeat_publisher/share/heartbeat_publisher/local_setup.zsh
-- Up-to-date: /home/vboxuser/base_station_heartbeat/install/heartbeat_publisher/share/heartbeat_publisher/local_setup.dsv
-- Installing: /home/vboxuser/base_station_heartbeat/install/heartbeat_publisher/share/heartbeat_publisher/package.dsv
-- Up-to-date: /home/vboxuser/base_station_heartbeat/install/heartbeat_publisher/share/ament_index/resource_index/packages/heartbeat_publisher
-- Up-to-date: /home/vboxuser/base_station_heartbeat/install/heartbeat_publisher/share/heartbeat_publisher/cmake/heartbeat_publisherConfig.cmake
-- Up-to-date: /home/vboxuser/base_station_heartbeat/install/heartbeat_publisher/share/heartbeat_publisher/cmake/heartbeat_publisherConfig-version.cmake
-- Up-to-date: /home/vboxuser/base_station_heartbeat/install/heartbeat_publisher/share/heartbeat_publisher/package.xml
