[0.022s] Invoking command in '/home/vboxuser/rover_heartbeat/src/build/heartbeat_publisher': DEBUGINFOD_URLS=https://debuginfod.ubuntu.com /usr/bin/cmake /home/vboxuser/rover_heartbeat/src/rover_publisher -DCMAKE_EXPORT_COMPILE_COMMANDS=ON -DCMAKE_INSTALL_PREFIX=/home/vboxuser/rover_heartbeat/src/install/heartbeat_publisher
[0.072s] [31mCMake Error at CMakeLists.txt:9 (find_package):
[0.073s]   By not providing "Findament_cmake.cmake" in CMAKE_MODULE_PATH this project
[0.074s]   has asked CMake to find a package configuration file provided by
[0.078s]   "ament_cmake", but CMake did not find one.
[0.078s] 
[0.078s]   Could not find a package configuration file provided by "ament_cmake" with
[0.078s]   any of the following names:
[0.078s] 
[0.078s]     ament_cmakeConfig.cmake
[0.078s]     ament_cmake-config.cmake
[0.078s] 
[0.079s]   Add the installation prefix of "ament_cmake" to CMAKE_PREFIX_PATH or set
[0.079s]   "ament_cmake_DIR" to a directory containing one of the above files.  If
[0.079s]   "ament_cmake" provides a separate development package or SDK, be sure it
[0.079s]   has been installed.
[0.079s] 
[0.079s] [0m
[0.079s] -- Configuring incomplete, errors occurred!
[0.095s] Invoked command in '/home/vboxuser/rover_heartbeat/src/build/heartbeat_publisher' returned '1': DEBUGINFOD_URLS=https://debuginfod.ubuntu.com /usr/bin/cmake /home/vboxuser/rover_heartbeat/src/rover_publisher -DCMAKE_EXPORT_COMPILE_COMMANDS=ON -DCMAKE_INSTALL_PREFIX=/home/vboxuser/rover_heartbeat/src/install/heartbeat_publisher
