[0.041s] Invoking command in '/home/vboxuser/base_station_heartbeat/src/build/heartbeat_publisher': CMAKE_PREFIX_PATH=${CMAKE_PREFIX_PATH}:/opt/ros/jazzy DEBUGINFOD_URLS=https://debuginfod.ubuntu.com /usr/bin/cmake --build /home/vboxuser/base_station_heartbeat/src/build/heartbeat_publisher -- -j2 -l2
[0.334s] [100%] Built target heartbeat_publisher
[0.385s] Invoked command in '/home/vboxuser/base_station_heartbeat/src/build/heartbeat_publisher' returned '0': CMAKE_PREFIX_PATH=${CMAKE_PREFIX_PATH}:/opt/ros/jazzy DEBUGINFOD_URLS=https://debuginfod.ubuntu.com /usr/bin/cmake --build /home/vboxuser/base_station_heartbeat/src/build/heartbeat_publisher -- -j2 -l2
[1.323s] Invoking command in '/home/vboxuser/base_station_heartbeat/src/build/heartbeat_publisher': CMAKE_PREFIX_PATH=${CMAKE_PREFIX_PATH}:/opt/ros/jazzy DEBUGINFOD_URLS=https://debuginfod.ubuntu.com /usr/bin/cmake --install /home/vboxuser/base_station_heartbeat/src/build/heartbeat_publisher
[1.500s] -- Install configuration: ""
[1.502s] -- Up-to-date: /home/vboxuser/base_station_heartbeat/src/install/heartbeat_publisher/lib/heartbeat_publisher/heartbeat_publisher
[1.503s] -- Up-to-date: /home/vboxuser/base_station_heartbeat/src/install/heartbeat_publisher/share/ament_index/resource_index/package_run_dependencies/heartbeat_publisher
[1.503s] -- Up-to-date: /home/vboxuser/base_station_heartbeat/src/install/heartbeat_publisher/share/ament_index/resource_index/parent_prefix_path/heartbeat_publisher
[1.503s] -- Up-to-date: /home/vboxuser/base_station_heartbeat/src/install/heartbeat_publisher/share/heartbeat_publisher/environment/ament_prefix_path.sh
[1.503s] -- Up-to-date: /home/vboxuser/base_station_heartbeat/src/install/heartbeat_publisher/share/heartbeat_publisher/environment/ament_prefix_path.dsv
[1.503s] -- Up-to-date: /home/vboxuser/base_station_heartbeat/src/install/heartbeat_publisher/share/heartbeat_publisher/environment/path.sh
[1.583s] -- Up-to-date: /home/vboxuser/base_station_heartbeat/src/install/heartbeat_publisher/share/heartbeat_publisher/environment/path.dsv
[1.583s] -- Up-to-date: /home/vboxuser/base_station_heartbeat/src/install/heartbeat_publisher/share/heartbeat_publisher/local_setup.bash
[1.584s] -- Up-to-date: /home/vboxuser/base_station_heartbeat/src/install/heartbeat_publisher/share/heartbeat_publisher/local_setup.sh
[1.584s] -- Up-to-date: /home/vboxuser/base_station_heartbeat/src/install/heartbeat_publisher/share/heartbeat_publisher/local_setup.zsh
[1.584s] -- Up-to-date: /home/vboxuser/base_station_heartbeat/src/install/heartbeat_publisher/share/heartbeat_publisher/local_setup.dsv
[1.584s] -- Installing: /home/vboxuser/base_station_heartbeat/src/install/heartbeat_publisher/share/heartbeat_publisher/package.dsv
[1.584s] -- Up-to-date: /home/vboxuser/base_station_heartbeat/src/install/heartbeat_publisher/share/ament_index/resource_index/packages/heartbeat_publisher
[1.584s] -- Up-to-date: /home/vboxuser/base_station_heartbeat/src/install/heartbeat_publisher/share/heartbeat_publisher/cmake/heartbeat_publisherConfig.cmake
[1.584s] -- Up-to-date: /home/vboxuser/base_station_heartbeat/src/install/heartbeat_publisher/share/heartbeat_publisher/cmake/heartbeat_publisherConfig-version.cmake
[1.584s] -- Up-to-date: /home/vboxuser/base_station_heartbeat/src/install/heartbeat_publisher/share/heartbeat_publisher/package.xml
[1.584s] Invoked command in '/home/vboxuser/base_station_heartbeat/src/build/heartbeat_publisher' returned '0': CMAKE_PREFIX_PATH=${CMAKE_PREFIX_PATH}:/opt/ros/jazzy DEBUGINFOD_URLS=https://debuginfod.ubuntu.com /usr/bin/cmake --install /home/vboxuser/base_station_heartbeat/src/build/heartbeat_publisher
