[0.054s] Invoking command in '/home/vboxuser/rover_heartbeat/src/build/rover_subscriber': CMAKE_PREFIX_PATH=${CMAKE_PREFIX_PATH}:/opt/ros/jazzy DEBUGINFOD_URLS=https://debuginfod.ubuntu.com /usr/bin/cmake /home/vboxuser/rover_heartbeat/src/rover_subscriber -DCMAKE_INSTALL_PREFIX=/home/vboxuser/rover_heartbeat/src/install/rover_subscriber
[0.257s] -- The C compiler identification is GNU 13.3.0
[0.403s] -- The CXX compiler identification is GNU 13.3.0
[0.492s] -- Detecting C compiler ABI info
[0.687s] -- Detecting C compiler ABI info - done
[0.697s] -- Check for working C compiler: /usr/bin/cc - skipped
[0.697s] -- Detecting C compile features
[0.698s] -- Detecting C compile features - done
[0.720s] -- Detecting CXX compiler ABI info
[0.916s] -- Detecting CXX compiler ABI info - done
[0.930s] -- Check for working CXX compiler: /usr/bin/c++ - skipped
[0.931s] -- Detecting CXX compile features
[0.931s] -- Detecting CXX compile features - done
[0.935s] -- Found ament_cmake: 2.5.5 (/opt/ros/jazzy/share/ament_cmake/cmake)
[1.119s] -- Found Python3: /usr/bin/python3 (found version "3.12.3") found components: Interpreter 
[1.240s] -- Found ament_lint_auto: 0.17.4 (/opt/ros/jazzy/share/ament_lint_auto/cmake)
[1.370s] -- Added test 'cppcheck' to perform static code analysis on C / C++ code
[1.370s] -- Configured cppcheck include dirs: 
[1.370s] -- Configured cppcheck exclude dirs and/or files: 
[1.372s] -- Added test 'lint_cmake' to check CMake code style
[1.372s] -- Added test 'uncrustify' to check C / C++ code style
[1.372s] -- Configured uncrustify additional arguments: 
[1.373s] -- Added test 'xmllint' to check XML markup files
[1.375s] -- Configuring done (1.3s)
[1.382s] -- Generating done (0.0s)
[1.383s] -- Build files have been written to: /home/vboxuser/rover_heartbeat/src/build/rover_subscriber
[1.390s] Invoked command in '/home/vboxuser/rover_heartbeat/src/build/rover_subscriber' returned '0': CMAKE_PREFIX_PATH=${CMAKE_PREFIX_PATH}:/opt/ros/jazzy DEBUGINFOD_URLS=https://debuginfod.ubuntu.com /usr/bin/cmake /home/vboxuser/rover_heartbeat/src/rover_subscriber -DCMAKE_INSTALL_PREFIX=/home/vboxuser/rover_heartbeat/src/install/rover_subscriber
[1.391s] Invoking command in '/home/vboxuser/rover_heartbeat/src/build/rover_subscriber': CMAKE_PREFIX_PATH=${CMAKE_PREFIX_PATH}:/opt/ros/jazzy DEBUGINFOD_URLS=https://debuginfod.ubuntu.com /usr/bin/cmake --build /home/vboxuser/rover_heartbeat/src/build/rover_subscriber -- -j2 -l2
[1.478s] Invoked command in '/home/vboxuser/rover_heartbeat/src/build/rover_subscriber' returned '0': CMAKE_PREFIX_PATH=${CMAKE_PREFIX_PATH}:/opt/ros/jazzy DEBUGINFOD_URLS=https://debuginfod.ubuntu.com /usr/bin/cmake --build /home/vboxuser/rover_heartbeat/src/build/rover_subscriber -- -j2 -l2
[1.480s] Invoking command in '/home/vboxuser/rover_heartbeat/src/build/rover_subscriber': CMAKE_PREFIX_PATH=${CMAKE_PREFIX_PATH}:/opt/ros/jazzy DEBUGINFOD_URLS=https://debuginfod.ubuntu.com /usr/bin/cmake --install /home/vboxuser/rover_heartbeat/src/build/rover_subscriber
[1.493s] -- Install configuration: ""
[1.495s] -- Installing: /home/vboxuser/rover_heartbeat/src/install/rover_subscriber/share/ament_index/resource_index/package_run_dependencies/rover_subscriber
[1.496s] -- Installing: /home/vboxuser/rover_heartbeat/src/install/rover_subscriber/share/ament_index/resource_index/parent_prefix_path/rover_subscriber
[1.496s] -- Installing: /home/vboxuser/rover_heartbeat/src/install/rover_subscriber/share/rover_subscriber/environment/ament_prefix_path.sh
[1.496s] -- Installing: /home/vboxuser/rover_heartbeat/src/install/rover_subscriber/share/rover_subscriber/environment/ament_prefix_path.dsv
[1.496s] -- Installing: /home/vboxuser/rover_heartbeat/src/install/rover_subscriber/share/rover_subscriber/environment/path.sh
[1.497s] -- Installing: /home/vboxuser/rover_heartbeat/src/install/rover_subscriber/share/rover_subscriber/environment/path.dsv
[1.497s] -- Installing: /home/vboxuser/rover_heartbeat/src/install/rover_subscriber/share/rover_subscriber/local_setup.bash
[1.497s] -- Installing: /home/vboxuser/rover_heartbeat/src/install/rover_subscriber/share/rover_subscriber/local_setup.sh
[1.498s] -- Installing: /home/vboxuser/rover_heartbeat/src/install/rover_subscriber/share/rover_subscriber/local_setup.zsh
[1.498s] -- Installing: /home/vboxuser/rover_heartbeat/src/install/rover_subscriber/share/rover_subscriber/local_setup.dsv
[1.498s] -- Installing: /home/vboxuser/rover_heartbeat/src/install/rover_subscriber/share/rover_subscriber/package.dsv
[1.498s] -- Installing: /home/vboxuser/rover_heartbeat/src/install/rover_subscriber/share/ament_index/resource_index/packages/rover_subscriber
[1.498s] -- Installing: /home/vboxuser/rover_heartbeat/src/install/rover_subscriber/share/rover_subscriber/cmake/rover_subscriberConfig.cmake
[1.498s] -- Installing: /home/vboxuser/rover_heartbeat/src/install/rover_subscriber/share/rover_subscriber/cmake/rover_subscriberConfig-version.cmake
[1.498s] -- Installing: /home/vboxuser/rover_heartbeat/src/install/rover_subscriber/share/rover_subscriber/package.xml
[1.502s] Invoked command in '/home/vboxuser/rover_heartbeat/src/build/rover_subscriber' returned '0': CMAKE_PREFIX_PATH=${CMAKE_PREFIX_PATH}:/opt/ros/jazzy DEBUGINFOD_URLS=https://debuginfod.ubuntu.com /usr/bin/cmake --install /home/vboxuser/rover_heartbeat/src/build/rover_subscriber
