[0.141s] DEBUG:colcon:Command line arguments: ['/usr/bin/colcon', 'build']
[0.141s] DEBUG:colcon:Parsed command line arguments: Namespace(log_base=None, log_level=None, verb_name='build', build_base='build', install_base='install', merge_install=False, symlink_install=False, test_result_base=None, continue_on_error=False, executor='parallel', parallel_workers=2, event_handlers=None, ignore_user_meta=False, metas=['./colcon.meta'], base_paths=['.'], packages_ignore=None, packages_ignore_regex=None, paths=None, packages_up_to=None, packages_up_to_regex=None, packages_above=None, packages_above_and_dependencies=None, packages_above_depth=None, packages_select_by_dep=None, packages_skip_by_dep=None, packages_skip_up_to=None, packages_select_build_failed=False, packages_skip_build_finished=False, packages_select_test_failures=False, packages_skip_test_passed=False, packages_select=None, packages_skip=None, packages_select_regex=None, packages_skip_regex=None, packages_start=None, packages_end=None, allow_overriding=[], cmake_args=None, cmake_target=None, cmake_target_skip_unavailable=False, cmake_clean_cache=False, cmake_clean_first=False, cmake_force_configure=False, ament_cmake_args=None, catkin_cmake_args=None, catkin_skip_building_tests=False, mixin_files=None, mixin=None, verb_parser=<colcon_mixin.mixin.mixin_argument.MixinArgumentDecorator object at 0x700b1346f860>, verb_extension=<colcon_core.verb.build.BuildVerb object at 0x700b1346e4b0>, main=<bound method BuildVerb.main of <colcon_core.verb.build.BuildVerb object at 0x700b1346e4b0>>, mixin_verb=('build',))
[0.191s] Level 1:colcon.colcon_core.package_discovery:discover_packages(colcon_meta) check parameters
[0.194s] Level 1:colcon.colcon_core.package_discovery:discover_packages(recursive) check parameters
[0.195s] Level 1:colcon.colcon_core.package_discovery:discover_packages(ignore) check parameters
[0.195s] Level 1:colcon.colcon_core.package_discovery:discover_packages(path) check parameters
[0.195s] Level 1:colcon.colcon_core.package_discovery:discover_packages(colcon_meta) discover
[0.195s] Level 1:colcon.colcon_core.package_discovery:discover_packages(recursive) discover
[0.195s] INFO:colcon.colcon_core.package_discovery:Crawling recursively for packages in '/home/vboxuser/rover_heartbeat/src'
[0.195s] Level 1:colcon.colcon_core.package_identification:_identify(.) by extensions ['ignore', 'ignore_ament_install']
[0.195s] Level 1:colcon.colcon_core.package_identification:_identify(.) by extension 'ignore'
[0.195s] Level 1:colcon.colcon_core.package_identification:_identify(.) by extension 'ignore_ament_install'
[0.196s] Level 1:colcon.colcon_core.package_identification:_identify(.) by extensions ['colcon_pkg']
[0.196s] Level 1:colcon.colcon_core.package_identification:_identify(.) by extension 'colcon_pkg'
[0.196s] Level 1:colcon.colcon_core.package_identification:_identify(.) by extensions ['colcon_meta']
[0.196s] Level 1:colcon.colcon_core.package_identification:_identify(.) by extension 'colcon_meta'
[0.196s] Level 1:colcon.colcon_core.package_identification:_identify(.) by extensions ['ros']
[0.196s] Level 1:colcon.colcon_core.package_identification:_identify(.) by extension 'ros'
[0.236s] Level 1:colcon.colcon_core.package_identification:_identify(.) by extensions ['cmake', 'python']
[0.238s] Level 1:colcon.colcon_core.package_identification:_identify(.) by extension 'cmake'
[0.238s] Level 1:colcon.colcon_core.package_identification:_identify(.) by extension 'python'
[0.238s] Level 1:colcon.colcon_core.package_identification:_identify(.) by extensions ['python_setup_py']
[0.238s] Level 1:colcon.colcon_core.package_identification:_identify(.) by extension 'python_setup_py'
[0.238s] Level 1:colcon.colcon_core.package_identification:_identify(build) by extensions ['ignore', 'ignore_ament_install']
[0.238s] Level 1:colcon.colcon_core.package_identification:_identify(build) by extension 'ignore'
[0.238s] Level 1:colcon.colcon_core.package_identification:_identify(build) ignored
[0.239s] Level 1:colcon.colcon_core.package_identification:_identify(install) by extensions ['ignore', 'ignore_ament_install']
[0.239s] Level 1:colcon.colcon_core.package_identification:_identify(install) by extension 'ignore'
[0.239s] Level 1:colcon.colcon_core.package_identification:_identify(install) ignored
[0.239s] Level 1:colcon.colcon_core.package_identification:_identify(log) by extensions ['ignore', 'ignore_ament_install']
[0.239s] Level 1:colcon.colcon_core.package_identification:_identify(log) by extension 'ignore'
[0.239s] Level 1:colcon.colcon_core.package_identification:_identify(log) ignored
[0.239s] Level 1:colcon.colcon_core.package_identification:_identify(rover_publisher) by extensions ['ignore', 'ignore_ament_install']
[0.239s] Level 1:colcon.colcon_core.package_identification:_identify(rover_publisher) by extension 'ignore'
[0.241s] Level 1:colcon.colcon_core.package_identification:_identify(rover_publisher) by extension 'ignore_ament_install'
[0.245s] Level 1:colcon.colcon_core.package_identification:_identify(rover_publisher) by extensions ['colcon_pkg']
[0.245s] Level 1:colcon.colcon_core.package_identification:_identify(rover_publisher) by extension 'colcon_pkg'
[0.245s] Level 1:colcon.colcon_core.package_identification:_identify(rover_publisher) by extensions ['colcon_meta']
[0.245s] Level 1:colcon.colcon_core.package_identification:_identify(rover_publisher) by extension 'colcon_meta'
[0.249s] Level 1:colcon.colcon_core.package_identification:_identify(rover_publisher) by extensions ['ros']
[0.249s] Level 1:colcon.colcon_core.package_identification:_identify(rover_publisher) by extension 'ros'
[0.253s] DEBUG:colcon.colcon_core.package_identification:Package 'rover_publisher' with type 'ros.ament_cmake' and name 'heartbeat_publisher'
[0.254s] Level 1:colcon.colcon_core.package_identification:_identify(rover_subscriber) by extensions ['ignore', 'ignore_ament_install']
[0.256s] Level 1:colcon.colcon_core.package_identification:_identify(rover_subscriber) by extension 'ignore'
[0.256s] Level 1:colcon.colcon_core.package_identification:_identify(rover_subscriber) by extension 'ignore_ament_install'
[0.256s] Level 1:colcon.colcon_core.package_identification:_identify(rover_subscriber) by extensions ['colcon_pkg']
[0.256s] Level 1:colcon.colcon_core.package_identification:_identify(rover_subscriber) by extension 'colcon_pkg'
[0.257s] Level 1:colcon.colcon_core.package_identification:_identify(rover_subscriber) by extensions ['colcon_meta']
[0.257s] Level 1:colcon.colcon_core.package_identification:_identify(rover_subscriber) by extension 'colcon_meta'
[0.257s] Level 1:colcon.colcon_core.package_identification:_identify(rover_subscriber) by extensions ['ros']
[0.257s] Level 1:colcon.colcon_core.package_identification:_identify(rover_subscriber) by extension 'ros'
[0.260s] DEBUG:colcon.colcon_core.package_identification:Package 'rover_subscriber' with type 'ros.ament_cmake' and name 'rover_subscriber'
[0.260s] Level 1:colcon.colcon_core.package_discovery:discover_packages(recursive) using defaults
[0.260s] Level 1:colcon.colcon_core.package_discovery:discover_packages(ignore) discover
[0.260s] Level 1:colcon.colcon_core.package_discovery:discover_packages(ignore) using defaults
[0.260s] Level 1:colcon.colcon_core.package_discovery:discover_packages(path) discover
[0.260s] Level 1:colcon.colcon_core.package_discovery:discover_packages(path) using defaults
[0.288s] Level 1:colcon.colcon_core.package_discovery:discover_packages(prefix_path) check parameters
[0.289s] Level 1:colcon.colcon_core.package_discovery:discover_packages(prefix_path) discover
[0.292s] DEBUG:colcon.colcon_installed_package_information.package_discovery:Found 1 installed packages in /home/vboxuser/rover_heartbeat/src/install
[0.295s] DEBUG:colcon.colcon_installed_package_information.package_discovery:Found 286 installed packages in /opt/ros/jazzy
[0.298s] Level 1:colcon.colcon_core.package_discovery:discover_packages(prefix_path) using defaults
[0.360s] Level 5:colcon.colcon_core.verb:set package 'heartbeat_publisher' build argument 'cmake_args' from command line to 'None'
[0.362s] Level 5:colcon.colcon_core.verb:set package 'heartbeat_publisher' build argument 'cmake_target' from command line to 'None'
[0.362s] Level 5:colcon.colcon_core.verb:set package 'heartbeat_publisher' build argument 'cmake_target_skip_unavailable' from command line to 'False'
[0.362s] Level 5:colcon.colcon_core.verb:set package 'heartbeat_publisher' build argument 'cmake_clean_cache' from command line to 'False'
[0.362s] Level 5:colcon.colcon_core.verb:set package 'heartbeat_publisher' build argument 'cmake_clean_first' from command line to 'False'
[0.362s] Level 5:colcon.colcon_core.verb:set package 'heartbeat_publisher' build argument 'cmake_force_configure' from command line to 'False'
[0.362s] Level 5:colcon.colcon_core.verb:set package 'heartbeat_publisher' build argument 'ament_cmake_args' from command line to 'None'
[0.362s] Level 5:colcon.colcon_core.verb:set package 'heartbeat_publisher' build argument 'catkin_cmake_args' from command line to 'None'
[0.363s] Level 5:colcon.colcon_core.verb:set package 'heartbeat_publisher' build argument 'catkin_skip_building_tests' from command line to 'False'
[0.363s] DEBUG:colcon.colcon_core.verb:Building package 'heartbeat_publisher' with the following arguments: {'ament_cmake_args': None, 'build_base': '/home/vboxuser/rover_heartbeat/src/build/heartbeat_publisher', 'catkin_cmake_args': None, 'catkin_skip_building_tests': False, 'cmake_args': None, 'cmake_clean_cache': False, 'cmake_clean_first': False, 'cmake_force_configure': False, 'cmake_target': None, 'cmake_target_skip_unavailable': False, 'install_base': '/home/vboxuser/rover_heartbeat/src/install/heartbeat_publisher', 'merge_install': False, 'path': '/home/vboxuser/rover_heartbeat/src/rover_publisher', 'symlink_install': False, 'test_result_base': None}
[0.363s] Level 5:colcon.colcon_core.verb:set package 'rover_subscriber' build argument 'cmake_args' from command line to 'None'
[0.363s] Level 5:colcon.colcon_core.verb:set package 'rover_subscriber' build argument 'cmake_target' from command line to 'None'
[0.363s] Level 5:colcon.colcon_core.verb:set package 'rover_subscriber' build argument 'cmake_target_skip_unavailable' from command line to 'False'
[0.363s] Level 5:colcon.colcon_core.verb:set package 'rover_subscriber' build argument 'cmake_clean_cache' from command line to 'False'
[0.363s] Level 5:colcon.colcon_core.verb:set package 'rover_subscriber' build argument 'cmake_clean_first' from command line to 'False'
[0.363s] Level 5:colcon.colcon_core.verb:set package 'rover_subscriber' build argument 'cmake_force_configure' from command line to 'False'
[0.363s] Level 5:colcon.colcon_core.verb:set package 'rover_subscriber' build argument 'ament_cmake_args' from command line to 'None'
[0.363s] Level 5:colcon.colcon_core.verb:set package 'rover_subscriber' build argument 'catkin_cmake_args' from command line to 'None'
[0.363s] Level 5:colcon.colcon_core.verb:set package 'rover_subscriber' build argument 'catkin_skip_building_tests' from command line to 'False'
[0.363s] DEBUG:colcon.colcon_core.verb:Building package 'rover_subscriber' with the following arguments: {'ament_cmake_args': None, 'build_base': '/home/vboxuser/rover_heartbeat/src/build/rover_subscriber', 'catkin_cmake_args': None, 'catkin_skip_building_tests': False, 'cmake_args': None, 'cmake_clean_cache': False, 'cmake_clean_first': False, 'cmake_force_configure': False, 'cmake_target': None, 'cmake_target_skip_unavailable': False, 'install_base': '/home/vboxuser/rover_heartbeat/src/install/rover_subscriber', 'merge_install': False, 'path': '/home/vboxuser/rover_heartbeat/src/rover_subscriber', 'symlink_install': False, 'test_result_base': None}
[0.363s] INFO:colcon.colcon_core.executor:Executing jobs using 'parallel' executor
[0.369s] DEBUG:colcon.colcon_parallel_executor.executor.parallel:run_until_complete
[0.370s] INFO:colcon.colcon_ros.task.ament_cmake.build:Building ROS package in '/home/vboxuser/rover_heartbeat/src/rover_publisher' with build type 'ament_cmake'
[0.370s] INFO:colcon.colcon_cmake.task.cmake.build:Building CMake package in '/home/vboxuser/rover_heartbeat/src/rover_publisher'
[0.372s] INFO:colcon.colcon_core.plugin_system:Skipping extension 'colcon_core.shell.bat': Not used on non-Windows systems
[0.372s] INFO:colcon.colcon_core.shell:Skip shell extension 'powershell' for command environment: Not usable outside of PowerShell
[0.372s] DEBUG:colcon.colcon_core.shell:Skip shell extension 'dsv' for command environment
[0.385s] INFO:colcon.colcon_ros.task.ament_cmake.build:Building ROS package in '/home/vboxuser/rover_heartbeat/src/rover_subscriber' with build type 'ament_cmake'
[0.386s] INFO:colcon.colcon_cmake.task.cmake.build:Building CMake package in '/home/vboxuser/rover_heartbeat/src/rover_subscriber'
[0.386s] INFO:colcon.colcon_core.shell:Skip shell extension 'powershell' for command environment: Not usable outside of PowerShell
[0.387s] DEBUG:colcon.colcon_core.shell:Skip shell extension 'dsv' for command environment
[0.423s] DEBUG:colcon.colcon_core.event_handler.log_command:Invoking command in '/home/vboxuser/rover_heartbeat/src/build/heartbeat_publisher': CMAKE_PREFIX_PATH=${CMAKE_PREFIX_PATH}:/opt/ros/jazzy DEBUGINFOD_URLS=https://debuginfod.ubuntu.com /usr/bin/cmake --build /home/vboxuser/rover_heartbeat/src/build/heartbeat_publisher -- -j2 -l2
[0.440s] DEBUG:colcon.colcon_core.event_handler.log_command:Invoking command in '/home/vboxuser/rover_heartbeat/src/build/rover_subscriber': CMAKE_PREFIX_PATH=${CMAKE_PREFIX_PATH}:/opt/ros/jazzy DEBUGINFOD_URLS=https://debuginfod.ubuntu.com /usr/bin/cmake /home/vboxuser/rover_heartbeat/src/rover_subscriber -DCMAKE_INSTALL_PREFIX=/home/vboxuser/rover_heartbeat/src/install/rover_subscriber
[0.723s] DEBUG:colcon.colcon_core.event_handler.log_command:Invoked command in '/home/vboxuser/rover_heartbeat/src/build/heartbeat_publisher' returned '0': CMAKE_PREFIX_PATH=${CMAKE_PREFIX_PATH}:/opt/ros/jazzy DEBUGINFOD_URLS=https://debuginfod.ubuntu.com /usr/bin/cmake --build /home/vboxuser/rover_heartbeat/src/build/heartbeat_publisher -- -j2 -l2
[0.757s] DEBUG:colcon.colcon_core.event_handler.log_command:Invoking command in '/home/vboxuser/rover_heartbeat/src/build/heartbeat_publisher': CMAKE_PREFIX_PATH=${CMAKE_PREFIX_PATH}:/opt/ros/jazzy DEBUGINFOD_URLS=https://debuginfod.ubuntu.com /usr/bin/cmake --install /home/vboxuser/rover_heartbeat/src/build/heartbeat_publisher
[0.816s] Level 1:colcon.colcon_core.environment:create_environment_scripts_only(heartbeat_publisher)
[0.818s] Level 1:colcon.colcon_core.environment:checking '/home/vboxuser/rover_heartbeat/src/install/heartbeat_publisher' for CMake module files
[0.819s] Level 1:colcon.colcon_core.environment:checking '/home/vboxuser/rover_heartbeat/src/install/heartbeat_publisher' for CMake config files
[0.819s] Level 1:colcon.colcon_core.shell:create_environment_hook('heartbeat_publisher', 'cmake_prefix_path')
[0.819s] INFO:colcon.colcon_core.shell:Creating environment hook '/home/vboxuser/rover_heartbeat/src/install/heartbeat_publisher/share/heartbeat_publisher/hook/cmake_prefix_path.ps1'
[0.822s] DEBUG:colcon.colcon_core.event_handler.log_command:Invoked command in '/home/vboxuser/rover_heartbeat/src/build/heartbeat_publisher' returned '0': CMAKE_PREFIX_PATH=${CMAKE_PREFIX_PATH}:/opt/ros/jazzy DEBUGINFOD_URLS=https://debuginfod.ubuntu.com /usr/bin/cmake --install /home/vboxuser/rover_heartbeat/src/build/heartbeat_publisher
[0.824s] INFO:colcon.colcon_core.shell:Creating environment descriptor '/home/vboxuser/rover_heartbeat/src/install/heartbeat_publisher/share/heartbeat_publisher/hook/cmake_prefix_path.dsv'
[0.825s] INFO:colcon.colcon_core.shell:Creating environment hook '/home/vboxuser/rover_heartbeat/src/install/heartbeat_publisher/share/heartbeat_publisher/hook/cmake_prefix_path.sh'
[0.827s] Level 1:colcon.colcon_core.environment:checking '/home/vboxuser/rover_heartbeat/src/install/heartbeat_publisher/lib'
[0.828s] Level 1:colcon.colcon_core.environment:checking '/home/vboxuser/rover_heartbeat/src/install/heartbeat_publisher/bin'
[0.828s] Level 1:colcon.colcon_core.environment:checking '/home/vboxuser/rover_heartbeat/src/install/heartbeat_publisher/lib/pkgconfig/heartbeat_publisher.pc'
[0.828s] Level 1:colcon.colcon_core.environment:checking '/home/vboxuser/rover_heartbeat/src/install/heartbeat_publisher/lib/python3.12/site-packages'
[0.828s] Level 1:colcon.colcon_core.environment:checking '/home/vboxuser/rover_heartbeat/src/install/heartbeat_publisher/bin'
[0.829s] INFO:colcon.colcon_core.shell:Creating package script '/home/vboxuser/rover_heartbeat/src/install/heartbeat_publisher/share/heartbeat_publisher/package.ps1'
[0.829s] INFO:colcon.colcon_core.shell:Creating package descriptor '/home/vboxuser/rover_heartbeat/src/install/heartbeat_publisher/share/heartbeat_publisher/package.dsv'
[0.836s] INFO:colcon.colcon_core.shell:Creating package script '/home/vboxuser/rover_heartbeat/src/install/heartbeat_publisher/share/heartbeat_publisher/package.sh'
[0.837s] INFO:colcon.colcon_core.shell:Creating package script '/home/vboxuser/rover_heartbeat/src/install/heartbeat_publisher/share/heartbeat_publisher/package.bash'
[0.841s] INFO:colcon.colcon_core.shell:Creating package script '/home/vboxuser/rover_heartbeat/src/install/heartbeat_publisher/share/heartbeat_publisher/package.zsh'
[0.853s] Level 1:colcon.colcon_core.environment:create_file_with_runtime_dependencies(/home/vboxuser/rover_heartbeat/src/install/heartbeat_publisher/share/colcon-core/packages/heartbeat_publisher)
[0.854s] Level 1:colcon.colcon_core.environment:create_environment_scripts_only(heartbeat_publisher)
[0.855s] Level 1:colcon.colcon_core.environment:checking '/home/vboxuser/rover_heartbeat/src/install/heartbeat_publisher' for CMake module files
[0.856s] Level 1:colcon.colcon_core.environment:checking '/home/vboxuser/rover_heartbeat/src/install/heartbeat_publisher' for CMake config files
[0.857s] Level 1:colcon.colcon_core.shell:create_environment_hook('heartbeat_publisher', 'cmake_prefix_path')
[0.857s] INFO:colcon.colcon_core.shell:Creating environment hook '/home/vboxuser/rover_heartbeat/src/install/heartbeat_publisher/share/heartbeat_publisher/hook/cmake_prefix_path.ps1'
[0.858s] INFO:colcon.colcon_core.shell:Creating environment descriptor '/home/vboxuser/rover_heartbeat/src/install/heartbeat_publisher/share/heartbeat_publisher/hook/cmake_prefix_path.dsv'
[0.858s] INFO:colcon.colcon_core.shell:Creating environment hook '/home/vboxuser/rover_heartbeat/src/install/heartbeat_publisher/share/heartbeat_publisher/hook/cmake_prefix_path.sh'
[0.860s] Level 1:colcon.colcon_core.environment:checking '/home/vboxuser/rover_heartbeat/src/install/heartbeat_publisher/lib'
[0.861s] Level 1:colcon.colcon_core.environment:checking '/home/vboxuser/rover_heartbeat/src/install/heartbeat_publisher/bin'
[0.861s] Level 1:colcon.colcon_core.environment:checking '/home/vboxuser/rover_heartbeat/src/install/heartbeat_publisher/lib/pkgconfig/heartbeat_publisher.pc'
[0.862s] Level 1:colcon.colcon_core.environment:checking '/home/vboxuser/rover_heartbeat/src/install/heartbeat_publisher/lib/python3.12/site-packages'
[0.864s] Level 1:colcon.colcon_core.environment:checking '/home/vboxuser/rover_heartbeat/src/install/heartbeat_publisher/bin'
[0.866s] INFO:colcon.colcon_core.shell:Creating package script '/home/vboxuser/rover_heartbeat/src/install/heartbeat_publisher/share/heartbeat_publisher/package.ps1'
[0.866s] INFO:colcon.colcon_core.shell:Creating package descriptor '/home/vboxuser/rover_heartbeat/src/install/heartbeat_publisher/share/heartbeat_publisher/package.dsv'
[0.869s] INFO:colcon.colcon_core.shell:Creating package script '/home/vboxuser/rover_heartbeat/src/install/heartbeat_publisher/share/heartbeat_publisher/package.sh'
[0.873s] INFO:colcon.colcon_core.shell:Creating package script '/home/vboxuser/rover_heartbeat/src/install/heartbeat_publisher/share/heartbeat_publisher/package.bash'
[0.874s] INFO:colcon.colcon_core.shell:Creating package script '/home/vboxuser/rover_heartbeat/src/install/heartbeat_publisher/share/heartbeat_publisher/package.zsh'
[0.874s] Level 1:colcon.colcon_core.environment:create_file_with_runtime_dependencies(/home/vboxuser/rover_heartbeat/src/install/heartbeat_publisher/share/colcon-core/packages/heartbeat_publisher)
[1.776s] DEBUG:colcon.colcon_core.event_handler.log_command:Invoked command in '/home/vboxuser/rover_heartbeat/src/build/rover_subscriber' returned '0': CMAKE_PREFIX_PATH=${CMAKE_PREFIX_PATH}:/opt/ros/jazzy DEBUGINFOD_URLS=https://debuginfod.ubuntu.com /usr/bin/cmake /home/vboxuser/rover_heartbeat/src/rover_subscriber -DCMAKE_INSTALL_PREFIX=/home/vboxuser/rover_heartbeat/src/install/rover_subscriber
[1.777s] DEBUG:colcon.colcon_core.event_handler.log_command:Invoking command in '/home/vboxuser/rover_heartbeat/src/build/rover_subscriber': CMAKE_PREFIX_PATH=${CMAKE_PREFIX_PATH}:/opt/ros/jazzy DEBUGINFOD_URLS=https://debuginfod.ubuntu.com /usr/bin/cmake --build /home/vboxuser/rover_heartbeat/src/build/rover_subscriber -- -j2 -l2
[1.864s] DEBUG:colcon.colcon_core.event_handler.log_command:Invoked command in '/home/vboxuser/rover_heartbeat/src/build/rover_subscriber' returned '0': CMAKE_PREFIX_PATH=${CMAKE_PREFIX_PATH}:/opt/ros/jazzy DEBUGINFOD_URLS=https://debuginfod.ubuntu.com /usr/bin/cmake --build /home/vboxuser/rover_heartbeat/src/build/rover_subscriber -- -j2 -l2
[1.866s] DEBUG:colcon.colcon_core.event_handler.log_command:Invoking command in '/home/vboxuser/rover_heartbeat/src/build/rover_subscriber': CMAKE_PREFIX_PATH=${CMAKE_PREFIX_PATH}:/opt/ros/jazzy DEBUGINFOD_URLS=https://debuginfod.ubuntu.com /usr/bin/cmake --install /home/vboxuser/rover_heartbeat/src/build/rover_subscriber
[1.886s] Level 1:colcon.colcon_core.environment:create_environment_scripts_only(rover_subscriber)
[1.887s] Level 1:colcon.colcon_core.environment:checking '/home/vboxuser/rover_heartbeat/src/install/rover_subscriber' for CMake module files
[1.888s] DEBUG:colcon.colcon_core.event_handler.log_command:Invoked command in '/home/vboxuser/rover_heartbeat/src/build/rover_subscriber' returned '0': CMAKE_PREFIX_PATH=${CMAKE_PREFIX_PATH}:/opt/ros/jazzy DEBUGINFOD_URLS=https://debuginfod.ubuntu.com /usr/bin/cmake --install /home/vboxuser/rover_heartbeat/src/build/rover_subscriber
[1.888s] Level 1:colcon.colcon_core.environment:checking '/home/vboxuser/rover_heartbeat/src/install/rover_subscriber' for CMake config files
[1.888s] Level 1:colcon.colcon_core.shell:create_environment_hook('rover_subscriber', 'cmake_prefix_path')
[1.888s] INFO:colcon.colcon_core.shell:Creating environment hook '/home/vboxuser/rover_heartbeat/src/install/rover_subscriber/share/rover_subscriber/hook/cmake_prefix_path.ps1'
[1.889s] INFO:colcon.colcon_core.shell:Creating environment descriptor '/home/vboxuser/rover_heartbeat/src/install/rover_subscriber/share/rover_subscriber/hook/cmake_prefix_path.dsv'
[1.890s] INFO:colcon.colcon_core.shell:Creating environment hook '/home/vboxuser/rover_heartbeat/src/install/rover_subscriber/share/rover_subscriber/hook/cmake_prefix_path.sh'
[1.890s] Level 1:colcon.colcon_core.environment:checking '/home/vboxuser/rover_heartbeat/src/install/rover_subscriber/bin'
[1.890s] Level 1:colcon.colcon_core.environment:checking '/home/vboxuser/rover_heartbeat/src/install/rover_subscriber/lib/pkgconfig/rover_subscriber.pc'
[1.891s] Level 1:colcon.colcon_core.environment:checking '/home/vboxuser/rover_heartbeat/src/install/rover_subscriber/lib/python3.12/site-packages'
[1.891s] Level 1:colcon.colcon_core.environment:checking '/home/vboxuser/rover_heartbeat/src/install/rover_subscriber/bin'
[1.891s] INFO:colcon.colcon_core.shell:Creating package script '/home/vboxuser/rover_heartbeat/src/install/rover_subscriber/share/rover_subscriber/package.ps1'
[1.892s] INFO:colcon.colcon_core.shell:Creating package descriptor '/home/vboxuser/rover_heartbeat/src/install/rover_subscriber/share/rover_subscriber/package.dsv'
[1.892s] INFO:colcon.colcon_core.shell:Creating package script '/home/vboxuser/rover_heartbeat/src/install/rover_subscriber/share/rover_subscriber/package.sh'
[1.893s] INFO:colcon.colcon_core.shell:Creating package script '/home/vboxuser/rover_heartbeat/src/install/rover_subscriber/share/rover_subscriber/package.bash'
[1.893s] INFO:colcon.colcon_core.shell:Creating package script '/home/vboxuser/rover_heartbeat/src/install/rover_subscriber/share/rover_subscriber/package.zsh'
[1.894s] Level 1:colcon.colcon_core.environment:create_file_with_runtime_dependencies(/home/vboxuser/rover_heartbeat/src/install/rover_subscriber/share/colcon-core/packages/rover_subscriber)
[1.894s] Level 1:colcon.colcon_core.environment:create_environment_scripts_only(rover_subscriber)
[1.894s] Level 1:colcon.colcon_core.environment:checking '/home/vboxuser/rover_heartbeat/src/install/rover_subscriber' for CMake module files
[1.895s] Level 1:colcon.colcon_core.environment:checking '/home/vboxuser/rover_heartbeat/src/install/rover_subscriber' for CMake config files
[1.895s] Level 1:colcon.colcon_core.shell:create_environment_hook('rover_subscriber', 'cmake_prefix_path')
[1.895s] INFO:colcon.colcon_core.shell:Creating environment hook '/home/vboxuser/rover_heartbeat/src/install/rover_subscriber/share/rover_subscriber/hook/cmake_prefix_path.ps1'
[1.896s] INFO:colcon.colcon_core.shell:Creating environment descriptor '/home/vboxuser/rover_heartbeat/src/install/rover_subscriber/share/rover_subscriber/hook/cmake_prefix_path.dsv'
[1.896s] INFO:colcon.colcon_core.shell:Creating environment hook '/home/vboxuser/rover_heartbeat/src/install/rover_subscriber/share/rover_subscriber/hook/cmake_prefix_path.sh'
[1.897s] Level 1:colcon.colcon_core.environment:checking '/home/vboxuser/rover_heartbeat/src/install/rover_subscriber/bin'
[1.897s] Level 1:colcon.colcon_core.environment:checking '/home/vboxuser/rover_heartbeat/src/install/rover_subscriber/lib/pkgconfig/rover_subscriber.pc'
[1.897s] Level 1:colcon.colcon_core.environment:checking '/home/vboxuser/rover_heartbeat/src/install/rover_subscriber/lib/python3.12/site-packages'
[1.898s] Level 1:colcon.colcon_core.environment:checking '/home/vboxuser/rover_heartbeat/src/install/rover_subscriber/bin'
[1.898s] INFO:colcon.colcon_core.shell:Creating package script '/home/vboxuser/rover_heartbeat/src/install/rover_subscriber/share/rover_subscriber/package.ps1'
[1.898s] INFO:colcon.colcon_core.shell:Creating package descriptor '/home/vboxuser/rover_heartbeat/src/install/rover_subscriber/share/rover_subscriber/package.dsv'
[1.899s] INFO:colcon.colcon_core.shell:Creating package script '/home/vboxuser/rover_heartbeat/src/install/rover_subscriber/share/rover_subscriber/package.sh'
[1.900s] INFO:colcon.colcon_core.shell:Creating package script '/home/vboxuser/rover_heartbeat/src/install/rover_subscriber/share/rover_subscriber/package.bash'
[1.900s] INFO:colcon.colcon_core.shell:Creating package script '/home/vboxuser/rover_heartbeat/src/install/rover_subscriber/share/rover_subscriber/package.zsh'
[1.901s] Level 1:colcon.colcon_core.environment:create_file_with_runtime_dependencies(/home/vboxuser/rover_heartbeat/src/install/rover_subscriber/share/colcon-core/packages/rover_subscriber)
[1.901s] DEBUG:colcon.colcon_parallel_executor.executor.parallel:closing loop
[1.901s] DEBUG:colcon.colcon_parallel_executor.executor.parallel:loop closed
[1.901s] DEBUG:colcon.colcon_parallel_executor.executor.parallel:run_until_complete finished with '0'
[1.901s] DEBUG:colcon.colcon_core.event_reactor:joining thread
[1.910s] INFO:colcon.colcon_core.plugin_system:Skipping extension 'colcon_notification.desktop_notification.terminal_notifier': Not used on non-Darwin systems
[1.910s] INFO:colcon.colcon_core.plugin_system:Skipping extension 'colcon_notification.desktop_notification.win32': Not used on non-Windows systems
[1.911s] INFO:colcon.colcon_notification.desktop_notification:Sending desktop notification using 'notify2'
[1.944s] DEBUG:colcon.colcon_core.event_reactor:joined thread
[1.945s] INFO:colcon.colcon_core.shell:Creating prefix script '/home/vboxuser/rover_heartbeat/src/install/local_setup.ps1'
[1.947s] INFO:colcon.colcon_core.shell:Creating prefix util module '/home/vboxuser/rover_heartbeat/src/install/_local_setup_util_ps1.py'
[1.949s] INFO:colcon.colcon_core.shell:Creating prefix chain script '/home/vboxuser/rover_heartbeat/src/install/setup.ps1'
[1.950s] INFO:colcon.colcon_core.shell:Creating prefix script '/home/vboxuser/rover_heartbeat/src/install/local_setup.sh'
[1.952s] INFO:colcon.colcon_core.shell:Creating prefix util module '/home/vboxuser/rover_heartbeat/src/install/_local_setup_util_sh.py'
[1.953s] INFO:colcon.colcon_core.shell:Creating prefix chain script '/home/vboxuser/rover_heartbeat/src/install/setup.sh'
[1.954s] INFO:colcon.colcon_core.shell:Creating prefix script '/home/vboxuser/rover_heartbeat/src/install/local_setup.bash'
[1.955s] INFO:colcon.colcon_core.shell:Creating prefix chain script '/home/vboxuser/rover_heartbeat/src/install/setup.bash'
[1.957s] INFO:colcon.colcon_core.shell:Creating prefix script '/home/vboxuser/rover_heartbeat/src/install/local_setup.zsh'
[1.958s] INFO:colcon.colcon_core.shell:Creating prefix chain script '/home/vboxuser/rover_heartbeat/src/install/setup.zsh'
