[0.030s] Invoking command in '/home/vboxuser/base_station_heartbeat/src/build/heartbeat_subscriber': CMAKE_PREFIX_PATH=${CMAKE_PREFIX_PATH}:/opt/ros/jazzy DEBUGINFOD_URLS=https://debuginfod.ubuntu.com /usr/bin/cmake /home/vboxuser/base_station_heartbeat/src/heartbeat_subscriber -DCMAKE_EXPORT_COMPILE_COMMANDS=ON -DCMAKE_INSTALL_PREFIX=/home/vboxuser/base_station_heartbeat/src/install/heartbeat_subscriber
[0.261s] -- The C compiler identification is GNU 13.3.0
[0.580s] -- The CXX compiler identification is GNU 13.3.0
[0.661s] -- Detecting C compiler ABI info
[1.099s] -- Detecting C compiler ABI info - done
[1.126s] -- Check for working C compiler: /usr/bin/cc - skipped
[1.126s] -- Detecting C compile features
[1.127s] -- Detecting C compile features - done
[1.164s] -- Detecting CXX compiler ABI info
[1.717s] -- Detecting CXX compiler ABI info - done
[1.773s] -- Check for working CXX compiler: /usr/bin/c++ - skipped
[1.788s] -- Detecting CXX compile features
[1.788s] -- Detecting CXX compile features - done
[1.788s] -- Found ament_cmake: 2.5.5 (/opt/ros/jazzy/share/ament_cmake/cmake)
[2.337s] -- Found Python3: /usr/bin/python3 (found version "3.12.3") found components: Interpreter 
[2.636s] -- Found rclcpp: 28.1.16 (/opt/ros/jazzy/share/rclcpp/cmake)
[2.735s] -- Found rosidl_generator_c: 4.6.7 (/opt/ros/jazzy/share/rosidl_generator_c/cmake)
[2.760s] -- Found rosidl_generator_cpp: 4.6.7 (/opt/ros/jazzy/share/rosidl_generator_cpp/cmake)
[2.782s] -- Using all available rosidl_typesupport_c: rosidl_typesupport_fastrtps_c;rosidl_typesupport_introspection_c
[2.822s] -- Using all available rosidl_typesupport_cpp: rosidl_typesupport_fastrtps_cpp;rosidl_typesupport_introspection_cpp
[2.992s] -- Found rmw_implementation_cmake: 7.3.3 (/opt/ros/jazzy/share/rmw_implementation_cmake/cmake)
[2.999s] -- Found rmw_fastrtps_cpp: 8.4.3 (/opt/ros/jazzy/share/rmw_fastrtps_cpp/cmake)
[3.254s] -- Found OpenSSL: /usr/lib/x86_64-linux-gnu/libcrypto.so (found version "3.0.13")  
[3.300s] -- Found FastRTPS: /opt/ros/jazzy/include (Required is at least version "2.13") 
[3.387s] -- Using RMW implementation 'rmw_fastrtps_cpp' as default
[3.550s] -- Found std_msgs: 5.3.6 (/opt/ros/jazzy/share/std_msgs/cmake)
[3.582s] [31mCMake Error at CMakeLists.txt:20 (install):
[3.582s]   install TARGETS given target "heartbeat_publisher" which does not exist.
[3.582s] 
[3.582s] [0m
[3.592s] -- Found ament_lint_auto: 0.17.4 (/opt/ros/jazzy/share/ament_lint_auto/cmake)
[3.907s] -- Added test 'cppcheck' to perform static code analysis on C / C++ code
[3.911s] -- Configured cppcheck include dirs: $<BUILD_INTERFACE:/home/vboxuser/base_station_heartbeat/src/heartbeat_subscriber/include>
[3.911s] -- Configured cppcheck exclude dirs and/or files: 
[3.911s] -- Added test 'lint_cmake' to check CMake code style
[3.915s] -- Added test 'uncrustify' to check C / C++ code style
[3.915s] -- Configured uncrustify additional arguments: 
[3.922s] -- Added test 'xmllint' to check XML markup files
[3.922s] -- Configuring incomplete, errors occurred!
[3.950s] Invoked command in '/home/vboxuser/base_station_heartbeat/src/build/heartbeat_subscriber' returned '1': CMAKE_PREFIX_PATH=${CMAKE_PREFIX_PATH}:/opt/ros/jazzy DEBUGINFOD_URLS=https://debuginfod.ubuntu.com /usr/bin/cmake /home/vboxuser/base_station_heartbeat/src/heartbeat_subscriber -DCMAKE_EXPORT_COMPILE_COMMANDS=ON -DCMAKE_INSTALL_PREFIX=/home/vboxuser/base_station_heartbeat/src/install/heartbeat_subscriber
