-- Found ament_cmake: 2.5.5 (/opt/ros/jazzy/share/ament_cmake/cmake)
-- Found rclcpp: 28.1.16 (/opt/ros/jazzy/share/rclcpp/cmake)
-- Found rosidl_generator_c: 4.6.7 (/opt/ros/jazzy/share/rosidl_generator_c/cmake)
-- Found rosidl_generator_cpp: 4.6.7 (/opt/ros/jazzy/share/rosidl_generator_cpp/cmake)
-- Using all available rosidl_typesupport_c: rosidl_typesupport_fastrtps_c;rosidl_typesupport_introspection_c
-- Using all available rosidl_typesupport_cpp: rosidl_typesupport_fastrtps_cpp;rosidl_typesupport_introspection_cpp
-- Found rmw_implementation_cmake: 7.3.3 (/opt/ros/jazzy/share/rmw_implementation_cmake/cmake)
-- Found rmw_fastrtps_cpp: 8.4.3 (/opt/ros/jazzy/share/rmw_fastrtps_cpp/cmake)
-- Using RMW implementation 'rmw_fastrtps_cpp' as default
-- Found std_msgs: 5.3.6 (/opt/ros/jazzy/share/std_msgs/cmake)
-- Found ament_lint_auto: 0.17.4 (/opt/ros/jazzy/share/ament_lint_auto/cmake)
-- Added test 'cppcheck' to perform static code analysis on C / C++ code
-- Configured cppcheck include dirs: $<BUILD_INTERFACE:/home/vboxuser/rover_heartbeat/src/rover_publisher/include>
-- Configured cppcheck exclude dirs and/or files: 
-- Added test 'lint_cmake' to check CMake code style
-- Added test 'uncrustify' to check C / C++ code style
-- Configured uncrustify additional arguments: 
-- Added test 'xmllint' to check XML markup files
-- Configuring done (1.0s)
-- Generating done (0.0s)
-- Build files have been written to: /home/vboxuser/rover_heartbeat/src/build/heartbeat_publisher
[100%] Built target heartbeat_publisher
-- Install configuration: ""
-- Up-to-date: /home/vboxuser/rover_heartbeat/src/install/heartbeat_publisher/lib/heartbeat_publisher/heartbeat_publisher
-- Up-to-date: /home/vboxuser/rover_heartbeat/src/install/heartbeat_publisher/share/ament_index/resource_index/package_run_dependencies/heartbeat_publisher
-- Up-to-date: /home/vboxuser/rover_heartbeat/src/install/heartbeat_publisher/share/ament_index/resource_index/parent_prefix_path/heartbeat_publisher
-- Up-to-date: /home/vboxuser/rover_heartbeat/src/install/heartbeat_publisher/share/heartbeat_publisher/environment/ament_prefix_path.sh
-- Up-to-date: /home/vboxuser/rover_heartbeat/src/install/heartbeat_publisher/share/heartbeat_publisher/environment/ament_prefix_path.dsv
-- Up-to-date: /home/vboxuser/rover_heartbeat/src/install/heartbeat_publisher/share/heartbeat_publisher/environment/path.sh
-- Up-to-date: /home/vboxuser/rover_heartbeat/src/install/heartbeat_publisher/share/heartbeat_publisher/environment/path.dsv
-- Up-to-date: /home/vboxuser/rover_heartbeat/src/install/heartbeat_publisher/share/heartbeat_publisher/local_setup.bash
-- Up-to-date: /home/vboxuser/rover_heartbeat/src/install/heartbeat_publisher/share/heartbeat_publisher/local_setup.sh
-- Up-to-date: /home/vboxuser/rover_heartbeat/src/install/heartbeat_publisher/share/heartbeat_publisher/local_setup.zsh
-- Up-to-date: /home/vboxuser/rover_heartbeat/src/install/heartbeat_publisher/share/heartbeat_publisher/local_setup.dsv
-- Installing: /home/vboxuser/rover_heartbeat/src/install/heartbeat_publisher/share/heartbeat_publisher/package.dsv
-- Up-to-date: /home/vboxuser/rover_heartbeat/src/install/heartbeat_publisher/share/ament_index/resource_index/packages/heartbeat_publisher
-- Up-to-date: /home/vboxuser/rover_heartbeat/src/install/heartbeat_publisher/share/heartbeat_publisher/cmake/heartbeat_publisherConfig.cmake
-- Up-to-date: /home/vboxuser/rover_heartbeat/src/install/heartbeat_publisher/share/heartbeat_publisher/cmake/heartbeat_publisherConfig-version.cmake
-- Up-to-date: /home/vboxuser/rover_heartbeat/src/install/heartbeat_publisher/share/heartbeat_publisher/package.xml
