[0.039s] Invoking command in '/home/vboxuser/rover_heartbeat/src/build/heartbeat_publisher': CMAKE_PREFIX_PATH=${CMAKE_PREFIX_PATH}:/opt/ros/jazzy DEBUGINFOD_URLS=https://debuginfod.ubuntu.com /usr/bin/cmake /home/vboxuser/rover_heartbeat/src/rover_publisher -DCMAKE_INSTALL_PREFIX=/home/vboxuser/rover_heartbeat/src/install/heartbeat_publisher
[0.086s] -- Found ament_cmake: 2.5.5 (/opt/ros/jazzy/share/ament_cmake/cmake)
[0.465s] -- Found rclcpp: 28.1.16 (/opt/ros/jazzy/share/rclcpp/cmake)
[0.505s] -- Found rosidl_generator_c: 4.6.7 (/opt/ros/jazzy/share/rosidl_generator_c/cmake)
[0.516s] -- Found rosidl_generator_cpp: 4.6.7 (/opt/ros/jazzy/share/rosidl_generator_cpp/cmake)
[0.553s] -- Using all available rosidl_typesupport_c: rosidl_typesupport_fastrtps_c;rosidl_typesupport_introspection_c
[0.569s] -- Using all available rosidl_typesupport_cpp: rosidl_typesupport_fastrtps_cpp;rosidl_typesupport_introspection_cpp
[0.663s] -- Found rmw_implementation_cmake: 7.3.3 (/opt/ros/jazzy/share/rmw_implementation_cmake/cmake)
[0.666s] -- Found rmw_fastrtps_cpp: 8.4.3 (/opt/ros/jazzy/share/rmw_fastrtps_cpp/cmake)
[0.778s] -- Using RMW implementation 'rmw_fastrtps_cpp' as default
[0.857s] -- Found std_msgs: 5.3.6 (/opt/ros/jazzy/share/std_msgs/cmake)
[0.878s] -- Found ament_lint_auto: 0.17.4 (/opt/ros/jazzy/share/ament_lint_auto/cmake)
[1.015s] -- Added test 'cppcheck' to perform static code analysis on C / C++ code
[1.015s] -- Configured cppcheck include dirs: $<BUILD_INTERFACE:/home/vboxuser/rover_heartbeat/src/rover_publisher/include>
[1.015s] -- Configured cppcheck exclude dirs and/or files: 
[1.015s] -- Added test 'lint_cmake' to check CMake code style
[1.017s] -- Added test 'uncrustify' to check C / C++ code style
[1.017s] -- Configured uncrustify additional arguments: 
[1.017s] -- Added test 'xmllint' to check XML markup files
[1.022s] -- Configuring done (1.0s)
[1.059s] -- Generating done (0.0s)
[1.069s] -- Build files have been written to: /home/vboxuser/rover_heartbeat/src/build/heartbeat_publisher
[1.087s] Invoked command in '/home/vboxuser/rover_heartbeat/src/build/heartbeat_publisher' returned '0': CMAKE_PREFIX_PATH=${CMAKE_PREFIX_PATH}:/opt/ros/jazzy DEBUGINFOD_URLS=https://debuginfod.ubuntu.com /usr/bin/cmake /home/vboxuser/rover_heartbeat/src/rover_publisher -DCMAKE_INSTALL_PREFIX=/home/vboxuser/rover_heartbeat/src/install/heartbeat_publisher
[1.089s] Invoking command in '/home/vboxuser/rover_heartbeat/src/build/heartbeat_publisher': CMAKE_PREFIX_PATH=${CMAKE_PREFIX_PATH}:/opt/ros/jazzy DEBUGINFOD_URLS=https://debuginfod.ubuntu.com /usr/bin/cmake --build /home/vboxuser/rover_heartbeat/src/build/heartbeat_publisher -- -j2 -l2
[1.207s] [100%] Built target heartbeat_publisher
[1.228s] Invoked command in '/home/vboxuser/rover_heartbeat/src/build/heartbeat_publisher' returned '0': CMAKE_PREFIX_PATH=${CMAKE_PREFIX_PATH}:/opt/ros/jazzy DEBUGINFOD_URLS=https://debuginfod.ubuntu.com /usr/bin/cmake --build /home/vboxuser/rover_heartbeat/src/build/heartbeat_publisher -- -j2 -l2
[1.253s] Invoking command in '/home/vboxuser/rover_heartbeat/src/build/heartbeat_publisher': CMAKE_PREFIX_PATH=${CMAKE_PREFIX_PATH}:/opt/ros/jazzy DEBUGINFOD_URLS=https://debuginfod.ubuntu.com /usr/bin/cmake --install /home/vboxuser/rover_heartbeat/src/build/heartbeat_publisher
[1.265s] -- Install configuration: ""
[1.274s] -- Up-to-date: /home/vboxuser/rover_heartbeat/src/install/heartbeat_publisher/lib/heartbeat_publisher/heartbeat_publisher
[1.276s] -- Up-to-date: /home/vboxuser/rover_heartbeat/src/install/heartbeat_publisher/share/ament_index/resource_index/package_run_dependencies/heartbeat_publisher
[1.279s] -- Up-to-date: /home/vboxuser/rover_heartbeat/src/install/heartbeat_publisher/share/ament_index/resource_index/parent_prefix_path/heartbeat_publisher
[1.280s] -- Up-to-date: /home/vboxuser/rover_heartbeat/src/install/heartbeat_publisher/share/heartbeat_publisher/environment/ament_prefix_path.sh
[1.280s] -- Up-to-date: /home/vboxuser/rover_heartbeat/src/install/heartbeat_publisher/share/heartbeat_publisher/environment/ament_prefix_path.dsv
[1.280s] -- Up-to-date: /home/vboxuser/rover_heartbeat/src/install/heartbeat_publisher/share/heartbeat_publisher/environment/path.sh
[1.280s] -- Up-to-date: /home/vboxuser/rover_heartbeat/src/install/heartbeat_publisher/share/heartbeat_publisher/environment/path.dsv
[1.281s] -- Up-to-date: /home/vboxuser/rover_heartbeat/src/install/heartbeat_publisher/share/heartbeat_publisher/local_setup.bash
[1.281s] -- Up-to-date: /home/vboxuser/rover_heartbeat/src/install/heartbeat_publisher/share/heartbeat_publisher/local_setup.sh
[1.281s] -- Up-to-date: /home/vboxuser/rover_heartbeat/src/install/heartbeat_publisher/share/heartbeat_publisher/local_setup.zsh
[1.281s] -- Up-to-date: /home/vboxuser/rover_heartbeat/src/install/heartbeat_publisher/share/heartbeat_publisher/local_setup.dsv
[1.281s] -- Installing: /home/vboxuser/rover_heartbeat/src/install/heartbeat_publisher/share/heartbeat_publisher/package.dsv
[1.282s] -- Up-to-date: /home/vboxuser/rover_heartbeat/src/install/heartbeat_publisher/share/ament_index/resource_index/packages/heartbeat_publisher
[1.282s] -- Up-to-date: /home/vboxuser/rover_heartbeat/src/install/heartbeat_publisher/share/heartbeat_publisher/cmake/heartbeat_publisherConfig.cmake
[1.283s] -- Up-to-date: /home/vboxuser/rover_heartbeat/src/install/heartbeat_publisher/share/heartbeat_publisher/cmake/heartbeat_publisherConfig-version.cmake
[1.283s] -- Up-to-date: /home/vboxuser/rover_heartbeat/src/install/heartbeat_publisher/share/heartbeat_publisher/package.xml
[1.286s] Invoked command in '/home/vboxuser/rover_heartbeat/src/build/heartbeat_publisher' returned '0': CMAKE_PREFIX_PATH=${CMAKE_PREFIX_PATH}:/opt/ros/jazzy DEBUGINFOD_URLS=https://debuginfod.ubuntu.com /usr/bin/cmake --install /home/vboxuser/rover_heartbeat/src/build/heartbeat_publisher
