[0.052s] Invoking command in '/home/vboxuser/rover_heartbeat/src/build/heartbeat_subscriber': CMAKE_PREFIX_PATH=${CMAKE_PREFIX_PATH}:/opt/ros/jazzy DEBUGINFOD_URLS=https://debuginfod.ubuntu.com /usr/bin/cmake --build /home/vboxuser/rover_heartbeat/src/build/heartbeat_subscriber -- -j2 -l2
[0.111s] -- Found ament_cmake: 2.5.5 (/opt/ros/jazzy/share/ament_cmake/cmake)
[0.448s] -- Found rclcpp: 28.1.16 (/opt/ros/jazzy/share/rclcpp/cmake)
[0.514s] -- Found rosidl_generator_c: 4.6.7 (/opt/ros/jazzy/share/rosidl_generator_c/cmake)
[0.533s] -- Found rosidl_generator_cpp: 4.6.7 (/opt/ros/jazzy/share/rosidl_generator_cpp/cmake)
[0.560s] -- Using all available rosidl_typesupport_c: rosidl_typesupport_fastrtps_c;rosidl_typesupport_introspection_c
[0.584s] -- Using all available rosidl_typesupport_cpp: rosidl_typesupport_fastrtps_cpp;rosidl_typesupport_introspection_cpp
[0.711s] -- Found rmw_implementation_cmake: 7.3.3 (/opt/ros/jazzy/share/rmw_implementation_cmake/cmake)
[0.712s] -- Found rmw_fastrtps_cpp: 8.4.3 (/opt/ros/jazzy/share/rmw_fastrtps_cpp/cmake)
[0.868s] -- Found OpenSSL: /usr/lib/x86_64-linux-gnu/libcrypto.so (found version "3.0.13")  
[0.897s] -- Found FastRTPS: /opt/ros/jazzy/include (Required is at least version "2.13") 
[0.929s] -- Using RMW implementation 'rmw_fastrtps_cpp' as default
[1.021s] -- Found std_msgs: 5.3.6 (/opt/ros/jazzy/share/std_msgs/cmake)
[1.036s] -- Found ament_lint_auto: 0.17.4 (/opt/ros/jazzy/share/ament_lint_auto/cmake)
[1.152s] -- Added test 'cppcheck' to perform static code analysis on C / C++ code
[1.153s] -- Configured cppcheck include dirs: $<BUILD_INTERFACE:/home/vboxuser/rover_heartbeat/src/heartbeat_subscriber/include>
[1.153s] -- Configured cppcheck exclude dirs and/or files: 
[1.153s] -- Added test 'lint_cmake' to check CMake code style
[1.153s] -- Added test 'uncrustify' to check C / C++ code style
[1.153s] -- Configured uncrustify additional arguments: 
[1.154s] -- Added test 'xmllint' to check XML markup files
[1.155s] -- Configuring done (1.1s)
[1.177s] -- Generating done (0.0s)
[1.185s] -- Build files have been written to: /home/vboxuser/rover_heartbeat/src/build/heartbeat_subscriber
[1.274s] [ 50%] [32mBuilding CXX object CMakeFiles/heartbeat_subscriber.dir/src/heartbeat_subscriber.cpp.o[0m
[11.918s] [100%] [32m[1mLinking CXX executable heartbeat_subscriber[0m
[12.191s] [100%] Built target heartbeat_subscriber
[12.209s] Invoked command in '/home/vboxuser/rover_heartbeat/src/build/heartbeat_subscriber' returned '0': CMAKE_PREFIX_PATH=${CMAKE_PREFIX_PATH}:/opt/ros/jazzy DEBUGINFOD_URLS=https://debuginfod.ubuntu.com /usr/bin/cmake --build /home/vboxuser/rover_heartbeat/src/build/heartbeat_subscriber -- -j2 -l2
[12.214s] Invoking command in '/home/vboxuser/rover_heartbeat/src/build/heartbeat_subscriber': CMAKE_PREFIX_PATH=${CMAKE_PREFIX_PATH}:/opt/ros/jazzy DEBUGINFOD_URLS=https://debuginfod.ubuntu.com /usr/bin/cmake --install /home/vboxuser/rover_heartbeat/src/build/heartbeat_subscriber
[12.227s] -- Install configuration: ""
[12.227s] -- Installing: /home/vboxuser/rover_heartbeat/src/install/heartbeat_subscriber/lib/heartbeat_subscriber/heartbeat_subscriber
[12.233s] -- Set non-toolchain portion of runtime path of "/home/vboxuser/rover_heartbeat/src/install/heartbeat_subscriber/lib/heartbeat_subscriber/heartbeat_subscriber" to ""
[12.233s] -- Installing: /home/vboxuser/rover_heartbeat/src/install/heartbeat_subscriber/share/ament_index/resource_index/package_run_dependencies/heartbeat_subscriber
[12.233s] -- Up-to-date: /home/vboxuser/rover_heartbeat/src/install/heartbeat_subscriber/share/ament_index/resource_index/parent_prefix_path/heartbeat_subscriber
[12.234s] -- Up-to-date: /home/vboxuser/rover_heartbeat/src/install/heartbeat_subscriber/share/heartbeat_subscriber/environment/ament_prefix_path.sh
[12.234s] -- Up-to-date: /home/vboxuser/rover_heartbeat/src/install/heartbeat_subscriber/share/heartbeat_subscriber/environment/ament_prefix_path.dsv
[12.234s] -- Up-to-date: /home/vboxuser/rover_heartbeat/src/install/heartbeat_subscriber/share/heartbeat_subscriber/environment/path.sh
[12.235s] -- Up-to-date: /home/vboxuser/rover_heartbeat/src/install/heartbeat_subscriber/share/heartbeat_subscriber/environment/path.dsv
[12.235s] -- Up-to-date: /home/vboxuser/rover_heartbeat/src/install/heartbeat_subscriber/share/heartbeat_subscriber/local_setup.bash
[12.235s] -- Up-to-date: /home/vboxuser/rover_heartbeat/src/install/heartbeat_subscriber/share/heartbeat_subscriber/local_setup.sh
[12.235s] -- Up-to-date: /home/vboxuser/rover_heartbeat/src/install/heartbeat_subscriber/share/heartbeat_subscriber/local_setup.zsh
[12.239s] -- Up-to-date: /home/vboxuser/rover_heartbeat/src/install/heartbeat_subscriber/share/heartbeat_subscriber/local_setup.dsv
[12.239s] -- Up-to-date: /home/vboxuser/rover_heartbeat/src/install/heartbeat_subscriber/share/heartbeat_subscriber/package.dsv
[12.241s] -- Up-to-date: /home/vboxuser/rover_heartbeat/src/install/heartbeat_subscriber/share/ament_index/resource_index/packages/heartbeat_subscriber
[12.241s] -- Up-to-date: /home/vboxuser/rover_heartbeat/src/install/heartbeat_subscriber/share/heartbeat_subscriber/cmake/heartbeat_subscriberConfig.cmake
[12.242s] -- Up-to-date: /home/vboxuser/rover_heartbeat/src/install/heartbeat_subscriber/share/heartbeat_subscriber/cmake/heartbeat_subscriberConfig-version.cmake
[12.242s] -- Installing: /home/vboxuser/rover_heartbeat/src/install/heartbeat_subscriber/share/heartbeat_subscriber/package.xml
[12.242s] Invoked command in '/home/vboxuser/rover_heartbeat/src/build/heartbeat_subscriber' returned '0': CMAKE_PREFIX_PATH=${CMAKE_PREFIX_PATH}:/opt/ros/jazzy DEBUGINFOD_URLS=https://debuginfod.ubuntu.com /usr/bin/cmake --install /home/vboxuser/rover_heartbeat/src/build/heartbeat_subscriber
