[0.049s] Invoking command in '/home/vboxuser/base_station_heartbeat/src/build/heartbeat_publisher': CMAKE_PREFIX_PATH=${CMAKE_PREFIX_PATH}:/opt/ros/jazzy DEBUGINFOD_URLS=https://debuginfod.ubuntu.com /usr/bin/cmake --build /home/vboxuser/base_station_heartbeat/src/build/heartbeat_publisher -- -j2 -l2
[0.435s] [100%] Built target heartbeat_publisher
[0.593s] Invoked command in '/home/vboxuser/base_station_heartbeat/src/build/heartbeat_publisher' returned '0': CMAKE_PREFIX_PATH=${CMAKE_PREFIX_PATH}:/opt/ros/jazzy DEBUGINFOD_URLS=https://debuginfod.ubuntu.com /usr/bin/cmake --build /home/vboxuser/base_station_heartbeat/src/build/heartbeat_publisher -- -j2 -l2
[0.594s] Invoking command in '/home/vboxuser/base_station_heartbeat/src/build/heartbeat_publisher': CMAKE_PREFIX_PATH=${CMAKE_PREFIX_PATH}:/opt/ros/jazzy DEBUGINFOD_URLS=https://debuginfod.ubuntu.com /usr/bin/cmake --install /home/vboxuser/base_station_heartbeat/src/build/heartbeat_publisher
[0.595s] -- Install configuration: ""
[0.597s] -- Up-to-date: /home/vboxuser/base_station_heartbeat/src/install/heartbeat_publisher/lib/heartbeat_publisher/heartbeat_publisher
[0.599s] -- Up-to-date: /home/vboxuser/base_station_heartbeat/src/install/heartbeat_publisher/share/ament_index/resource_index/package_run_dependencies/heartbeat_publisher
[0.601s] -- Up-to-date: /home/vboxuser/base_station_heartbeat/src/install/heartbeat_publisher/share/ament_index/resource_index/parent_prefix_path/heartbeat_publisher
[0.601s] -- Up-to-date: /home/vboxuser/base_station_heartbeat/src/install/heartbeat_publisher/share/heartbeat_publisher/environment/ament_prefix_path.sh
[0.601s] -- Up-to-date: /home/vboxuser/base_station_heartbeat/src/install/heartbeat_publisher/share/heartbeat_publisher/environment/ament_prefix_path.dsv
[0.601s] -- Up-to-date: /home/vboxuser/base_station_heartbeat/src/install/heartbeat_publisher/share/heartbeat_publisher/environment/path.sh
[0.603s] -- Up-to-date: /home/vboxuser/base_station_heartbeat/src/install/heartbeat_publisher/share/heartbeat_publisher/environment/path.dsv
[0.603s] -- Up-to-date: /home/vboxuser/base_station_heartbeat/src/install/heartbeat_publisher/share/heartbeat_publisher/local_setup.bash
[0.607s] -- Up-to-date: /home/vboxuser/base_station_heartbeat/src/install/heartbeat_publisher/share/heartbeat_publisher/local_setup.sh
[0.607s] -- Up-to-date: /home/vboxuser/base_station_heartbeat/src/install/heartbeat_publisher/share/heartbeat_publisher/local_setup.zsh
[0.607s] -- Up-to-date: /home/vboxuser/base_station_heartbeat/src/install/heartbeat_publisher/share/heartbeat_publisher/local_setup.dsv
[0.607s] -- Installing: /home/vboxuser/base_station_heartbeat/src/install/heartbeat_publisher/share/heartbeat_publisher/package.dsv
[0.611s] -- Up-to-date: /home/vboxuser/base_station_heartbeat/src/install/heartbeat_publisher/share/ament_index/resource_index/packages/heartbeat_publisher
[0.611s] -- Up-to-date: /home/vboxuser/base_station_heartbeat/src/install/heartbeat_publisher/share/heartbeat_publisher/cmake/heartbeat_publisherConfig.cmake
[0.611s] -- Up-to-date: /home/vboxuser/base_station_heartbeat/src/install/heartbeat_publisher/share/heartbeat_publisher/cmake/heartbeat_publisherConfig-version.cmake
[0.613s] -- Up-to-date: /home/vboxuser/base_station_heartbeat/src/install/heartbeat_publisher/share/heartbeat_publisher/package.xml
[0.621s] Invoked command in '/home/vboxuser/base_station_heartbeat/src/build/heartbeat_publisher' returned '0': CMAKE_PREFIX_PATH=${CMAKE_PREFIX_PATH}:/opt/ros/jazzy DEBUGINFOD_URLS=https://debuginfod.ubuntu.com /usr/bin/cmake --install /home/vboxuser/base_station_heartbeat/src/build/heartbeat_publisher
