[0.040s] Invoking command in '/home/vboxuser/base_station_heartbeat/src/build/heartbeat_publisher': CMAKE_PREFIX_PATH=${CMAKE_PREFIX_PATH}:/opt/ros/jazzy DEBUGINFOD_URLS=https://debuginfod.ubuntu.com /usr/bin/cmake /home/vboxuser/base_station_heartbeat/src/heartbeat_publisher -DCMAKE_EXPORT_COMPILE_COMMANDS=ON -DCMAKE_INSTALL_PREFIX=/home/vboxuser/base_station_heartbeat/src/install/heartbeat_publisher
[0.249s] -- The C compiler identification is GNU 13.3.0
[0.558s] -- The CXX compiler identification is GNU 13.3.0
[0.653s] -- Detecting C compiler ABI info
[1.157s] -- Detecting C compiler ABI info - done
[1.179s] -- Check for working C compiler: /usr/bin/cc - skipped
[1.185s] -- Detecting C compile features
[1.186s] -- Detecting C compile features - done
[1.269s] -- Detecting CXX compiler ABI info
[1.855s] -- Detecting CXX compiler ABI info - done
[1.865s] -- Check for working CXX compiler: /usr/bin/c++ - skipped
[1.867s] -- Detecting CXX compile features
[1.871s] -- Detecting CXX compile features - done
[1.881s] -- Found ament_cmake: 2.5.5 (/opt/ros/jazzy/share/ament_cmake/cmake)
[2.498s] -- Found Python3: /usr/bin/python3 (found version "3.12.3") found components: Interpreter 
[2.743s] -- Found rclcpp: 28.1.16 (/opt/ros/jazzy/share/rclcpp/cmake)
[2.820s] -- Found rosidl_generator_c: 4.6.7 (/opt/ros/jazzy/share/rosidl_generator_c/cmake)
[2.876s] -- Found rosidl_generator_cpp: 4.6.7 (/opt/ros/jazzy/share/rosidl_generator_cpp/cmake)
[2.894s] -- Using all available rosidl_typesupport_c: rosidl_typesupport_fastrtps_c;rosidl_typesupport_introspection_c
[2.937s] -- Using all available rosidl_typesupport_cpp: rosidl_typesupport_fastrtps_cpp;rosidl_typesupport_introspection_cpp
[3.095s] -- Found rmw_implementation_cmake: 7.3.3 (/opt/ros/jazzy/share/rmw_implementation_cmake/cmake)
[3.103s] -- Found rmw_fastrtps_cpp: 8.4.3 (/opt/ros/jazzy/share/rmw_fastrtps_cpp/cmake)
[3.429s] -- Found OpenSSL: /usr/lib/x86_64-linux-gnu/libcrypto.so (found version "3.0.13")  
[3.484s] -- Found FastRTPS: /opt/ros/jazzy/include (Required is at least version "2.13") 
[3.530s] -- Using RMW implementation 'rmw_fastrtps_cpp' as default
[3.761s] -- Found std_msgs: 5.3.6 (/opt/ros/jazzy/share/std_msgs/cmake)
[3.762s] -- Found ament_lint_auto: 0.17.4 (/opt/ros/jazzy/share/ament_lint_auto/cmake)
[4.054s] -- Added test 'cppcheck' to perform static code analysis on C / C++ code
[4.055s] -- Configured cppcheck include dirs: $<BUILD_INTERFACE:/home/vboxuser/base_station_heartbeat/src/heartbeat_publisher/include>
[4.056s] -- Configured cppcheck exclude dirs and/or files: 
[4.057s] -- Added test 'lint_cmake' to check CMake code style
[4.059s] -- Added test 'uncrustify' to check C / C++ code style
[4.061s] -- Configured uncrustify additional arguments: 
[4.062s] -- Added test 'xmllint' to check XML markup files
[4.065s] -- Configuring done (4.0s)
[4.119s] -- Generating done (0.0s)
[4.134s] -- Build files have been written to: /home/vboxuser/base_station_heartbeat/src/build/heartbeat_publisher
