[0.045s] Invoking command in '/home/vboxuser/rover_heartbeat/src/build/heartbeat_subscriber': CMAKE_PREFIX_PATH=${CMAKE_PREFIX_PATH}:/opt/ros/jazzy DEBUGINFOD_URLS=https://debuginfod.ubuntu.com /usr/bin/cmake /home/vboxuser/rover_heartbeat/src/heartbeat_subscriber -DCMAKE_INSTALL_PREFIX=/home/vboxuser/rover_heartbeat/src/install/heartbeat_subscriber
[0.157s] -- The C compiler identification is GNU 13.3.0
[0.300s] -- The CXX compiler identification is GNU 13.3.0
[0.326s] -- Detecting C compiler ABI info
[0.493s] -- Detecting C compiler ABI info - done
[0.504s] -- Check for working C compiler: /usr/bin/cc - skipped
[0.505s] -- Detecting C compile features
[0.505s] -- Detecting C compile features - done
[0.523s] -- Detecting CXX compiler ABI info
[0.715s] -- Detecting CXX compiler ABI info - done
[0.724s] -- Check for working CXX compiler: /usr/bin/c++ - skipped
[0.724s] -- Detecting CXX compile features
[0.726s] -- Detecting CXX compile features - done
[0.732s] -- Found ament_cmake: 2.5.5 (/opt/ros/jazzy/share/ament_cmake/cmake)
[0.911s] -- Found Python3: /usr/bin/python3 (found version "3.12.3") found components: Interpreter 
[1.061s] -- Found ament_lint_auto: 0.17.4 (/opt/ros/jazzy/share/ament_lint_auto/cmake)
[1.174s] -- Added test 'cppcheck' to perform static code analysis on C / C++ code
[1.174s] -- Configured cppcheck include dirs: 
[1.174s] -- Configured cppcheck exclude dirs and/or files: 
[1.176s] -- Added test 'lint_cmake' to check CMake code style
[1.177s] -- Added test 'uncrustify' to check C / C++ code style
[1.177s] -- Configured uncrustify additional arguments: 
[1.178s] -- Added test 'xmllint' to check XML markup files
[1.180s] -- Configuring done (1.1s)
[1.184s] -- Generating done (0.0s)
[1.186s] -- Build files have been written to: /home/vboxuser/rover_heartbeat/src/build/heartbeat_subscriber
[1.195s] Invoked command in '/home/vboxuser/rover_heartbeat/src/build/heartbeat_subscriber' returned '0': CMAKE_PREFIX_PATH=${CMAKE_PREFIX_PATH}:/opt/ros/jazzy DEBUGINFOD_URLS=https://debuginfod.ubuntu.com /usr/bin/cmake /home/vboxuser/rover_heartbeat/src/heartbeat_subscriber -DCMAKE_INSTALL_PREFIX=/home/vboxuser/rover_heartbeat/src/install/heartbeat_subscriber
[1.196s] Invoking command in '/home/vboxuser/rover_heartbeat/src/build/heartbeat_subscriber': CMAKE_PREFIX_PATH=${CMAKE_PREFIX_PATH}:/opt/ros/jazzy DEBUGINFOD_URLS=https://debuginfod.ubuntu.com /usr/bin/cmake --build /home/vboxuser/rover_heartbeat/src/build/heartbeat_subscriber -- -j2 -l2
[1.290s] Invoked command in '/home/vboxuser/rover_heartbeat/src/build/heartbeat_subscriber' returned '0': CMAKE_PREFIX_PATH=${CMAKE_PREFIX_PATH}:/opt/ros/jazzy DEBUGINFOD_URLS=https://debuginfod.ubuntu.com /usr/bin/cmake --build /home/vboxuser/rover_heartbeat/src/build/heartbeat_subscriber -- -j2 -l2
[1.292s] Invoking command in '/home/vboxuser/rover_heartbeat/src/build/heartbeat_subscriber': CMAKE_PREFIX_PATH=${CMAKE_PREFIX_PATH}:/opt/ros/jazzy DEBUGINFOD_URLS=https://debuginfod.ubuntu.com /usr/bin/cmake --install /home/vboxuser/rover_heartbeat/src/build/heartbeat_subscriber
[1.306s] -- Install configuration: ""
[1.306s] -- Installing: /home/vboxuser/rover_heartbeat/src/install/heartbeat_subscriber/share/ament_index/resource_index/package_run_dependencies/heartbeat_subscriber
[1.308s] -- Installing: /home/vboxuser/rover_heartbeat/src/install/heartbeat_subscriber/share/ament_index/resource_index/parent_prefix_path/heartbeat_subscriber
[1.308s] -- Installing: /home/vboxuser/rover_heartbeat/src/install/heartbeat_subscriber/share/heartbeat_subscriber/environment/ament_prefix_path.sh
[1.308s] -- Installing: /home/vboxuser/rover_heartbeat/src/install/heartbeat_subscriber/share/heartbeat_subscriber/environment/ament_prefix_path.dsv
[1.310s] -- Installing: /home/vboxuser/rover_heartbeat/src/install/heartbeat_subscriber/share/heartbeat_subscriber/environment/path.sh
[1.310s] -- Installing: /home/vboxuser/rover_heartbeat/src/install/heartbeat_subscriber/share/heartbeat_subscriber/environment/path.dsv
[1.310s] -- Installing: /home/vboxuser/rover_heartbeat/src/install/heartbeat_subscriber/share/heartbeat_subscriber/local_setup.bash
[1.310s] -- Installing: /home/vboxuser/rover_heartbeat/src/install/heartbeat_subscriber/share/heartbeat_subscriber/local_setup.sh
[1.310s] -- Installing: /home/vboxuser/rover_heartbeat/src/install/heartbeat_subscriber/share/heartbeat_subscriber/local_setup.zsh
[1.311s] -- Installing: /home/vboxuser/rover_heartbeat/src/install/heartbeat_subscriber/share/heartbeat_subscriber/local_setup.dsv
[1.311s] -- Installing: /home/vboxuser/rover_heartbeat/src/install/heartbeat_subscriber/share/heartbeat_subscriber/package.dsv
[1.314s] -- Installing: /home/vboxuser/rover_heartbeat/src/install/heartbeat_subscriber/share/ament_index/resource_index/packages/heartbeat_subscriber
[1.315s] -- Installing: /home/vboxuser/rover_heartbeat/src/install/heartbeat_subscriber/share/heartbeat_subscriber/cmake/heartbeat_subscriberConfig.cmake
[1.315s] -- Installing: /home/vboxuser/rover_heartbeat/src/install/heartbeat_subscriber/share/heartbeat_subscriber/cmake/heartbeat_subscriberConfig-version.cmake
[1.315s] -- Installing: /home/vboxuser/rover_heartbeat/src/install/heartbeat_subscriber/share/heartbeat_subscriber/package.xml
[1.315s] Invoked command in '/home/vboxuser/rover_heartbeat/src/build/heartbeat_subscriber' returned '0': CMAKE_PREFIX_PATH=${CMAKE_PREFIX_PATH}:/opt/ros/jazzy DEBUGINFOD_URLS=https://debuginfod.ubuntu.com /usr/bin/cmake --install /home/vboxuser/rover_heartbeat/src/build/heartbeat_subscriber
