[0.074s] Invoking command in '/home/vboxuser/base_station_heartbeat/src/build/heartbeat_publisher': CMAKE_PREFIX_PATH=${CMAKE_PREFIX_PATH}:/opt/ros/jazzy DEBUGINFOD_URLS=https://debuginfod.ubuntu.com /usr/bin/cmake /home/vboxuser/base_station_heartbeat/src/heartbeat_publisher -DCMAKE_INSTALL_PREFIX=/home/vboxuser/base_station_heartbeat/src/install/heartbeat_publisher
[0.192s] -- Found ament_cmake: 2.5.5 (/opt/ros/jazzy/share/ament_cmake/cmake)
[1.246s] -- Found rclcpp: 28.1.16 (/opt/ros/jazzy/share/rclcpp/cmake)
[1.299s] -- Found rosidl_generator_c: 4.6.7 (/opt/ros/jazzy/share/rosidl_generator_c/cmake)
[1.328s] -- Found rosidl_generator_cpp: 4.6.7 (/opt/ros/jazzy/share/rosidl_generator_cpp/cmake)
[1.356s] -- Using all available rosidl_typesupport_c: rosidl_typesupport_fastrtps_c;rosidl_typesupport_introspection_c
[1.388s] -- Using all available rosidl_typesupport_cpp: rosidl_typesupport_fastrtps_cpp;rosidl_typesupport_introspection_cpp
[1.563s] -- Found rmw_implementation_cmake: 7.3.3 (/opt/ros/jazzy/share/rmw_implementation_cmake/cmake)
[1.568s] -- Found rmw_fastrtps_cpp: 8.4.3 (/opt/ros/jazzy/share/rmw_fastrtps_cpp/cmake)
[2.062s] -- Using RMW implementation 'rmw_fastrtps_cpp' as default
[2.062s] -- Found std_msgs: 5.3.6 (/opt/ros/jazzy/share/std_msgs/cmake)
[2.063s] -- Found ament_lint_auto: 0.17.4 (/opt/ros/jazzy/share/ament_lint_auto/cmake)
[2.417s] -- Added test 'cppcheck' to perform static code analysis on C / C++ code
[2.419s] -- Configured cppcheck include dirs: $<BUILD_INTERFACE:/home/vboxuser/base_station_heartbeat/src/heartbeat_publisher/include>
[2.429s] -- Configured cppcheck exclude dirs and/or files: 
[2.430s] -- Added test 'lint_cmake' to check CMake code style
[2.430s] -- Added test 'uncrustify' to check C / C++ code style
[2.430s] -- Configured uncrustify additional arguments: 
[2.430s] -- Added test 'xmllint' to check XML markup files
[2.430s] -- Configuring done (2.3s)
[2.465s] -- Generating done (0.0s)
[2.487s] -- Build files have been written to: /home/vboxuser/base_station_heartbeat/src/build/heartbeat_publisher
[2.524s] Invoked command in '/home/vboxuser/base_station_heartbeat/src/build/heartbeat_publisher' returned '0': CMAKE_PREFIX_PATH=${CMAKE_PREFIX_PATH}:/opt/ros/jazzy DEBUGINFOD_URLS=https://debuginfod.ubuntu.com /usr/bin/cmake /home/vboxuser/base_station_heartbeat/src/heartbeat_publisher -DCMAKE_INSTALL_PREFIX=/home/vboxuser/base_station_heartbeat/src/install/heartbeat_publisher
[2.531s] Invoking command in '/home/vboxuser/base_station_heartbeat/src/build/heartbeat_publisher': CMAKE_PREFIX_PATH=${CMAKE_PREFIX_PATH}:/opt/ros/jazzy DEBUGINFOD_URLS=https://debuginfod.ubuntu.com /usr/bin/cmake --build /home/vboxuser/base_station_heartbeat/src/build/heartbeat_publisher -- -j2 -l2
[2.935s] [100%] Built target heartbeat_publisher
[3.010s] Invoked command in '/home/vboxuser/base_station_heartbeat/src/build/heartbeat_publisher' returned '0': CMAKE_PREFIX_PATH=${CMAKE_PREFIX_PATH}:/opt/ros/jazzy DEBUGINFOD_URLS=https://debuginfod.ubuntu.com /usr/bin/cmake --build /home/vboxuser/base_station_heartbeat/src/build/heartbeat_publisher -- -j2 -l2
[3.357s] Invoking command in '/home/vboxuser/base_station_heartbeat/src/build/heartbeat_publisher': CMAKE_PREFIX_PATH=${CMAKE_PREFIX_PATH}:/opt/ros/jazzy DEBUGINFOD_URLS=https://debuginfod.ubuntu.com /usr/bin/cmake --install /home/vboxuser/base_station_heartbeat/src/build/heartbeat_publisher
[3.393s] -- Install configuration: ""
[3.397s] -- Up-to-date: /home/vboxuser/base_station_heartbeat/src/install/heartbeat_publisher/lib/heartbeat_publisher/heartbeat_publisher
[3.406s] -- Up-to-date: /home/vboxuser/base_station_heartbeat/src/install/heartbeat_publisher/share/ament_index/resource_index/package_run_dependencies/heartbeat_publisher
[3.418s] -- Up-to-date: /home/vboxuser/base_station_heartbeat/src/install/heartbeat_publisher/share/ament_index/resource_index/parent_prefix_path/heartbeat_publisher
[3.420s] -- Up-to-date: /home/vboxuser/base_station_heartbeat/src/install/heartbeat_publisher/share/heartbeat_publisher/environment/ament_prefix_path.sh
[3.421s] -- Up-to-date: /home/vboxuser/base_station_heartbeat/src/install/heartbeat_publisher/share/heartbeat_publisher/environment/ament_prefix_path.dsv
[3.421s] -- Up-to-date: /home/vboxuser/base_station_heartbeat/src/install/heartbeat_publisher/share/heartbeat_publisher/environment/path.sh
[3.421s] -- Up-to-date: /home/vboxuser/base_station_heartbeat/src/install/heartbeat_publisher/share/heartbeat_publisher/environment/path.dsv
[3.421s] -- Up-to-date: /home/vboxuser/base_station_heartbeat/src/install/heartbeat_publisher/share/heartbeat_publisher/local_setup.bash
[3.421s] -- Up-to-date: /home/vboxuser/base_station_heartbeat/src/install/heartbeat_publisher/share/heartbeat_publisher/local_setup.sh
[3.421s] -- Up-to-date: /home/vboxuser/base_station_heartbeat/src/install/heartbeat_publisher/share/heartbeat_publisher/local_setup.zsh
[3.421s] -- Up-to-date: /home/vboxuser/base_station_heartbeat/src/install/heartbeat_publisher/share/heartbeat_publisher/local_setup.dsv
[3.421s] -- Installing: /home/vboxuser/base_station_heartbeat/src/install/heartbeat_publisher/share/heartbeat_publisher/package.dsv
[3.421s] -- Up-to-date: /home/vboxuser/base_station_heartbeat/src/install/heartbeat_publisher/share/ament_index/resource_index/packages/heartbeat_publisher
[3.421s] -- Up-to-date: /home/vboxuser/base_station_heartbeat/src/install/heartbeat_publisher/share/heartbeat_publisher/cmake/heartbeat_publisherConfig.cmake
[3.421s] -- Up-to-date: /home/vboxuser/base_station_heartbeat/src/install/heartbeat_publisher/share/heartbeat_publisher/cmake/heartbeat_publisherConfig-version.cmake
[3.421s] -- Up-to-date: /home/vboxuser/base_station_heartbeat/src/install/heartbeat_publisher/share/heartbeat_publisher/package.xml
[3.444s] Invoked command in '/home/vboxuser/base_station_heartbeat/src/build/heartbeat_publisher' returned '0': CMAKE_PREFIX_PATH=${CMAKE_PREFIX_PATH}:/opt/ros/jazzy DEBUGINFOD_URLS=https://debuginfod.ubuntu.com /usr/bin/cmake --install /home/vboxuser/base_station_heartbeat/src/build/heartbeat_publisher
