-- The C compiler identification is GNU 13.3.0
-- The CXX compiler identification is GNU 13.3.0
-- Detecting C compiler ABI info
-- Detecting C compiler ABI info - done
-- Check for working C compiler: /usr/bin/cc - skipped
-- Detecting C compile features
-- Detecting C compile features - done
-- Detecting CXX compiler ABI info
-- Detecting CXX compiler ABI info - done
-- Check for working CXX compiler: /usr/bin/c++ - skipped
-- Detecting CXX compile features
-- Detecting CXX compile features - done
-- Found ament_cmake: 2.5.5 (/opt/ros/jazzy/share/ament_cmake/cmake)
-- Found Python3: /usr/bin/python3 (found version "3.12.3") found components: Interpreter 
-- Found rclcpp: 28.1.16 (/opt/ros/jazzy/share/rclcpp/cmake)
-- Found rosidl_generator_c: 4.6.7 (/opt/ros/jazzy/share/rosidl_generator_c/cmake)
-- Found rosidl_generator_cpp: 4.6.7 (/opt/ros/jazzy/share/rosidl_generator_cpp/cmake)
-- Using all available rosidl_typesupport_c: rosidl_typesupport_fastrtps_c;rosidl_typesupport_introspection_c
-- Using all available rosidl_typesupport_cpp: rosidl_typesupport_fastrtps_cpp;rosidl_typesupport_introspection_cpp
-- Found rmw_implementation_cmake: 7.3.3 (/opt/ros/jazzy/share/rmw_implementation_cmake/cmake)
-- Found rmw_fastrtps_cpp: 8.4.3 (/opt/ros/jazzy/share/rmw_fastrtps_cpp/cmake)
-- Found OpenSSL: /usr/lib/x86_64-linux-gnu/libcrypto.so (found version "3.0.13")  
-- Found FastRTPS: /opt/ros/jazzy/include (Required is at least version "2.13") 
-- Using RMW implementation 'rmw_fastrtps_cpp' as default
-- Found std_msgs: 5.3.6 (/opt/ros/jazzy/share/std_msgs/cmake)
-- Found ament_lint_auto: 0.17.4 (/opt/ros/jazzy/share/ament_lint_auto/cmake)
-- Added test 'cppcheck' to perform static code analysis on C / C++ code
-- Configured cppcheck include dirs: $<BUILD_INTERFACE:/home/vboxuser/base_station_heartbeat/src/heartbeat_subscriber/include>
-- Configured cppcheck exclude dirs and/or files: 
-- Added test 'lint_cmake' to check CMake code style
-- Added test 'uncrustify' to check C / C++ code style
-- Configured uncrustify additional arguments: 
-- Added test 'xmllint' to check XML markup files
-- Configuring done (2.7s)
-- Generating done (0.0s)
-- Build files have been written to: /home/vboxuser/base_station_heartbeat/build/heartbeat_subscriber
[ 50%] [32mBuilding CXX object CMakeFiles/heartbeat_subscriber.dir/src/heartbeat_subscriber.cpp.o[0m
[100%] [32m[1mLinking CXX executable heartbeat_subscriber[0m
[100%] Built target heartbeat_subscriber
-- Install configuration: ""
-- Installing: /home/vboxuser/base_station_heartbeat/install/heartbeat_subscriber/lib/heartbeat_subscriber/heartbeat_subscriber
-- Set non-toolchain portion of runtime path of "/home/vboxuser/base_station_heartbeat/install/heartbeat_subscriber/lib/heartbeat_subscriber/heartbeat_subscriber" to ""
-- Installing: /home/vboxuser/base_station_heartbeat/install/heartbeat_subscriber/share/ament_index/resource_index/package_run_dependencies/heartbeat_subscriber
-- Installing: /home/vboxuser/base_station_heartbeat/install/heartbeat_subscriber/share/ament_index/resource_index/parent_prefix_path/heartbeat_subscriber
-- Installing: /home/vboxuser/base_station_heartbeat/install/heartbeat_subscriber/share/heartbeat_subscriber/environment/ament_prefix_path.sh
-- Installing: /home/vboxuser/base_station_heartbeat/install/heartbeat_subscriber/share/heartbeat_subscriber/environment/ament_prefix_path.dsv
-- Installing: /home/vboxuser/base_station_heartbeat/install/heartbeat_subscriber/share/heartbeat_subscriber/environment/path.sh
-- Installing: /home/vboxuser/base_station_heartbeat/install/heartbeat_subscriber/share/heartbeat_subscriber/environment/path.dsv
-- Installing: /home/vboxuser/base_station_heartbeat/install/heartbeat_subscriber/share/heartbeat_subscriber/local_setup.bash
-- Installing: /home/vboxuser/base_station_heartbeat/install/heartbeat_subscriber/share/heartbeat_subscriber/local_setup.sh
-- Installing: /home/vboxuser/base_station_heartbeat/install/heartbeat_subscriber/share/heartbeat_subscriber/local_setup.zsh
-- Installing: /home/vboxuser/base_station_heartbeat/install/heartbeat_subscriber/share/heartbeat_subscriber/local_setup.dsv
-- Installing: /home/vboxuser/base_station_heartbeat/install/heartbeat_subscriber/share/heartbeat_subscriber/package.dsv
-- Installing: /home/vboxuser/base_station_heartbeat/install/heartbeat_subscriber/share/ament_index/resource_index/packages/heartbeat_subscriber
-- Installing: /home/vboxuser/base_station_heartbeat/install/heartbeat_subscriber/share/heartbeat_subscriber/cmake/heartbeat_subscriberConfig.cmake
-- Installing: /home/vboxuser/base_station_heartbeat/install/heartbeat_subscriber/share/heartbeat_subscriber/cmake/heartbeat_subscriberConfig-version.cmake
-- Installing: /home/vboxuser/base_station_heartbeat/install/heartbeat_subscriber/share/heartbeat_subscriber/package.xml
