[0.062s] Invoking command in '/home/vboxuser/base_station_heartbeat/build/heartbeat_subscriber': CMAKE_PREFIX_PATH=${CMAKE_PREFIX_PATH}:/opt/ros/jazzy DEBUGINFOD_URLS=https://debuginfod.ubuntu.com /usr/bin/cmake /home/vboxuser/base_station_heartbeat/src/heartbeat_subscriber -DCMAKE_INSTALL_PREFIX=/home/vboxuser/base_station_heartbeat/install/heartbeat_subscriber
[0.404s] -- The C compiler identification is GNU 13.3.0
[0.723s] -- The CXX compiler identification is GNU 13.3.0
[0.799s] -- Detecting C compiler ABI info
[1.120s] -- Detecting C compiler ABI info - done
[1.138s] -- Check for working C compiler: /usr/bin/cc - skipped
[1.139s] -- Detecting C compile features
[1.141s] -- Detecting C compile features - done
[1.172s] -- Detecting CXX compiler ABI info
[1.471s] -- Detecting CXX compiler ABI info - done
[1.502s] -- Check for working CXX compiler: /usr/bin/c++ - skipped
[1.504s] -- Detecting CXX compile features
[1.504s] -- Detecting CXX compile features - done
[1.525s] -- Found ament_cmake: 2.5.5 (/opt/ros/jazzy/share/ament_cmake/cmake)
[1.763s] -- Found Python3: /usr/bin/python3 (found version "3.12.3") found components: Interpreter 
[1.970s] -- Found rclcpp: 28.1.16 (/opt/ros/jazzy/share/rclcpp/cmake)
[2.045s] -- Found rosidl_generator_c: 4.6.7 (/opt/ros/jazzy/share/rosidl_generator_c/cmake)
[2.058s] -- Found rosidl_generator_cpp: 4.6.7 (/opt/ros/jazzy/share/rosidl_generator_cpp/cmake)
[2.077s] -- Using all available rosidl_typesupport_c: rosidl_typesupport_fastrtps_c;rosidl_typesupport_introspection_c
[2.134s] -- Using all available rosidl_typesupport_cpp: rosidl_typesupport_fastrtps_cpp;rosidl_typesupport_introspection_cpp
[2.216s] -- Found rmw_implementation_cmake: 7.3.3 (/opt/ros/jazzy/share/rmw_implementation_cmake/cmake)
[2.219s] -- Found rmw_fastrtps_cpp: 8.4.3 (/opt/ros/jazzy/share/rmw_fastrtps_cpp/cmake)
[2.396s] -- Found OpenSSL: /usr/lib/x86_64-linux-gnu/libcrypto.so (found version "3.0.13")  
[2.427s] -- Found FastRTPS: /opt/ros/jazzy/include (Required is at least version "2.13") 
[2.466s] -- Using RMW implementation 'rmw_fastrtps_cpp' as default
[2.574s] -- Found std_msgs: 5.3.6 (/opt/ros/jazzy/share/std_msgs/cmake)
[2.599s] -- Found ament_lint_auto: 0.17.4 (/opt/ros/jazzy/share/ament_lint_auto/cmake)
[2.781s] -- Added test 'cppcheck' to perform static code analysis on C / C++ code
[2.783s] -- Configured cppcheck include dirs: $<BUILD_INTERFACE:/home/vboxuser/base_station_heartbeat/src/heartbeat_subscriber/include>
[2.783s] -- Configured cppcheck exclude dirs and/or files: 
[2.784s] -- Added test 'lint_cmake' to check CMake code style
[2.787s] -- Added test 'uncrustify' to check C / C++ code style
[2.787s] -- Configured uncrustify additional arguments: 
[2.793s] -- Added test 'xmllint' to check XML markup files
[2.798s] -- Configuring done (2.7s)
[2.826s] -- Generating done (0.0s)
[2.833s] -- Build files have been written to: /home/vboxuser/base_station_heartbeat/build/heartbeat_subscriber
[2.873s] Invoked command in '/home/vboxuser/base_station_heartbeat/build/heartbeat_subscriber' returned '0': CMAKE_PREFIX_PATH=${CMAKE_PREFIX_PATH}:/opt/ros/jazzy DEBUGINFOD_URLS=https://debuginfod.ubuntu.com /usr/bin/cmake /home/vboxuser/base_station_heartbeat/src/heartbeat_subscriber -DCMAKE_INSTALL_PREFIX=/home/vboxuser/base_station_heartbeat/install/heartbeat_subscriber
[2.874s] Invoking command in '/home/vboxuser/base_station_heartbeat/build/heartbeat_subscriber': CMAKE_PREFIX_PATH=${CMAKE_PREFIX_PATH}:/opt/ros/jazzy DEBUGINFOD_URLS=https://debuginfod.ubuntu.com /usr/bin/cmake --build /home/vboxuser/base_station_heartbeat/build/heartbeat_subscriber -- -j2 -l2
[3.004s] [ 50%] [32mBuilding CXX object CMakeFiles/heartbeat_subscriber.dir/src/heartbeat_subscriber.cpp.o[0m
[15.850s] [100%] [32m[1mLinking CXX executable heartbeat_subscriber[0m
[16.292s] [100%] Built target heartbeat_subscriber
[16.312s] Invoked command in '/home/vboxuser/base_station_heartbeat/build/heartbeat_subscriber' returned '0': CMAKE_PREFIX_PATH=${CMAKE_PREFIX_PATH}:/opt/ros/jazzy DEBUGINFOD_URLS=https://debuginfod.ubuntu.com /usr/bin/cmake --build /home/vboxuser/base_station_heartbeat/build/heartbeat_subscriber -- -j2 -l2
[16.314s] Invoking command in '/home/vboxuser/base_station_heartbeat/build/heartbeat_subscriber': CMAKE_PREFIX_PATH=${CMAKE_PREFIX_PATH}:/opt/ros/jazzy DEBUGINFOD_URLS=https://debuginfod.ubuntu.com /usr/bin/cmake --install /home/vboxuser/base_station_heartbeat/build/heartbeat_subscriber
[16.326s] -- Install configuration: ""
[16.326s] -- Installing: /home/vboxuser/base_station_heartbeat/install/heartbeat_subscriber/lib/heartbeat_subscriber/heartbeat_subscriber
[16.331s] -- Set non-toolchain portion of runtime path of "/home/vboxuser/base_station_heartbeat/install/heartbeat_subscriber/lib/heartbeat_subscriber/heartbeat_subscriber" to ""
[16.332s] -- Installing: /home/vboxuser/base_station_heartbeat/install/heartbeat_subscriber/share/ament_index/resource_index/package_run_dependencies/heartbeat_subscriber
[16.332s] -- Installing: /home/vboxuser/base_station_heartbeat/install/heartbeat_subscriber/share/ament_index/resource_index/parent_prefix_path/heartbeat_subscriber
[16.333s] -- Installing: /home/vboxuser/base_station_heartbeat/install/heartbeat_subscriber/share/heartbeat_subscriber/environment/ament_prefix_path.sh
[16.333s] -- Installing: /home/vboxuser/base_station_heartbeat/install/heartbeat_subscriber/share/heartbeat_subscriber/environment/ament_prefix_path.dsv
[16.334s] -- Installing: /home/vboxuser/base_station_heartbeat/install/heartbeat_subscriber/share/heartbeat_subscriber/environment/path.sh
[16.334s] -- Installing: /home/vboxuser/base_station_heartbeat/install/heartbeat_subscriber/share/heartbeat_subscriber/environment/path.dsv
[16.334s] -- Installing: /home/vboxuser/base_station_heartbeat/install/heartbeat_subscriber/share/heartbeat_subscriber/local_setup.bash
[16.334s] -- Installing: /home/vboxuser/base_station_heartbeat/install/heartbeat_subscriber/share/heartbeat_subscriber/local_setup.sh
[16.335s] -- Installing: /home/vboxuser/base_station_heartbeat/install/heartbeat_subscriber/share/heartbeat_subscriber/local_setup.zsh
[16.336s] -- Installing: /home/vboxuser/base_station_heartbeat/install/heartbeat_subscriber/share/heartbeat_subscriber/local_setup.dsv
[16.337s] -- Installing: /home/vboxuser/base_station_heartbeat/install/heartbeat_subscriber/share/heartbeat_subscriber/package.dsv
[16.337s] -- Installing: /home/vboxuser/base_station_heartbeat/install/heartbeat_subscriber/share/ament_index/resource_index/packages/heartbeat_subscriber
[16.337s] -- Installing: /home/vboxuser/base_station_heartbeat/install/heartbeat_subscriber/share/heartbeat_subscriber/cmake/heartbeat_subscriberConfig.cmake
[16.337s] -- Installing: /home/vboxuser/base_station_heartbeat/install/heartbeat_subscriber/share/heartbeat_subscriber/cmake/heartbeat_subscriberConfig-version.cmake
[16.337s] -- Installing: /home/vboxuser/base_station_heartbeat/install/heartbeat_subscriber/share/heartbeat_subscriber/package.xml
[16.341s] Invoked command in '/home/vboxuser/base_station_heartbeat/build/heartbeat_subscriber' returned '0': CMAKE_PREFIX_PATH=${CMAKE_PREFIX_PATH}:/opt/ros/jazzy DEBUGINFOD_URLS=https://debuginfod.ubuntu.com /usr/bin/cmake --install /home/vboxuser/base_station_heartbeat/build/heartbeat_subscriber
