[0.207s] DEBUG:colcon:Command line arguments: ['/usr/bin/colcon', 'build', '--cmake-args', '-DCMAKE_EXPORT_COMPILE_COMMANDS=ON']
[0.208s] DEBUG:colcon:Parsed command line arguments: Namespace(log_base=None, log_level=None, verb_name='build', build_base='build', install_base='install', merge_install=False, symlink_install=False, test_result_base=None, continue_on_error=False, executor='parallel', parallel_workers=2, event_handlers=None, ignore_user_meta=False, metas=['./colcon.meta'], base_paths=['.'], packages_ignore=None, packages_ignore_regex=None, paths=None, packages_up_to=None, packages_up_to_regex=None, packages_above=None, packages_above_and_dependencies=None, packages_above_depth=None, packages_select_by_dep=None, packages_skip_by_dep=None, packages_skip_up_to=None, packages_select_build_failed=False, packages_skip_build_finished=False, packages_select_test_failures=False, packages_skip_test_passed=False, packages_select=None, packages_skip=None, packages_select_regex=None, packages_skip_regex=None, packages_start=None, packages_end=None, allow_overriding=[], cmake_args=['-DCMAKE_EXPORT_COMPILE_COMMANDS=ON'], cmake_target=None, cmake_target_skip_unavailable=False, cmake_clean_cache=False, cmake_clean_first=False, cmake_force_configure=False, ament_cmake_args=None, catkin_cmake_args=None, catkin_skip_building_tests=False, mixin_files=None, mixin=None, verb_parser=<colcon_mixin.mixin.mixin_argument.MixinArgumentDecorator object at 0x77c217977da0>, verb_extension=<colcon_core.verb.build.BuildVerb object at 0x77c217977a10>, main=<bound method BuildVerb.main of <colcon_core.verb.build.BuildVerb object at 0x77c217977a10>>, mixin_verb=('build',))
[0.276s] Level 1:colcon.colcon_core.package_discovery:discover_packages(colcon_meta) check parameters
[0.277s] Level 1:colcon.colcon_core.package_discovery:discover_packages(recursive) check parameters
[0.277s] Level 1:colcon.colcon_core.package_discovery:discover_packages(ignore) check parameters
[0.277s] Level 1:colcon.colcon_core.package_discovery:discover_packages(path) check parameters
[0.277s] Level 1:colcon.colcon_core.package_discovery:discover_packages(colcon_meta) discover
[0.279s] Level 1:colcon.colcon_core.package_discovery:discover_packages(recursive) discover
[0.279s] INFO:colcon.colcon_core.package_discovery:Crawling recursively for packages in '/home/vboxuser/base_station_heartbeat/src'
[0.279s] Level 1:colcon.colcon_core.package_identification:_identify(.) by extensions ['ignore', 'ignore_ament_install']
[0.279s] Level 1:colcon.colcon_core.package_identification:_identify(.) by extension 'ignore'
[0.279s] Level 1:colcon.colcon_core.package_identification:_identify(.) by extension 'ignore_ament_install'
[0.279s] Level 1:colcon.colcon_core.package_identification:_identify(.) by extensions ['colcon_pkg']
[0.279s] Level 1:colcon.colcon_core.package_identification:_identify(.) by extension 'colcon_pkg'
[0.279s] Level 1:colcon.colcon_core.package_identification:_identify(.) by extensions ['colcon_meta']
[0.279s] Level 1:colcon.colcon_core.package_identification:_identify(.) by extension 'colcon_meta'
[0.279s] Level 1:colcon.colcon_core.package_identification:_identify(.) by extensions ['ros']
[0.279s] Level 1:colcon.colcon_core.package_identification:_identify(.) by extension 'ros'
[0.318s] Level 1:colcon.colcon_core.package_identification:_identify(.) by extensions ['cmake', 'python']
[0.318s] Level 1:colcon.colcon_core.package_identification:_identify(.) by extension 'cmake'
[0.319s] Level 1:colcon.colcon_core.package_identification:_identify(.) by extension 'python'
[0.319s] Level 1:colcon.colcon_core.package_identification:_identify(.) by extensions ['python_setup_py']
[0.319s] Level 1:colcon.colcon_core.package_identification:_identify(.) by extension 'python_setup_py'
[0.319s] Level 1:colcon.colcon_core.package_identification:_identify(build) by extensions ['ignore', 'ignore_ament_install']
[0.320s] Level 1:colcon.colcon_core.package_identification:_identify(build) by extension 'ignore'
[0.320s] Level 1:colcon.colcon_core.package_identification:_identify(build) ignored
[0.325s] Level 1:colcon.colcon_core.package_identification:_identify(heartbeat_publisher) by extensions ['ignore', 'ignore_ament_install']
[0.325s] Level 1:colcon.colcon_core.package_identification:_identify(heartbeat_publisher) by extension 'ignore'
[0.326s] Level 1:colcon.colcon_core.package_identification:_identify(heartbeat_publisher) by extension 'ignore_ament_install'
[0.326s] Level 1:colcon.colcon_core.package_identification:_identify(heartbeat_publisher) by extensions ['colcon_pkg']
[0.327s] Level 1:colcon.colcon_core.package_identification:_identify(heartbeat_publisher) by extension 'colcon_pkg'
[0.327s] Level 1:colcon.colcon_core.package_identification:_identify(heartbeat_publisher) by extensions ['colcon_meta']
[0.327s] Level 1:colcon.colcon_core.package_identification:_identify(heartbeat_publisher) by extension 'colcon_meta'
[0.327s] Level 1:colcon.colcon_core.package_identification:_identify(heartbeat_publisher) by extensions ['ros']
[0.327s] Level 1:colcon.colcon_core.package_identification:_identify(heartbeat_publisher) by extension 'ros'
[0.330s] DEBUG:colcon.colcon_core.package_identification:Package 'heartbeat_publisher' with type 'ros.ament_cmake' and name 'heartbeat_publisher'
[0.331s] Level 1:colcon.colcon_core.package_identification:_identify(heartbeat_subscriber) by extensions ['ignore', 'ignore_ament_install']
[0.331s] Level 1:colcon.colcon_core.package_identification:_identify(heartbeat_subscriber) by extension 'ignore'
[0.331s] Level 1:colcon.colcon_core.package_identification:_identify(heartbeat_subscriber) by extension 'ignore_ament_install'
[0.331s] Level 1:colcon.colcon_core.package_identification:_identify(heartbeat_subscriber) by extensions ['colcon_pkg']
[0.331s] Level 1:colcon.colcon_core.package_identification:_identify(heartbeat_subscriber) by extension 'colcon_pkg'
[0.331s] Level 1:colcon.colcon_core.package_identification:_identify(heartbeat_subscriber) by extensions ['colcon_meta']
[0.331s] Level 1:colcon.colcon_core.package_identification:_identify(heartbeat_subscriber) by extension 'colcon_meta'
[0.331s] Level 1:colcon.colcon_core.package_identification:_identify(heartbeat_subscriber) by extensions ['ros']
[0.331s] Level 1:colcon.colcon_core.package_identification:_identify(heartbeat_subscriber) by extension 'ros'
[0.332s] DEBUG:colcon.colcon_core.package_identification:Package 'heartbeat_subscriber' with type 'ros.ament_cmake' and name 'heartbeat_subscriber'
[0.333s] Level 1:colcon.colcon_core.package_identification:_identify(install) by extensions ['ignore', 'ignore_ament_install']
[0.333s] Level 1:colcon.colcon_core.package_identification:_identify(install) by extension 'ignore'
[0.333s] Level 1:colcon.colcon_core.package_identification:_identify(install) ignored
[0.333s] Level 1:colcon.colcon_core.package_identification:_identify(log) by extensions ['ignore', 'ignore_ament_install']
[0.333s] Level 1:colcon.colcon_core.package_identification:_identify(log) by extension 'ignore'
[0.333s] Level 1:colcon.colcon_core.package_identification:_identify(log) ignored
[0.333s] Level 1:colcon.colcon_core.package_discovery:discover_packages(recursive) using defaults
[0.333s] Level 1:colcon.colcon_core.package_discovery:discover_packages(ignore) discover
[0.333s] Level 1:colcon.colcon_core.package_discovery:discover_packages(ignore) using defaults
[0.333s] Level 1:colcon.colcon_core.package_discovery:discover_packages(path) discover
[0.333s] Level 1:colcon.colcon_core.package_discovery:discover_packages(path) using defaults
[0.358s] Level 1:colcon.colcon_core.package_discovery:discover_packages(prefix_path) check parameters
[0.361s] Level 1:colcon.colcon_core.package_discovery:discover_packages(prefix_path) discover
[0.366s] DEBUG:colcon.colcon_installed_package_information.package_discovery:Found 1 installed packages in /home/vboxuser/base_station_heartbeat/install
[0.371s] DEBUG:colcon.colcon_installed_package_information.package_discovery:Found 286 installed packages in /opt/ros/jazzy
[0.373s] Level 1:colcon.colcon_core.package_discovery:discover_packages(prefix_path) using defaults
[0.434s] Level 5:colcon.colcon_core.verb:set package 'heartbeat_publisher' build argument 'cmake_args' from command line to '['-DCMAKE_EXPORT_COMPILE_COMMANDS=ON']'
[0.438s] Level 5:colcon.colcon_core.verb:set package 'heartbeat_publisher' build argument 'cmake_target' from command line to 'None'
[0.439s] Level 5:colcon.colcon_core.verb:set package 'heartbeat_publisher' build argument 'cmake_target_skip_unavailable' from command line to 'False'
[0.439s] Level 5:colcon.colcon_core.verb:set package 'heartbeat_publisher' build argument 'cmake_clean_cache' from command line to 'False'
[0.439s] Level 5:colcon.colcon_core.verb:set package 'heartbeat_publisher' build argument 'cmake_clean_first' from command line to 'False'
[0.439s] Level 5:colcon.colcon_core.verb:set package 'heartbeat_publisher' build argument 'cmake_force_configure' from command line to 'False'
[0.439s] Level 5:colcon.colcon_core.verb:set package 'heartbeat_publisher' build argument 'ament_cmake_args' from command line to 'None'
[0.439s] Level 5:colcon.colcon_core.verb:set package 'heartbeat_publisher' build argument 'catkin_cmake_args' from command line to 'None'
[0.439s] Level 5:colcon.colcon_core.verb:set package 'heartbeat_publisher' build argument 'catkin_skip_building_tests' from command line to 'False'
[0.440s] DEBUG:colcon.colcon_core.verb:Building package 'heartbeat_publisher' with the following arguments: {'ament_cmake_args': None, 'build_base': '/home/vboxuser/base_station_heartbeat/src/build/heartbeat_publisher', 'catkin_cmake_args': None, 'catkin_skip_building_tests': False, 'cmake_args': ['-DCMAKE_EXPORT_COMPILE_COMMANDS=ON'], 'cmake_clean_cache': False, 'cmake_clean_first': False, 'cmake_force_configure': False, 'cmake_target': None, 'cmake_target_skip_unavailable': False, 'install_base': '/home/vboxuser/base_station_heartbeat/src/install/heartbeat_publisher', 'merge_install': False, 'path': '/home/vboxuser/base_station_heartbeat/src/heartbeat_publisher', 'symlink_install': False, 'test_result_base': None}
[0.442s] Level 5:colcon.colcon_core.verb:set package 'heartbeat_subscriber' build argument 'cmake_args' from command line to '['-DCMAKE_EXPORT_COMPILE_COMMANDS=ON']'
[0.442s] Level 5:colcon.colcon_core.verb:set package 'heartbeat_subscriber' build argument 'cmake_target' from command line to 'None'
[0.442s] Level 5:colcon.colcon_core.verb:set package 'heartbeat_subscriber' build argument 'cmake_target_skip_unavailable' from command line to 'False'
[0.442s] Level 5:colcon.colcon_core.verb:set package 'heartbeat_subscriber' build argument 'cmake_clean_cache' from command line to 'False'
[0.442s] Level 5:colcon.colcon_core.verb:set package 'heartbeat_subscriber' build argument 'cmake_clean_first' from command line to 'False'
[0.442s] Level 5:colcon.colcon_core.verb:set package 'heartbeat_subscriber' build argument 'cmake_force_configure' from command line to 'False'
[0.442s] Level 5:colcon.colcon_core.verb:set package 'heartbeat_subscriber' build argument 'ament_cmake_args' from command line to 'None'
[0.442s] Level 5:colcon.colcon_core.verb:set package 'heartbeat_subscriber' build argument 'catkin_cmake_args' from command line to 'None'
[0.442s] Level 5:colcon.colcon_core.verb:set package 'heartbeat_subscriber' build argument 'catkin_skip_building_tests' from command line to 'False'
[0.442s] DEBUG:colcon.colcon_core.verb:Building package 'heartbeat_subscriber' with the following arguments: {'ament_cmake_args': None, 'build_base': '/home/vboxuser/base_station_heartbeat/src/build/heartbeat_subscriber', 'catkin_cmake_args': None, 'catkin_skip_building_tests': False, 'cmake_args': ['-DCMAKE_EXPORT_COMPILE_COMMANDS=ON'], 'cmake_clean_cache': False, 'cmake_clean_first': False, 'cmake_force_configure': False, 'cmake_target': None, 'cmake_target_skip_unavailable': False, 'install_base': '/home/vboxuser/base_station_heartbeat/src/install/heartbeat_subscriber', 'merge_install': False, 'path': '/home/vboxuser/base_station_heartbeat/src/heartbeat_subscriber', 'symlink_install': False, 'test_result_base': None}
[0.443s] INFO:colcon.colcon_core.executor:Executing jobs using 'parallel' executor
[0.444s] DEBUG:colcon.colcon_parallel_executor.executor.parallel:run_until_complete
[0.445s] INFO:colcon.colcon_ros.task.ament_cmake.build:Building ROS package in '/home/vboxuser/base_station_heartbeat/src/heartbeat_publisher' with build type 'ament_cmake'
[0.445s] INFO:colcon.colcon_cmake.task.cmake.build:Building CMake package in '/home/vboxuser/base_station_heartbeat/src/heartbeat_publisher'
[0.451s] INFO:colcon.colcon_core.plugin_system:Skipping extension 'colcon_core.shell.bat': Not used on non-Windows systems
[0.451s] INFO:colcon.colcon_core.shell:Skip shell extension 'powershell' for command environment: Not usable outside of PowerShell
[0.451s] DEBUG:colcon.colcon_core.shell:Skip shell extension 'dsv' for command environment
[0.460s] INFO:colcon.colcon_ros.task.ament_cmake.build:Building ROS package in '/home/vboxuser/base_station_heartbeat/src/heartbeat_subscriber' with build type 'ament_cmake'
[0.461s] INFO:colcon.colcon_cmake.task.cmake.build:Building CMake package in '/home/vboxuser/base_station_heartbeat/src/heartbeat_subscriber'
[0.461s] INFO:colcon.colcon_core.shell:Skip shell extension 'powershell' for command environment: Not usable outside of PowerShell
[0.461s] DEBUG:colcon.colcon_core.shell:Skip shell extension 'dsv' for command environment
[0.488s] DEBUG:colcon.colcon_core.event_handler.log_command:Invoking command in '/home/vboxuser/base_station_heartbeat/src/build/heartbeat_publisher': CMAKE_PREFIX_PATH=${CMAKE_PREFIX_PATH}:/opt/ros/jazzy DEBUGINFOD_URLS=https://debuginfod.ubuntu.com /usr/bin/cmake /home/vboxuser/base_station_heartbeat/src/heartbeat_publisher -DCMAKE_EXPORT_COMPILE_COMMANDS=ON -DCMAKE_INSTALL_PREFIX=/home/vboxuser/base_station_heartbeat/src/install/heartbeat_publisher
[0.494s] DEBUG:colcon.colcon_core.event_handler.log_command:Invoking command in '/home/vboxuser/base_station_heartbeat/src/build/heartbeat_subscriber': CMAKE_PREFIX_PATH=${CMAKE_PREFIX_PATH}:/opt/ros/jazzy DEBUGINFOD_URLS=https://debuginfod.ubuntu.com /usr/bin/cmake /home/vboxuser/base_station_heartbeat/src/heartbeat_subscriber -DCMAKE_EXPORT_COMPILE_COMMANDS=ON -DCMAKE_INSTALL_PREFIX=/home/vboxuser/base_station_heartbeat/src/install/heartbeat_subscriber
[4.413s] DEBUG:colcon.colcon_core.event_handler.log_command:Invoked command in '/home/vboxuser/base_station_heartbeat/src/build/heartbeat_subscriber' returned '1': CMAKE_PREFIX_PATH=${CMAKE_PREFIX_PATH}:/opt/ros/jazzy DEBUGINFOD_URLS=https://debuginfod.ubuntu.com /usr/bin/cmake /home/vboxuser/base_station_heartbeat/src/heartbeat_subscriber -DCMAKE_EXPORT_COMPILE_COMMANDS=ON -DCMAKE_INSTALL_PREFIX=/home/vboxuser/base_station_heartbeat/src/install/heartbeat_subscriber
[4.463s] Level 1:colcon.colcon_core.environment:create_environment_scripts_only(heartbeat_subscriber)
[4.467s] Level 1:colcon.colcon_core.environment:checking '/home/vboxuser/base_station_heartbeat/src/install/heartbeat_subscriber' for CMake module files
[4.468s] Level 1:colcon.colcon_core.environment:checking '/home/vboxuser/base_station_heartbeat/src/install/heartbeat_subscriber' for CMake config files
[4.469s] Level 1:colcon.colcon_core.environment:checking '/home/vboxuser/base_station_heartbeat/src/install/heartbeat_subscriber/bin'
[4.469s] Level 1:colcon.colcon_core.environment:checking '/home/vboxuser/base_station_heartbeat/src/install/heartbeat_subscriber/lib/pkgconfig/heartbeat_subscriber.pc'
[4.470s] Level 1:colcon.colcon_core.environment:checking '/home/vboxuser/base_station_heartbeat/src/install/heartbeat_subscriber/lib/python3.12/site-packages'
[4.470s] Level 1:colcon.colcon_core.environment:checking '/home/vboxuser/base_station_heartbeat/src/install/heartbeat_subscriber/bin'
[4.471s] INFO:colcon.colcon_core.shell:Creating package script '/home/vboxuser/base_station_heartbeat/src/install/heartbeat_subscriber/share/heartbeat_subscriber/package.ps1'
[4.472s] INFO:colcon.colcon_core.shell:Creating package descriptor '/home/vboxuser/base_station_heartbeat/src/install/heartbeat_subscriber/share/heartbeat_subscriber/package.dsv'
[4.473s] INFO:colcon.colcon_core.shell:Creating package script '/home/vboxuser/base_station_heartbeat/src/install/heartbeat_subscriber/share/heartbeat_subscriber/package.sh'
[4.473s] INFO:colcon.colcon_core.shell:Creating package script '/home/vboxuser/base_station_heartbeat/src/install/heartbeat_subscriber/share/heartbeat_subscriber/package.bash'
[4.474s] INFO:colcon.colcon_core.shell:Creating package script '/home/vboxuser/base_station_heartbeat/src/install/heartbeat_subscriber/share/heartbeat_subscriber/package.zsh'
[4.475s] Level 1:colcon.colcon_core.environment:create_file_with_runtime_dependencies(/home/vboxuser/base_station_heartbeat/src/install/heartbeat_subscriber/share/colcon-core/packages/heartbeat_subscriber)
[4.635s] DEBUG:colcon.colcon_parallel_executor.executor.parallel:closing loop
[4.636s] DEBUG:colcon.colcon_parallel_executor.executor.parallel:loop closed
[4.637s] DEBUG:colcon.colcon_parallel_executor.executor.parallel:run_until_complete finished with '1'
[4.641s] DEBUG:colcon.colcon_core.event_reactor:joining thread
[4.649s] INFO:colcon.colcon_core.plugin_system:Skipping extension 'colcon_notification.desktop_notification.terminal_notifier': Not used on non-Darwin systems
[4.649s] INFO:colcon.colcon_core.plugin_system:Skipping extension 'colcon_notification.desktop_notification.win32': Not used on non-Windows systems
[4.649s] INFO:colcon.colcon_notification.desktop_notification:Sending desktop notification using 'notify2'
[4.678s] DEBUG:colcon.colcon_core.event_reactor:joined thread
[4.679s] INFO:colcon.colcon_core.shell:Creating prefix script '/home/vboxuser/base_station_heartbeat/src/install/local_setup.ps1'
[4.680s] INFO:colcon.colcon_core.shell:Creating prefix util module '/home/vboxuser/base_station_heartbeat/src/install/_local_setup_util_ps1.py'
[4.682s] INFO:colcon.colcon_core.shell:Creating prefix chain script '/home/vboxuser/base_station_heartbeat/src/install/setup.ps1'
[4.683s] INFO:colcon.colcon_core.shell:Creating prefix script '/home/vboxuser/base_station_heartbeat/src/install/local_setup.sh'
[4.684s] INFO:colcon.colcon_core.shell:Creating prefix util module '/home/vboxuser/base_station_heartbeat/src/install/_local_setup_util_sh.py'
[4.691s] INFO:colcon.colcon_core.shell:Creating prefix chain script '/home/vboxuser/base_station_heartbeat/src/install/setup.sh'
[4.692s] INFO:colcon.colcon_core.shell:Creating prefix script '/home/vboxuser/base_station_heartbeat/src/install/local_setup.bash'
[4.693s] INFO:colcon.colcon_core.shell:Creating prefix chain script '/home/vboxuser/base_station_heartbeat/src/install/setup.bash'
[4.694s] INFO:colcon.colcon_core.shell:Creating prefix script '/home/vboxuser/base_station_heartbeat/src/install/local_setup.zsh'
[4.694s] INFO:colcon.colcon_core.shell:Creating prefix chain script '/home/vboxuser/base_station_heartbeat/src/install/setup.zsh'
