[0.029s] Invoking command in '/home/vboxuser/base_station_heartbeat/build/heartbeat_publisher': CMAKE_PREFIX_PATH=${CMAKE_PREFIX_PATH}:/opt/ros/jazzy DEBUGINFOD_URLS=https://debuginfod.ubuntu.com /usr/bin/cmake /home/vboxuser/base_station_heartbeat/src/heartbeat_publisher -DCMAKE_EXPORT_COMPILE_COMMANDS=ON -DCMAKE_INSTALL_PREFIX=/home/vboxuser/base_station_heartbeat/install/heartbeat_publisher
[0.060s] -- Found ament_cmake: 2.5.5 (/opt/ros/jazzy/share/ament_cmake/cmake)
[0.420s] -- Found rclcpp: 28.1.16 (/opt/ros/jazzy/share/rclcpp/cmake)
[0.460s] -- Found rosidl_generator_c: 4.6.7 (/opt/ros/jazzy/share/rosidl_generator_c/cmake)
[0.468s] -- Found rosidl_generator_cpp: 4.6.7 (/opt/ros/jazzy/share/rosidl_generator_cpp/cmake)
[0.484s] -- Using all available rosidl_typesupport_c: rosidl_typesupport_fastrtps_c;rosidl_typesupport_introspection_c
[0.520s] -- Using all available rosidl_typesupport_cpp: rosidl_typesupport_fastrtps_cpp;rosidl_typesupport_introspection_cpp
[0.582s] -- Found rmw_implementation_cmake: 7.3.3 (/opt/ros/jazzy/share/rmw_implementation_cmake/cmake)
[0.584s] -- Found rmw_fastrtps_cpp: 8.4.3 (/opt/ros/jazzy/share/rmw_fastrtps_cpp/cmake)
[0.704s] -- Using RMW implementation 'rmw_fastrtps_cpp' as default
[0.793s] -- Found std_msgs: 5.3.6 (/opt/ros/jazzy/share/std_msgs/cmake)
[0.821s] -- Found ament_lint_auto: 0.17.4 (/opt/ros/jazzy/share/ament_lint_auto/cmake)
[0.955s] -- Added test 'cppcheck' to perform static code analysis on C / C++ code
[0.956s] -- Configured cppcheck include dirs: $<BUILD_INTERFACE:/home/vboxuser/base_station_heartbeat/src/heartbeat_publisher/include>
[0.956s] -- Configured cppcheck exclude dirs and/or files: 
[0.961s] -- Added test 'lint_cmake' to check CMake code style
[0.964s] -- Added test 'uncrustify' to check C / C++ code style
[0.964s] -- Configured uncrustify additional arguments: 
[0.964s] -- Added test 'xmllint' to check XML markup files
[0.968s] -- Configuring done (0.9s)
[0.986s] -- Generating done (0.0s)
[0.991s] -- Build files have been written to: /home/vboxuser/base_station_heartbeat/build/heartbeat_publisher
[1.000s] Invoked command in '/home/vboxuser/base_station_heartbeat/build/heartbeat_publisher' returned '0': CMAKE_PREFIX_PATH=${CMAKE_PREFIX_PATH}:/opt/ros/jazzy DEBUGINFOD_URLS=https://debuginfod.ubuntu.com /usr/bin/cmake /home/vboxuser/base_station_heartbeat/src/heartbeat_publisher -DCMAKE_EXPORT_COMPILE_COMMANDS=ON -DCMAKE_INSTALL_PREFIX=/home/vboxuser/base_station_heartbeat/install/heartbeat_publisher
[1.001s] Invoking command in '/home/vboxuser/base_station_heartbeat/build/heartbeat_publisher': CMAKE_PREFIX_PATH=${CMAKE_PREFIX_PATH}:/opt/ros/jazzy DEBUGINFOD_URLS=https://debuginfod.ubuntu.com /usr/bin/cmake --build /home/vboxuser/base_station_heartbeat/build/heartbeat_publisher -- -j2 -l2
[1.147s] [100%] Built target heartbeat_publisher
[1.181s] Invoked command in '/home/vboxuser/base_station_heartbeat/build/heartbeat_publisher' returned '0': CMAKE_PREFIX_PATH=${CMAKE_PREFIX_PATH}:/opt/ros/jazzy DEBUGINFOD_URLS=https://debuginfod.ubuntu.com /usr/bin/cmake --build /home/vboxuser/base_station_heartbeat/build/heartbeat_publisher -- -j2 -l2
[1.200s] Invoking command in '/home/vboxuser/base_station_heartbeat/build/heartbeat_publisher': CMAKE_PREFIX_PATH=${CMAKE_PREFIX_PATH}:/opt/ros/jazzy DEBUGINFOD_URLS=https://debuginfod.ubuntu.com /usr/bin/cmake --install /home/vboxuser/base_station_heartbeat/build/heartbeat_publisher
[1.211s] -- Install configuration: ""
[1.212s] -- Up-to-date: /home/vboxuser/base_station_heartbeat/install/heartbeat_publisher/lib/heartbeat_publisher/heartbeat_publisher
[1.212s] -- Up-to-date: /home/vboxuser/base_station_heartbeat/install/heartbeat_publisher/share/ament_index/resource_index/package_run_dependencies/heartbeat_publisher
[1.212s] -- Up-to-date: /home/vboxuser/base_station_heartbeat/install/heartbeat_publisher/share/ament_index/resource_index/parent_prefix_path/heartbeat_publisher
[1.212s] -- Up-to-date: /home/vboxuser/base_station_heartbeat/install/heartbeat_publisher/share/heartbeat_publisher/environment/ament_prefix_path.sh
[1.212s] -- Up-to-date: /home/vboxuser/base_station_heartbeat/install/heartbeat_publisher/share/heartbeat_publisher/environment/ament_prefix_path.dsv
[1.212s] -- Up-to-date: /home/vboxuser/base_station_heartbeat/install/heartbeat_publisher/share/heartbeat_publisher/environment/path.sh
[1.212s] -- Up-to-date: /home/vboxuser/base_station_heartbeat/install/heartbeat_publisher/share/heartbeat_publisher/environment/path.dsv
[1.212s] -- Up-to-date: /home/vboxuser/base_station_heartbeat/install/heartbeat_publisher/share/heartbeat_publisher/local_setup.bash
[1.212s] -- Up-to-date: /home/vboxuser/base_station_heartbeat/install/heartbeat_publisher/share/heartbeat_publisher/local_setup.sh
[1.212s] -- Up-to-date: /home/vboxuser/base_station_heartbeat/install/heartbeat_publisher/share/heartbeat_publisher/local_setup.zsh
[1.212s] -- Up-to-date: /home/vboxuser/base_station_heartbeat/install/heartbeat_publisher/share/heartbeat_publisher/local_setup.dsv
[1.212s] -- Installing: /home/vboxuser/base_station_heartbeat/install/heartbeat_publisher/share/heartbeat_publisher/package.dsv
[1.214s] -- Up-to-date: /home/vboxuser/base_station_heartbeat/install/heartbeat_publisher/share/ament_index/resource_index/packages/heartbeat_publisher
[1.214s] -- Up-to-date: /home/vboxuser/base_station_heartbeat/install/heartbeat_publisher/share/heartbeat_publisher/cmake/heartbeat_publisherConfig.cmake
[1.214s] -- Up-to-date: /home/vboxuser/base_station_heartbeat/install/heartbeat_publisher/share/heartbeat_publisher/cmake/heartbeat_publisherConfig-version.cmake
[1.214s] -- Up-to-date: /home/vboxuser/base_station_heartbeat/install/heartbeat_publisher/share/heartbeat_publisher/package.xml
[1.217s] Invoked command in '/home/vboxuser/base_station_heartbeat/build/heartbeat_publisher' returned '0': CMAKE_PREFIX_PATH=${CMAKE_PREFIX_PATH}:/opt/ros/jazzy DEBUGINFOD_URLS=https://debuginfod.ubuntu.com /usr/bin/cmake --install /home/vboxuser/base_station_heartbeat/build/heartbeat_publisher
